13:15:41 | INFO    | Loading dataset from neonatal_sepsis_late_fusion_data_v1.npz
13:15:41 | INFO    | Dataset summary: {
  "channel_names": [
    "heart_rate",
    "temperature",
    "respiratory_rate",
    "fio2",
    "sa02",
    "heart_rate_observed_mask",
    "temperature_observed_mask",
    "respiratory_rate_observed_mask",
    "fio2_observed_mask",
    "sa02_observed_mask",
    "source_temp_c",
    "source_temp_axillary_f",
    "source_temp_rectal_f",
    "source_fio2",
    "source_fio2_imputed",
    "source_heart_rate",
    "source_respiratory_rate",
    "source_sa02"
  ],
  "label_names": [
    "control",
    "sepsis"
  ],
  "splits": {
    "train": 2205,
    "val": 276,
    "test": 276
  },
  "label_balance": {
    "train": [
      846,
      1359
    ],
    "val": [
      106,
      170
    ],
    "test": [
      106,
      170
    ]
  },
  "horizon_max": 24,
  "has_static_features": true,
  "n_static_features": 9
}
13:15:41 | INFO    | ==============================================================================
13:15:41 | INFO    | Plan: 12 CNN-Attn-BiLSTM training runs = 4 horizon(s) x 3 channel set(s) x 1 static mode(s)
13:15:41 | INFO    |       48 result rows = training runs x 4 threshold mode(s)
13:15:41 | INFO    | Horizons        : [6, 12, 18, 24]
13:15:41 | INFO    | Channel sets    : ['values', 'values_masks', 'full']
13:15:41 | INFO    | Static modes    : ['static']
13:15:41 | INFO    | Threshold modes : ['max_f1', 'max_balanced_accuracy', 'sensitivity_at_specificity', 'specificity_at_sensitivity']
13:15:41 | INFO    | Per-experiment  : epochs<=100 | batch_size=64 | early_stop=12 | monitor=auprc | device=auto
13:15:41 | INFO    | ==============================================================================
13:15:41 | INFO    | [1/12] Starting h06__values__static_static | elapsed=00:00 | eta=??:??
13:15:47 | INFO    | ------------------------------------------------------------------------------
13:15:47 | INFO    | Experiment: horizon=6h | channel_set=values
13:15:47 | INFO    | Device     : cuda
13:15:47 | INFO    | Input      : mode=static | (T=6, C=5, static=9) | total_features=14 | train=(2205, 6, 5) val=(276, 6, 5) test=(276, 6, 5)
13:15:47 | INFO    | Class bal  : train pos=1,359 neg=846 (pos_frac=0.616) | val pos=170 neg=106 | test pos=170 neg=106
13:15:47 | INFO    | Loss       : BCE | pos_weight=0.623 | sampler=off
13:15:47 | INFO    | Optim      : AdamW lr=1.00e-03 wd=1.00e-04 | grad_clip=1.00
13:15:47 | INFO    | Schedule   : ReduceLROnPlateau (monitor=auprc, factor=0.5, patience=6)
13:15:47 | INFO    | Stopping   : early_stop_patience=12 | epochs<=100
13:15:47 | INFO    | Model      : params=517,716 | conv=(64, 128) | kernels=(3, 5) | dilations=(1, 2) | lstm=2x96 | head=96 | dropout=0.30 | static_hidden=32 static_dropout=0.10
13:15:47 | INFO    | Train      : batch_size=64 | batches/epoch=35
13:15:47 | INFO    | ------------------------------------------------------------------------------
13:15:50 | INFO    | Epoch   1/100 |   3.2s | train_loss=0.4974 | val AUROC=0.7237 AUPRC=0.8295 F1=0.7623 sens=1.0000 spec=0.0000 | thr=0.315 | lr=1.00e-03 | NEW BEST auprc=0.8295 | elapsed=00:03 eta=00:42
13:15:50 | INFO    | Epoch   2/100 |   0.3s | train_loss=0.4826 | val AUROC=0.7274 AUPRC=0.8266 F1=0.7644 sens=0.8588 spec=0.3774 | thr=0.345 | lr=1.00e-03 | no improve (auprc=0.8266, best=0.8295, stale=1/12) | elapsed=00:03 eta=00:22
13:15:50 | INFO    | Epoch   3/100 |   0.3s | train_loss=0.4642 | val AUROC=0.7221 AUPRC=0.8219 F1=0.7769 sens=0.8706 spec=0.4057 | thr=0.270 | lr=1.00e-03 | no improve (auprc=0.8219, best=0.8295, stale=2/12) | elapsed=00:03 eta=00:15
13:15:51 | INFO    | Epoch   4/100 |   0.3s | train_loss=0.4658 | val AUROC=0.7468 AUPRC=0.8445 F1=0.7763 sens=0.8471 spec=0.4623 | thr=0.366 | lr=1.00e-03 | NEW BEST auprc=0.8445 (+0.0150) | elapsed=00:04 eta=00:11
13:15:51 | INFO    | Epoch   5/100 |   0.3s | train_loss=0.4519 | val AUROC=0.7593 AUPRC=0.8519 F1=0.7835 sens=0.8941 spec=0.3774 | thr=0.363 | lr=1.00e-03 | NEW BEST auprc=0.8519 (+0.0074) | elapsed=00:04 eta=00:11
13:15:51 | INFO    | Epoch   6/100 |   0.3s | train_loss=0.4481 | val AUROC=0.7356 AUPRC=0.8333 F1=0.7744 sens=0.8882 spec=0.3491 | thr=0.234 | lr=1.00e-03 | no improve (auprc=0.8333, best=0.8519, stale=1/12) | elapsed=00:04 eta=00:09
13:15:51 | INFO    | Epoch   7/100 |   0.3s | train_loss=0.4507 | val AUROC=0.7598 AUPRC=0.8532 F1=0.7801 sens=0.8765 spec=0.4057 | thr=0.335 | lr=1.00e-03 | NEW BEST auprc=0.8532 (+0.0013) | elapsed=00:04 eta=00:08
13:15:52 | INFO    | Epoch   8/100 |   0.3s | train_loss=0.4353 | val AUROC=0.7376 AUPRC=0.8366 F1=0.7743 sens=0.9588 spec=0.1698 | thr=0.238 | lr=1.00e-03 | no improve (auprc=0.8366, best=0.8532, stale=1/12) | elapsed=00:05 eta=00:08
13:15:52 | INFO    | Epoch   9/100 |   0.3s | train_loss=0.4293 | val AUROC=0.7353 AUPRC=0.8239 F1=0.7733 sens=0.9529 spec=0.1792 | thr=0.167 | lr=1.00e-03 | no improve (auprc=0.8239, best=0.8532, stale=2/12) | elapsed=00:05 eta=00:07
13:15:52 | INFO    | Epoch  10/100 |   0.3s | train_loss=0.4235 | val AUROC=0.7449 AUPRC=0.8412 F1=0.7828 sens=0.9118 spec=0.3302 | thr=0.256 | lr=1.00e-03 | no improve (auprc=0.8412, best=0.8532, stale=3/12) | elapsed=00:05 eta=00:06
13:15:53 | INFO    | Epoch  11/100 |   0.3s | train_loss=0.4106 | val AUROC=0.7436 AUPRC=0.8234 F1=0.7740 sens=0.8765 spec=0.3774 | thr=0.264 | lr=1.00e-03 | no improve (auprc=0.8234, best=0.8532, stale=4/12) | elapsed=00:05 eta=00:05
13:15:53 | INFO    | Epoch  12/100 |   0.3s | train_loss=0.4052 | val AUROC=0.7458 AUPRC=0.8452 F1=0.7718 sens=0.9353 spec=0.2170 | thr=0.176 | lr=1.00e-03 | no improve (auprc=0.8452, best=0.8532, stale=5/12) | elapsed=00:06 eta=00:04
13:15:53 | INFO    | Epoch  13/100 |   0.3s | train_loss=0.3915 | val AUROC=0.7403 AUPRC=0.8372 F1=0.7688 sens=0.8706 spec=0.3679 | thr=0.177 | lr=1.00e-03 | no improve (auprc=0.8372, best=0.8532, stale=6/12) | elapsed=00:06 eta=00:03
13:15:53 | INFO    | Epoch  14/100 |   0.3s | train_loss=0.3859 | val AUROC=0.7527 AUPRC=0.8311 F1=0.7875 sens=0.8176 spec=0.5849 | thr=0.372 | lr=5.00e-04 | no improve (auprc=0.8311, best=0.8532, stale=7/12) | elapsed=00:06 eta=00:03
13:15:54 | INFO    | Epoch  15/100 |   0.3s | train_loss=0.3552 | val AUROC=0.7318 AUPRC=0.8345 F1=0.7721 sens=0.9765 spec=0.1132 | thr=0.111 | lr=5.00e-04 | no improve (auprc=0.8345, best=0.8532, stale=8/12) | elapsed=00:07 eta=00:02
13:15:54 | INFO    | Epoch  16/100 |   0.3s | train_loss=0.3398 | val AUROC=0.7451 AUPRC=0.8360 F1=0.7742 sens=0.9882 spec=0.0943 | thr=0.063 | lr=5.00e-04 | no improve (auprc=0.8360, best=0.8532, stale=9/12) | elapsed=00:07 eta=00:02
13:15:54 | INFO    | Epoch  17/100 |   0.3s | train_loss=0.3360 | val AUROC=0.7198 AUPRC=0.8242 F1=0.7775 sens=0.9765 spec=0.1415 | thr=0.098 | lr=5.00e-04 | no improve (auprc=0.8242, best=0.8532, stale=10/12) | elapsed=00:07 eta=00:01
13:15:54 | INFO    | Epoch  18/100 |   0.3s | train_loss=0.3143 | val AUROC=0.7165 AUPRC=0.8158 F1=0.7714 sens=0.9824 spec=0.0943 | thr=0.034 | lr=5.00e-04 | no improve (auprc=0.8158, best=0.8532, stale=11/12) | elapsed=00:07 eta=00:01
13:15:55 | INFO    | Epoch  19/100 |   0.3s | train_loss=0.3170 | val AUROC=0.7376 AUPRC=0.8358 F1=0.7717 sens=0.9941 spec=0.0660 | thr=0.036 | lr=5.00e-04 | no improve (auprc=0.8358, best=0.8532, stale=12/12) | elapsed=00:08 eta=00:00
13:15:55 | INFO    | Early stopping at epoch 19 (no improvement for 12 epochs; best was epoch 7, auprc=0.8532)
13:15:55 | INFO    | Training summary: epochs_run=19 | best_epoch=7 | best_auprc=0.8532 | total_time=00:08 | avg_epoch=0.42s
13:15:55 | INFO    | Final eval: running validation and test passes with best checkpoint ...
13:15:55 | INFO    | Final test  | AUROC=0.7321 AUPRC=0.8253 F1=0.7749 sens=0.8706 spec=0.3962 bal_acc=0.6334 thr=0.335
13:15:55 | INFO    | Final val   | AUROC=0.7598 AUPRC=0.8532 F1=0.7801 sens=0.8765 spec=0.4057
13:15:58 | INFO    |   -> h06__values__static_static | trained_in=00:08 | 4 threshold mode(s)
13:15:58 | INFO    |      [max_f1] test AUROC=0.7321 AUPRC=0.8253 F1=0.7749 sens=0.8706 spec=0.3962 thr=0.335
13:15:58 | INFO    |      [max_balanced_accuracy] test AUROC=0.7321 AUPRC=0.8253 F1=0.5809 sens=0.4647 spec=0.7830 thr=0.649
13:15:58 | INFO    |      [sensitivity_at_specificity] test AUROC=0.7321 AUPRC=0.8253 F1=0.6815 sens=0.6294 spec=0.6509 thr=0.499
13:15:58 | INFO    |      [specificity_at_sensitivity] test AUROC=0.7321 AUPRC=0.8253 F1=0.7960 sens=0.9294 spec=0.3491 thr=0.305
13:15:58 | INFO    |   progress | done=1/12 | elapsed=00:16 | avg/exp=00:16 | eta=02:59
13:15:58 | INFO    | [2/12] Starting h06__values_masks__static_static | elapsed=00:16 | eta=02:59
13:15:58 | INFO    | ------------------------------------------------------------------------------
13:15:58 | INFO    | Experiment: horizon=6h | channel_set=values_masks
13:15:58 | INFO    | Device     : cuda
13:15:58 | INFO    | Input      : mode=static | (T=6, C=10, static=9) | total_features=19 | train=(2205, 6, 10) val=(276, 6, 10) test=(276, 6, 10)
13:15:58 | INFO    | Class bal  : train pos=1,359 neg=846 (pos_frac=0.616) | val pos=170 neg=106 | test pos=170 neg=106
13:15:58 | INFO    | Loss       : BCE | pos_weight=0.623 | sampler=off
13:15:58 | INFO    | Optim      : AdamW lr=1.00e-03 wd=1.00e-04 | grad_clip=1.00
13:15:58 | INFO    | Schedule   : ReduceLROnPlateau (monitor=auprc, factor=0.5, patience=6)
13:15:58 | INFO    | Stopping   : early_stop_patience=12 | epochs<=100
13:15:58 | INFO    | Model      : params=518,996 | conv=(64, 128) | kernels=(3, 5) | dilations=(1, 2) | lstm=2x96 | head=96 | dropout=0.30 | static_hidden=32 static_dropout=0.10
13:15:58 | INFO    | Train      : batch_size=64 | batches/epoch=35
13:15:58 | INFO    | ------------------------------------------------------------------------------
13:15:58 | INFO    | Epoch   1/100 |   0.3s | train_loss=0.5001 | val AUROC=0.6928 AUPRC=0.7979 F1=0.7688 sens=0.8706 spec=0.3679 | thr=0.289 | lr=1.00e-03 | NEW BEST auprc=0.7979 | elapsed=00:00 eta=00:03
13:15:58 | INFO    | Epoch   2/100 |   0.3s | train_loss=0.4818 | val AUROC=0.7287 AUPRC=0.8337 F1=0.7786 sens=0.9000 spec=0.3396 | thr=0.318 | lr=1.00e-03 | NEW BEST auprc=0.8337 (+0.0358) | elapsed=00:00 eta=00:03
13:15:59 | INFO    | Epoch   3/100 |   0.3s | train_loss=0.4768 | val AUROC=0.7147 AUPRC=0.8084 F1=0.7761 sens=0.9176 spec=0.2830 | thr=0.392 | lr=1.00e-03 | no improve (auprc=0.8084, best=0.8337, stale=1/12) | elapsed=00:00 eta=00:03
13:15:59 | INFO    | Epoch   4/100 |   0.3s | train_loss=0.4636 | val AUROC=0.7378 AUPRC=0.8402 F1=0.7692 sens=1.0000 spec=0.0377 | thr=0.154 | lr=1.00e-03 | NEW BEST auprc=0.8402 (+0.0065) | elapsed=00:01 eta=00:03
13:15:59 | INFO    | Epoch   5/100 |   0.3s | train_loss=0.4642 | val AUROC=0.7387 AUPRC=0.8365 F1=0.7759 sens=0.9471 spec=0.2075 | thr=0.303 | lr=1.00e-03 | no improve (auprc=0.8365, best=0.8402, stale=1/12) | elapsed=00:01 eta=00:03
13:15:59 | INFO    | Epoch   6/100 |   0.3s | train_loss=0.4544 | val AUROC=0.7387 AUPRC=0.8330 F1=0.7795 sens=0.8941 spec=0.3585 | thr=0.237 | lr=1.00e-03 | no improve (auprc=0.8330, best=0.8402, stale=2/12) | elapsed=00:01 eta=00:03
13:16:00 | INFO    | Epoch   7/100 |   0.3s | train_loss=0.4544 | val AUROC=0.7317 AUPRC=0.8299 F1=0.7714 sens=0.9824 spec=0.0943 | thr=0.235 | lr=1.00e-03 | no improve (auprc=0.8299, best=0.8402, stale=3/12) | elapsed=00:01 eta=00:02
13:16:00 | INFO    | Epoch   8/100 |   0.3s | train_loss=0.4501 | val AUROC=0.7392 AUPRC=0.8373 F1=0.7811 sens=0.9235 spec=0.2925 | thr=0.341 | lr=1.00e-03 | no improve (auprc=0.8373, best=0.8402, stale=4/12) | elapsed=00:02 eta=00:02
13:16:00 | INFO    | Epoch   9/100 |   0.3s | train_loss=0.4399 | val AUROC=0.7479 AUPRC=0.8397 F1=0.7756 sens=0.9353 spec=0.2358 | thr=0.182 | lr=1.00e-03 | no improve (auprc=0.8397, best=0.8402, stale=5/12) | elapsed=00:02 eta=00:02
13:16:00 | INFO    | Epoch  10/100 |   0.3s | train_loss=0.4430 | val AUROC=0.7386 AUPRC=0.8373 F1=0.7789 sens=0.9118 spec=0.3113 | thr=0.228 | lr=1.00e-03 | no improve (auprc=0.8373, best=0.8402, stale=6/12) | elapsed=00:02 eta=00:02
13:16:01 | INFO    | Epoch  11/100 |   0.3s | train_loss=0.4291 | val AUROC=0.7380 AUPRC=0.8327 F1=0.7838 sens=0.9706 spec=0.1887 | thr=0.203 | lr=5.00e-04 | no improve (auprc=0.8327, best=0.8402, stale=7/12) | elapsed=00:02 eta=00:01
13:16:01 | INFO    | Epoch  12/100 |   0.3s | train_loss=0.4060 | val AUROC=0.7411 AUPRC=0.8402 F1=0.7822 sens=0.9824 spec=0.1509 | thr=0.146 | lr=5.00e-04 | no improve (auprc=0.8402, best=0.8402, stale=8/12) | elapsed=00:03 eta=00:01
13:16:01 | INFO    | Epoch  13/100 |   0.3s | train_loss=0.4037 | val AUROC=0.7393 AUPRC=0.8420 F1=0.7746 sens=0.9706 spec=0.1415 | thr=0.110 | lr=5.00e-04 | NEW BEST auprc=0.8420 (+0.0018) | elapsed=00:03 eta=00:01
13:16:01 | INFO    | Epoch  14/100 |   0.3s | train_loss=0.3988 | val AUROC=0.7403 AUPRC=0.8355 F1=0.7828 sens=0.9118 spec=0.3302 | thr=0.217 | lr=5.00e-04 | no improve (auprc=0.8355, best=0.8420, stale=1/12) | elapsed=00:03 eta=00:03
13:16:02 | INFO    | Epoch  15/100 |   0.3s | train_loss=0.3849 | val AUROC=0.7382 AUPRC=0.8339 F1=0.7794 sens=0.9353 spec=0.2547 | thr=0.208 | lr=5.00e-04 | no improve (auprc=0.8339, best=0.8420, stale=2/12) | elapsed=00:04 eta=00:03
13:16:02 | INFO    | Epoch  16/100 |   0.3s | train_loss=0.3892 | val AUROC=0.7416 AUPRC=0.8373 F1=0.7824 sens=0.9412 spec=0.2547 | thr=0.208 | lr=5.00e-04 | no improve (auprc=0.8373, best=0.8420, stale=3/12) | elapsed=00:04 eta=00:02
13:16:02 | INFO    | Epoch  17/100 |   0.3s | train_loss=0.3699 | val AUROC=0.7475 AUPRC=0.8441 F1=0.7893 sens=0.9588 spec=0.2453 | thr=0.191 | lr=5.00e-04 | NEW BEST auprc=0.8441 (+0.0022) | elapsed=00:04 eta=00:02
13:16:03 | INFO    | Epoch  18/100 |   0.3s | train_loss=0.3777 | val AUROC=0.7497 AUPRC=0.8405 F1=0.7940 sens=0.9294 spec=0.3396 | thr=0.189 | lr=5.00e-04 | no improve (auprc=0.8405, best=0.8441, stale=1/12) | elapsed=00:04 eta=00:03
13:16:03 | INFO    | Epoch  19/100 |   0.3s | train_loss=0.3711 | val AUROC=0.7193 AUPRC=0.8229 F1=0.7767 sens=0.9824 spec=0.1226 | thr=0.096 | lr=5.00e-04 | no improve (auprc=0.8229, best=0.8441, stale=2/12) | elapsed=00:05 eta=00:03
13:16:03 | INFO    | Epoch  20/100 |   0.3s | train_loss=0.3528 | val AUROC=0.7293 AUPRC=0.8271 F1=0.7852 sens=0.9353 spec=0.2830 | thr=0.203 | lr=5.00e-04 | no improve (auprc=0.8271, best=0.8441, stale=3/12) | elapsed=00:05 eta=00:02
13:16:03 | INFO    | Epoch  21/100 |   0.3s | train_loss=0.3433 | val AUROC=0.7295 AUPRC=0.8147 F1=0.7830 sens=0.9235 spec=0.3019 | thr=0.210 | lr=5.00e-04 | no improve (auprc=0.8147, best=0.8441, stale=4/12) | elapsed=00:05 eta=00:02
13:16:04 | INFO    | Epoch  22/100 |   0.3s | train_loss=0.3376 | val AUROC=0.7305 AUPRC=0.8123 F1=0.8020 sens=0.9412 spec=0.3491 | thr=0.217 | lr=5.00e-04 | no improve (auprc=0.8123, best=0.8441, stale=5/12) | elapsed=00:05 eta=00:02
13:16:04 | INFO    | Epoch  23/100 |   0.3s | train_loss=0.3295 | val AUROC=0.7341 AUPRC=0.8205 F1=0.7817 sens=0.8529 spec=0.4717 | thr=0.366 | lr=5.00e-04 | no improve (auprc=0.8205, best=0.8441, stale=6/12) | elapsed=00:06 eta=00:02
13:16:04 | INFO    | Epoch  24/100 |   0.3s | train_loss=0.3137 | val AUROC=0.7235 AUPRC=0.8151 F1=0.7805 sens=0.9412 spec=0.2453 | thr=0.117 | lr=2.50e-04 | no improve (auprc=0.8151, best=0.8441, stale=7/12) | elapsed=00:06 eta=00:01
13:16:04 | INFO    | Epoch  25/100 |   0.3s | train_loss=0.2933 | val AUROC=0.7286 AUPRC=0.8213 F1=0.7756 sens=0.9353 spec=0.2358 | thr=0.133 | lr=2.50e-04 | no improve (auprc=0.8213, best=0.8441, stale=8/12) | elapsed=00:06 eta=00:01
13:16:05 | INFO    | Epoch  26/100 |   0.3s | train_loss=0.2920 | val AUROC=0.7247 AUPRC=0.8161 F1=0.7879 sens=0.9176 spec=0.3396 | thr=0.140 | lr=2.50e-04 | no improve (auprc=0.8161, best=0.8441, stale=9/12) | elapsed=00:06 eta=00:01
13:16:05 | INFO    | Epoch  27/100 |   0.3s | train_loss=0.2779 | val AUROC=0.7277 AUPRC=0.8218 F1=0.7855 sens=0.8941 spec=0.3868 | thr=0.145 | lr=2.50e-04 | no improve (auprc=0.8218, best=0.8441, stale=10/12) | elapsed=00:07 eta=00:01
13:16:05 | INFO    | Epoch  28/100 |   0.3s | train_loss=0.2691 | val AUROC=0.7267 AUPRC=0.8284 F1=0.7835 sens=0.9471 spec=0.2453 | thr=0.114 | lr=2.50e-04 | no improve (auprc=0.8284, best=0.8441, stale=11/12) | elapsed=00:07 eta=00:00
13:16:05 | INFO    | Epoch  29/100 |   0.3s | train_loss=0.2728 | val AUROC=0.7295 AUPRC=0.8225 F1=0.7760 sens=0.9882 spec=0.1038 | thr=0.028 | lr=2.50e-04 | no improve (auprc=0.8225, best=0.8441, stale=12/12) | elapsed=00:07 eta=00:00
13:16:05 | INFO    | Early stopping at epoch 29 (no improvement for 12 epochs; best was epoch 17, auprc=0.8441)
13:16:05 | INFO    | Training summary: epochs_run=29 | best_epoch=17 | best_auprc=0.8441 | total_time=00:07 | avg_epoch=0.27s
13:16:05 | INFO    | Final eval: running validation and test passes with best checkpoint ...
13:16:05 | INFO    | Final test  | AUROC=0.7315 AUPRC=0.8134 F1=0.7835 sens=0.9471 spec=0.2453 bal_acc=0.5962 thr=0.191
13:16:05 | INFO    | Final val   | AUROC=0.7475 AUPRC=0.8441 F1=0.7893 sens=0.9588 spec=0.2453
13:16:08 | INFO    |   -> h06__values_masks__static_static | trained_in=00:07 | 4 threshold mode(s)
13:16:08 | INFO    |      [max_f1] test AUROC=0.7315 AUPRC=0.8134 F1=0.7835 sens=0.9471 spec=0.2453 thr=0.191
13:16:08 | INFO    |      [max_balanced_accuracy] test AUROC=0.7315 AUPRC=0.8134 F1=0.6526 sens=0.5471 spec=0.7925 thr=0.628
13:16:08 | INFO    |      [sensitivity_at_specificity] test AUROC=0.7315 AUPRC=0.8134 F1=0.6554 sens=0.5706 spec=0.7264 thr=0.581
13:16:08 | INFO    |      [specificity_at_sensitivity] test AUROC=0.7315 AUPRC=0.8134 F1=0.7841 sens=0.9294 spec=0.2925 thr=0.230
13:16:08 | INFO    |   progress | done=2/12 | elapsed=00:26 | avg/exp=00:13 | eta=02:12
13:16:08 | INFO    | [3/12] Starting h06__full__static_static | elapsed=00:26 | eta=02:12
13:16:08 | INFO    | ------------------------------------------------------------------------------
13:16:08 | INFO    | Experiment: horizon=6h | channel_set=full
13:16:08 | INFO    | Device     : cuda
13:16:08 | INFO    | Input      : mode=static | (T=6, C=18, static=9) | total_features=27 | train=(2205, 6, 18) val=(276, 6, 18) test=(276, 6, 18)
13:16:08 | INFO    | Class bal  : train pos=1,359 neg=846 (pos_frac=0.616) | val pos=170 neg=106 | test pos=170 neg=106
13:16:08 | INFO    | Loss       : BCE | pos_weight=0.623 | sampler=off
13:16:08 | INFO    | Optim      : AdamW lr=1.00e-03 wd=1.00e-04 | grad_clip=1.00
13:16:08 | INFO    | Schedule   : ReduceLROnPlateau (monitor=auprc, factor=0.5, patience=6)
13:16:08 | INFO    | Stopping   : early_stop_patience=12 | epochs<=100
13:16:08 | INFO    | Model      : params=521,044 | conv=(64, 128) | kernels=(3, 5) | dilations=(1, 2) | lstm=2x96 | head=96 | dropout=0.30 | static_hidden=32 static_dropout=0.10
13:16:08 | INFO    | Train      : batch_size=64 | batches/epoch=35
13:16:08 | INFO    | ------------------------------------------------------------------------------
13:16:08 | INFO    | Epoch   1/100 |   0.3s | train_loss=0.4908 | val AUROC=0.7426 AUPRC=0.8322 F1=0.7920 sens=0.9294 spec=0.3302 | thr=0.326 | lr=1.00e-03 | NEW BEST auprc=0.8322 | elapsed=00:00 eta=00:03
13:16:09 | INFO    | Epoch   2/100 |   0.3s | train_loss=0.4648 | val AUROC=0.7669 AUPRC=0.8472 F1=0.8000 sens=0.9412 spec=0.3396 | thr=0.256 | lr=1.00e-03 | NEW BEST auprc=0.8472 (+0.0150) | elapsed=00:00 eta=00:03
13:16:09 | INFO    | Epoch   3/100 |   0.3s | train_loss=0.4614 | val AUROC=0.7651 AUPRC=0.8533 F1=0.7940 sens=0.9412 spec=0.3113 | thr=0.293 | lr=1.00e-03 | NEW BEST auprc=0.8533 (+0.0062) | elapsed=00:00 eta=00:03
13:16:09 | INFO    | Epoch   4/100 |   0.3s | train_loss=0.4554 | val AUROC=0.7683 AUPRC=0.8563 F1=0.7930 sens=0.9353 spec=0.3208 | thr=0.337 | lr=1.00e-03 | NEW BEST auprc=0.8563 (+0.0030) | elapsed=00:01 eta=00:03
13:16:09 | INFO    | Epoch   5/100 |   0.3s | train_loss=0.4395 | val AUROC=0.7502 AUPRC=0.8357 F1=0.7854 sens=0.9471 spec=0.2547 | thr=0.231 | lr=1.00e-03 | no improve (auprc=0.8357, best=0.8563, stale=1/12) | elapsed=00:01 eta=00:03
13:16:10 | INFO    | Epoch   6/100 |   0.3s | train_loss=0.4398 | val AUROC=0.7608 AUPRC=0.8536 F1=0.7874 sens=0.9588 spec=0.2358 | thr=0.133 | lr=1.00e-03 | no improve (auprc=0.8536, best=0.8563, stale=2/12) | elapsed=00:01 eta=00:03
13:16:10 | INFO    | Epoch   7/100 |   0.3s | train_loss=0.4308 | val AUROC=0.7642 AUPRC=0.8455 F1=0.7980 sens=0.9529 spec=0.3019 | thr=0.240 | lr=1.00e-03 | no improve (auprc=0.8455, best=0.8563, stale=3/12) | elapsed=00:01 eta=00:02
13:16:10 | INFO    | Epoch   8/100 |   0.3s | train_loss=0.4330 | val AUROC=0.7646 AUPRC=0.8536 F1=0.7924 sens=0.9765 spec=0.2170 | thr=0.161 | lr=1.00e-03 | no improve (auprc=0.8536, best=0.8563, stale=4/12) | elapsed=00:02 eta=00:02
13:16:10 | INFO    | Epoch   9/100 |   0.3s | train_loss=0.4254 | val AUROC=0.7788 AUPRC=0.8629 F1=0.7886 sens=0.9765 spec=0.1981 | thr=0.184 | lr=1.00e-03 | NEW BEST auprc=0.8629 (+0.0066) | elapsed=00:02 eta=00:02
13:16:11 | INFO    | Epoch  10/100 |   0.3s | train_loss=0.4085 | val AUROC=0.7450 AUPRC=0.8393 F1=0.7869 sens=0.9882 spec=0.1604 | thr=0.172 | lr=1.00e-03 | no improve (auprc=0.8393, best=0.8629, stale=1/12) | elapsed=00:02 eta=00:03
13:16:11 | INFO    | Epoch  11/100 |   0.3s | train_loss=0.4084 | val AUROC=0.7541 AUPRC=0.8415 F1=0.7883 sens=0.9529 spec=0.2547 | thr=0.149 | lr=1.00e-03 | no improve (auprc=0.8415, best=0.8629, stale=2/12) | elapsed=00:02 eta=00:03
13:16:11 | INFO    | Epoch  12/100 |   0.3s | train_loss=0.4080 | val AUROC=0.7461 AUPRC=0.8385 F1=0.7826 sens=0.9529 spec=0.2264 | thr=0.196 | lr=1.00e-03 | no improve (auprc=0.8385, best=0.8629, stale=3/12) | elapsed=00:03 eta=00:02
13:16:11 | INFO    | Epoch  13/100 |   0.3s | train_loss=0.3990 | val AUROC=0.7593 AUPRC=0.8438 F1=0.7931 sens=0.9471 spec=0.2925 | thr=0.161 | lr=1.00e-03 | no improve (auprc=0.8438, best=0.8629, stale=4/12) | elapsed=00:03 eta=00:02
13:16:12 | INFO    | Epoch  14/100 |   0.3s | train_loss=0.3888 | val AUROC=0.7646 AUPRC=0.8504 F1=0.7830 sens=0.9765 spec=0.1698 | thr=0.156 | lr=1.00e-03 | no improve (auprc=0.8504, best=0.8629, stale=5/12) | elapsed=00:03 eta=00:02
13:16:12 | INFO    | Epoch  15/100 |   0.3s | train_loss=0.3763 | val AUROC=0.7325 AUPRC=0.8275 F1=0.7802 sens=0.9294 spec=0.2736 | thr=0.105 | lr=1.00e-03 | no improve (auprc=0.8275, best=0.8629, stale=6/12) | elapsed=00:03 eta=00:02
13:16:12 | INFO    | Epoch  16/100 |   0.3s | train_loss=0.3658 | val AUROC=0.7275 AUPRC=0.8121 F1=0.7797 sens=0.9471 spec=0.2264 | thr=0.180 | lr=5.00e-04 | no improve (auprc=0.8121, best=0.8629, stale=7/12) | elapsed=00:04 eta=00:01
13:16:12 | INFO    | Epoch  17/100 |   0.3s | train_loss=0.3447 | val AUROC=0.7354 AUPRC=0.8358 F1=0.7824 sens=0.9941 spec=0.1226 | thr=0.040 | lr=5.00e-04 | no improve (auprc=0.8358, best=0.8629, stale=8/12) | elapsed=00:04 eta=00:01
13:16:13 | INFO    | Epoch  18/100 |   0.3s | train_loss=0.3384 | val AUROC=0.7461 AUPRC=0.8391 F1=0.7833 sens=0.9353 spec=0.2736 | thr=0.177 | lr=5.00e-04 | no improve (auprc=0.8391, best=0.8629, stale=9/12) | elapsed=00:04 eta=00:01
13:16:13 | INFO    | Epoch  19/100 |   0.3s | train_loss=0.3215 | val AUROC=0.7371 AUPRC=0.8293 F1=0.7885 sens=0.9647 spec=0.2264 | thr=0.165 | lr=5.00e-04 | no improve (auprc=0.8293, best=0.8629, stale=10/12) | elapsed=00:05 eta=00:01
13:16:13 | INFO    | Epoch  20/100 |   0.3s | train_loss=0.3166 | val AUROC=0.7492 AUPRC=0.8420 F1=0.7835 sens=0.9471 spec=0.2453 | thr=0.142 | lr=5.00e-04 | no improve (auprc=0.8420, best=0.8629, stale=11/12) | elapsed=00:05 eta=00:00
13:16:14 | INFO    | Epoch  21/100 |   0.3s | train_loss=0.2976 | val AUROC=0.7390 AUPRC=0.8340 F1=0.7885 sens=0.9647 spec=0.2264 | thr=0.070 | lr=5.00e-04 | no improve (auprc=0.8340, best=0.8629, stale=12/12) | elapsed=00:05 eta=00:00
13:16:14 | INFO    | Early stopping at epoch 21 (no improvement for 12 epochs; best was epoch 9, auprc=0.8629)
13:16:14 | INFO    | Training summary: epochs_run=21 | best_epoch=9 | best_auprc=0.8629 | total_time=00:05 | avg_epoch=0.26s
13:16:14 | INFO    | Final eval: running validation and test passes with best checkpoint ...
13:16:14 | INFO    | Final test  | AUROC=0.7767 AUPRC=0.8472 F1=0.7933 sens=0.9706 spec=0.2358 bal_acc=0.6032 thr=0.184
13:16:14 | INFO    | Final val   | AUROC=0.7788 AUPRC=0.8629 F1=0.7886 sens=0.9765 spec=0.1981
13:16:16 | INFO    |   -> h06__full__static_static | trained_in=00:05 | 4 threshold mode(s)
13:16:16 | INFO    |      [max_f1] test AUROC=0.7767 AUPRC=0.8472 F1=0.7933 sens=0.9706 spec=0.2358 thr=0.184
13:16:16 | INFO    |      [max_balanced_accuracy] test AUROC=0.7767 AUPRC=0.8472 F1=0.7195 sens=0.6412 spec=0.7736 thr=0.541
13:16:16 | INFO    |      [sensitivity_at_specificity] test AUROC=0.7767 AUPRC=0.8472 F1=0.7208 sens=0.6529 spec=0.7453 thr=0.520
13:16:16 | INFO    |      [specificity_at_sensitivity] test AUROC=0.7767 AUPRC=0.8472 F1=0.8064 sens=0.8941 spec=0.4811 thr=0.311
13:16:16 | INFO    |   progress | done=3/12 | elapsed=00:34 | avg/exp=00:11 | eta=01:44
13:16:16 | INFO    | [4/12] Starting h12__values__static_static | elapsed=00:34 | eta=01:44
13:16:16 | INFO    | ------------------------------------------------------------------------------
13:16:16 | INFO    | Experiment: horizon=12h | channel_set=values
13:16:16 | INFO    | Device     : cuda
13:16:16 | INFO    | Input      : mode=static | (T=12, C=5, static=9) | total_features=14 | train=(2205, 12, 5) val=(276, 12, 5) test=(276, 12, 5)
13:16:16 | INFO    | Class bal  : train pos=1,359 neg=846 (pos_frac=0.616) | val pos=170 neg=106 | test pos=170 neg=106
13:16:16 | INFO    | Loss       : BCE | pos_weight=0.623 | sampler=off
13:16:16 | INFO    | Optim      : AdamW lr=1.00e-03 wd=1.00e-04 | grad_clip=1.00
13:16:16 | INFO    | Schedule   : ReduceLROnPlateau (monitor=auprc, factor=0.5, patience=6)
13:16:16 | INFO    | Stopping   : early_stop_patience=12 | epochs<=100
13:16:16 | INFO    | Model      : params=517,716 | conv=(64, 128) | kernels=(3, 5) | dilations=(1, 2) | lstm=2x96 | head=96 | dropout=0.30 | static_hidden=32 static_dropout=0.10
13:16:16 | INFO    | Train      : batch_size=64 | batches/epoch=35
13:16:16 | INFO    | ------------------------------------------------------------------------------
13:16:17 | INFO    | Epoch   1/100 |   0.3s | train_loss=0.4959 | val AUROC=0.7392 AUPRC=0.8289 F1=0.7745 sens=1.0000 spec=0.0660 | thr=0.309 | lr=1.00e-03 | NEW BEST auprc=0.8289 | elapsed=00:00 eta=00:04
13:16:17 | INFO    | Epoch   2/100 |   0.3s | train_loss=0.4768 | val AUROC=0.7367 AUPRC=0.8324 F1=0.7731 sens=0.9824 spec=0.1038 | thr=0.194 | lr=1.00e-03 | NEW BEST auprc=0.8324 (+0.0036) | elapsed=00:00 eta=00:03
13:16:17 | INFO    | Epoch   3/100 |   0.3s | train_loss=0.4578 | val AUROC=0.7341 AUPRC=0.8254 F1=0.7820 sens=0.9706 spec=0.1792 | thr=0.163 | lr=1.00e-03 | no improve (auprc=0.8254, best=0.8324, stale=1/12) | elapsed=00:00 eta=00:03
13:16:17 | INFO    | Epoch   4/100 |   0.3s | train_loss=0.4632 | val AUROC=0.7486 AUPRC=0.8379 F1=0.7824 sens=0.9941 spec=0.1226 | thr=0.187 | lr=1.00e-03 | NEW BEST auprc=0.8379 (+0.0055) | elapsed=00:01 eta=00:03
13:16:18 | INFO    | Epoch   5/100 |   0.3s | train_loss=0.4479 | val AUROC=0.7594 AUPRC=0.8382 F1=0.7913 sens=0.8588 spec=0.5000 | thr=0.417 | lr=1.00e-03 | NEW BEST auprc=0.8382 (+0.0003) | elapsed=00:01 eta=00:03
13:16:18 | INFO    | Epoch   6/100 |   0.3s | train_loss=0.4414 | val AUROC=0.7529 AUPRC=0.8450 F1=0.7852 sens=1.0000 spec=0.1226 | thr=0.091 | lr=1.00e-03 | NEW BEST auprc=0.8450 (+0.0067) | elapsed=00:01 eta=00:03
13:16:18 | INFO    | Epoch   7/100 |   0.3s | train_loss=0.4425 | val AUROC=0.7673 AUPRC=0.8504 F1=0.7852 sens=0.9353 spec=0.2830 | thr=0.271 | lr=1.00e-03 | NEW BEST auprc=0.8504 (+0.0054) | elapsed=00:01 eta=00:03
13:16:18 | INFO    | Epoch   8/100 |   0.3s | train_loss=0.4287 | val AUROC=0.7692 AUPRC=0.8525 F1=0.7872 sens=0.8706 spec=0.4528 | thr=0.354 | lr=1.00e-03 | NEW BEST auprc=0.8525 (+0.0022) | elapsed=00:02 eta=00:03
13:16:19 | INFO    | Epoch   9/100 |   0.3s | train_loss=0.4223 | val AUROC=0.7651 AUPRC=0.8402 F1=0.7882 sens=0.8647 spec=0.4717 | thr=0.300 | lr=1.00e-03 | no improve (auprc=0.8402, best=0.8525, stale=1/12) | elapsed=00:02 eta=00:03
13:16:19 | INFO    | Epoch  10/100 |   0.3s | train_loss=0.4201 | val AUROC=0.7767 AUPRC=0.8521 F1=0.7903 sens=0.8647 spec=0.4811 | thr=0.325 | lr=1.00e-03 | no improve (auprc=0.8521, best=0.8525, stale=2/12) | elapsed=00:02 eta=00:03
13:16:19 | INFO    | Epoch  11/100 |   0.3s | train_loss=0.4095 | val AUROC=0.7625 AUPRC=0.8511 F1=0.7852 sens=1.0000 spec=0.1226 | thr=0.051 | lr=1.00e-03 | no improve (auprc=0.8511, best=0.8525, stale=3/12) | elapsed=00:03 eta=00:03
13:16:19 | INFO    | Epoch  12/100 |   0.3s | train_loss=0.3985 | val AUROC=0.7799 AUPRC=0.8558 F1=0.8000 sens=0.8824 spec=0.4811 | thr=0.269 | lr=1.00e-03 | NEW BEST auprc=0.8558 (+0.0032) | elapsed=00:03 eta=00:02
13:16:20 | INFO    | Epoch  13/100 |   0.3s | train_loss=0.3845 | val AUROC=0.7578 AUPRC=0.8479 F1=0.7748 sens=0.9412 spec=0.2170 | thr=0.084 | lr=1.00e-03 | no improve (auprc=0.8479, best=0.8558, stale=1/12) | elapsed=00:03 eta=00:03
13:16:20 | INFO    | Epoch  14/100 |   0.3s | train_loss=0.3814 | val AUROC=0.7833 AUPRC=0.8575 F1=0.7928 sens=0.9118 spec=0.3774 | thr=0.228 | lr=1.00e-03 | NEW BEST auprc=0.8575 (+0.0017) | elapsed=00:03 eta=00:03
13:16:20 | INFO    | Epoch  15/100 |   0.3s | train_loss=0.3504 | val AUROC=0.7573 AUPRC=0.8426 F1=0.7980 sens=0.9294 spec=0.3585 | thr=0.206 | lr=1.00e-03 | no improve (auprc=0.8426, best=0.8575, stale=1/12) | elapsed=00:04 eta=00:03
13:16:21 | INFO    | Epoch  16/100 |   0.3s | train_loss=0.3468 | val AUROC=0.7700 AUPRC=0.8487 F1=0.7960 sens=0.9294 spec=0.3491 | thr=0.161 | lr=1.00e-03 | no improve (auprc=0.8487, best=0.8575, stale=2/12) | elapsed=00:04 eta=00:03
13:16:21 | INFO    | Epoch  17/100 |   0.3s | train_loss=0.3293 | val AUROC=0.7437 AUPRC=0.8328 F1=0.7852 sens=1.0000 spec=0.1226 | thr=0.022 | lr=1.00e-03 | no improve (auprc=0.8328, best=0.8575, stale=3/12) | elapsed=00:04 eta=00:02
13:16:21 | INFO    | Epoch  18/100 |   0.5s | train_loss=0.3043 | val AUROC=0.7598 AUPRC=0.8456 F1=0.7916 sens=0.8824 spec=0.4434 | thr=0.178 | lr=1.00e-03 | no improve (auprc=0.8456, best=0.8575, stale=4/12) | elapsed=00:05 eta=00:02
13:16:22 | INFO    | Epoch  19/100 |   0.3s | train_loss=0.2968 | val AUROC=0.7531 AUPRC=0.8395 F1=0.7904 sens=0.9647 spec=0.2358 | thr=0.043 | lr=1.00e-03 | no improve (auprc=0.8395, best=0.8575, stale=5/12) | elapsed=00:05 eta=00:02
13:16:22 | INFO    | Epoch  20/100 |   0.3s | train_loss=0.2843 | val AUROC=0.7644 AUPRC=0.8489 F1=0.7912 sens=0.9471 spec=0.2830 | thr=0.104 | lr=1.00e-03 | no improve (auprc=0.8489, best=0.8575, stale=6/12) | elapsed=00:05 eta=00:02
13:16:22 | INFO    | Epoch  21/100 |   0.3s | train_loss=0.2721 | val AUROC=0.7569 AUPRC=0.8335 F1=0.8070 sens=0.9471 spec=0.3585 | thr=0.071 | lr=5.00e-04 | no improve (auprc=0.8335, best=0.8575, stale=7/12) | elapsed=00:05 eta=00:01
13:16:22 | INFO    | Epoch  22/100 |   0.3s | train_loss=0.2408 | val AUROC=0.7653 AUPRC=0.8423 F1=0.8073 sens=0.9118 spec=0.4434 | thr=0.178 | lr=5.00e-04 | no improve (auprc=0.8423, best=0.8575, stale=8/12) | elapsed=00:06 eta=00:01
13:16:23 | INFO    | Epoch  23/100 |   0.3s | train_loss=0.2108 | val AUROC=0.7592 AUPRC=0.8424 F1=0.7918 sens=0.9059 spec=0.3868 | thr=0.093 | lr=5.00e-04 | no improve (auprc=0.8424, best=0.8575, stale=9/12) | elapsed=00:06 eta=00:01
13:16:23 | INFO    | Epoch  24/100 |   0.3s | train_loss=0.1871 | val AUROC=0.7640 AUPRC=0.8466 F1=0.7971 sens=0.9588 spec=0.2830 | thr=0.025 | lr=5.00e-04 | no improve (auprc=0.8466, best=0.8575, stale=10/12) | elapsed=00:06 eta=00:01
13:16:23 | INFO    | Epoch  25/100 |   0.3s | train_loss=0.1786 | val AUROC=0.7688 AUPRC=0.8522 F1=0.7949 sens=0.9235 spec=0.3585 | thr=0.066 | lr=5.00e-04 | no improve (auprc=0.8522, best=0.8575, stale=11/12) | elapsed=00:07 eta=00:00
13:16:23 | INFO    | Epoch  26/100 |   0.3s | train_loss=0.1676 | val AUROC=0.7547 AUPRC=0.8377 F1=0.7910 sens=0.9353 spec=0.3113 | thr=0.022 | lr=5.00e-04 | no improve (auprc=0.8377, best=0.8575, stale=12/12) | elapsed=00:07 eta=00:00
13:16:23 | INFO    | Early stopping at epoch 26 (no improvement for 12 epochs; best was epoch 14, auprc=0.8575)
13:16:23 | INFO    | Training summary: epochs_run=26 | best_epoch=14 | best_auprc=0.8575 | total_time=00:07 | avg_epoch=0.28s
13:16:23 | INFO    | Final eval: running validation and test passes with best checkpoint ...
13:16:23 | INFO    | Final test  | AUROC=0.7048 AUPRC=0.8087 F1=0.7614 sens=0.8824 spec=0.3019 bal_acc=0.5921 thr=0.228
13:16:23 | INFO    | Final val   | AUROC=0.7833 AUPRC=0.8575 F1=0.7928 sens=0.9118 spec=0.3774
13:16:26 | INFO    |   -> h12__values__static_static | trained_in=00:07 | 4 threshold mode(s)
13:16:26 | INFO    |      [max_f1] test AUROC=0.7048 AUPRC=0.8087 F1=0.7614 sens=0.8824 spec=0.3019 thr=0.228
13:16:26 | INFO    |      [max_balanced_accuracy] test AUROC=0.7048 AUPRC=0.8087 F1=0.6490 sens=0.5765 spec=0.6792 thr=0.549
13:16:26 | INFO    |      [sensitivity_at_specificity] test AUROC=0.7048 AUPRC=0.8087 F1=0.6624 sens=0.6059 spec=0.6415 thr=0.499
13:16:26 | INFO    |      [specificity_at_sensitivity] test AUROC=0.7048 AUPRC=0.8087 F1=0.7565 sens=0.8588 spec=0.3396 thr=0.246
13:16:26 | INFO    |   progress | done=4/12 | elapsed=00:44 | avg/exp=00:11 | eta=01:29
13:16:26 | INFO    | [5/12] Starting h12__values_masks__static_static | elapsed=00:44 | eta=01:29
13:16:26 | INFO    | ------------------------------------------------------------------------------
13:16:26 | INFO    | Experiment: horizon=12h | channel_set=values_masks
13:16:26 | INFO    | Device     : cuda
13:16:26 | INFO    | Input      : mode=static | (T=12, C=10, static=9) | total_features=19 | train=(2205, 12, 10) val=(276, 12, 10) test=(276, 12, 10)
13:16:26 | INFO    | Class bal  : train pos=1,359 neg=846 (pos_frac=0.616) | val pos=170 neg=106 | test pos=170 neg=106
13:16:26 | INFO    | Loss       : BCE | pos_weight=0.623 | sampler=off
13:16:26 | INFO    | Optim      : AdamW lr=1.00e-03 wd=1.00e-04 | grad_clip=1.00
13:16:26 | INFO    | Schedule   : ReduceLROnPlateau (monitor=auprc, factor=0.5, patience=6)
13:16:26 | INFO    | Stopping   : early_stop_patience=12 | epochs<=100
13:16:26 | INFO    | Model      : params=518,996 | conv=(64, 128) | kernels=(3, 5) | dilations=(1, 2) | lstm=2x96 | head=96 | dropout=0.30 | static_hidden=32 static_dropout=0.10
13:16:26 | INFO    | Train      : batch_size=64 | batches/epoch=35
13:16:26 | INFO    | ------------------------------------------------------------------------------
13:16:26 | INFO    | Epoch   1/100 |   0.3s | train_loss=0.4980 | val AUROC=0.7006 AUPRC=0.8037 F1=0.7775 sens=0.9765 spec=0.1415 | thr=0.155 | lr=1.00e-03 | NEW BEST auprc=0.8037 | elapsed=00:00 eta=00:03
13:16:27 | INFO    | Epoch   2/100 |   0.3s | train_loss=0.4750 | val AUROC=0.7490 AUPRC=0.8421 F1=0.7804 sens=0.9824 spec=0.1415 | thr=0.236 | lr=1.00e-03 | NEW BEST auprc=0.8421 (+0.0384) | elapsed=00:00 eta=00:03
13:16:27 | INFO    | Epoch   3/100 |   0.3s | train_loss=0.4739 | val AUROC=0.7252 AUPRC=0.8133 F1=0.7814 sens=0.9882 spec=0.1321 | thr=0.332 | lr=1.00e-03 | no improve (auprc=0.8133, best=0.8421, stale=1/12) | elapsed=00:00 eta=00:03
13:16:27 | INFO    | Epoch   4/100 |   0.3s | train_loss=0.4607 | val AUROC=0.7517 AUPRC=0.8406 F1=0.7834 sens=1.0000 spec=0.1132 | thr=0.162 | lr=1.00e-03 | no improve (auprc=0.8406, best=0.8421, stale=2/12) | elapsed=00:01 eta=00:03
13:16:27 | INFO    | Epoch   5/100 |   0.3s | train_loss=0.4599 | val AUROC=0.7662 AUPRC=0.8434 F1=0.7832 sens=0.9882 spec=0.1415 | thr=0.218 | lr=1.00e-03 | NEW BEST auprc=0.8434 (+0.0013) | elapsed=00:01 eta=00:02
13:16:28 | INFO    | Epoch   6/100 |   0.3s | train_loss=0.4487 | val AUROC=0.7553 AUPRC=0.8380 F1=0.7877 sens=0.9824 spec=0.1792 | thr=0.158 | lr=1.00e-03 | no improve (auprc=0.8380, best=0.8434, stale=1/12) | elapsed=00:01 eta=00:03
13:16:28 | INFO    | Epoch   7/100 |   0.3s | train_loss=0.4438 | val AUROC=0.7647 AUPRC=0.8556 F1=0.7797 sens=0.8118 spec=0.5660 | thr=0.434 | lr=1.00e-03 | NEW BEST auprc=0.8556 (+0.0122) | elapsed=00:01 eta=00:03
13:16:28 | INFO    | Epoch   8/100 |   0.3s | train_loss=0.4413 | val AUROC=0.7779 AUPRC=0.8614 F1=0.7830 sens=0.9765 spec=0.1698 | thr=0.206 | lr=1.00e-03 | NEW BEST auprc=0.8614 (+0.0058) | elapsed=00:02 eta=00:03
13:16:29 | INFO    | Epoch   9/100 |   0.3s | train_loss=0.4339 | val AUROC=0.7689 AUPRC=0.8519 F1=0.7852 sens=1.0000 spec=0.1226 | thr=0.088 | lr=1.00e-03 | no improve (auprc=0.8519, best=0.8614, stale=1/12) | elapsed=00:02 eta=00:03
13:16:29 | INFO    | Epoch  10/100 |   0.3s | train_loss=0.4346 | val AUROC=0.7605 AUPRC=0.8500 F1=0.7867 sens=0.9765 spec=0.1887 | thr=0.146 | lr=1.00e-03 | no improve (auprc=0.8500, best=0.8614, stale=2/12) | elapsed=00:02 eta=00:03
13:16:29 | INFO    | Epoch  11/100 |   0.3s | train_loss=0.4170 | val AUROC=0.7641 AUPRC=0.8545 F1=0.7852 sens=1.0000 spec=0.1226 | thr=0.127 | lr=1.00e-03 | no improve (auprc=0.8545, best=0.8614, stale=3/12) | elapsed=00:02 eta=00:02
13:16:29 | INFO    | Epoch  12/100 |   0.3s | train_loss=0.4062 | val AUROC=0.7644 AUPRC=0.8483 F1=0.7863 sens=0.8765 spec=0.4340 | thr=0.313 | lr=1.00e-03 | no improve (auprc=0.8483, best=0.8614, stale=4/12) | elapsed=00:03 eta=00:02
13:16:30 | INFO    | Epoch  13/100 |   0.3s | train_loss=0.4020 | val AUROC=0.7725 AUPRC=0.8648 F1=0.7871 sens=0.8588 spec=0.4811 | thr=0.298 | lr=1.00e-03 | NEW BEST auprc=0.8648 (+0.0034) | elapsed=00:03 eta=00:02
13:16:30 | INFO    | Epoch  14/100 |   0.3s | train_loss=0.3988 | val AUROC=0.7895 AUPRC=0.8615 F1=0.7942 sens=0.9647 spec=0.2547 | thr=0.191 | lr=1.00e-03 | no improve (auprc=0.8615, best=0.8648, stale=1/12) | elapsed=00:03 eta=00:03
13:16:30 | INFO    | Epoch  15/100 |   0.3s | train_loss=0.3906 | val AUROC=0.7839 AUPRC=0.8664 F1=0.7838 sens=0.8529 spec=0.4811 | thr=0.340 | lr=1.00e-03 | NEW BEST auprc=0.8664 (+0.0016) | elapsed=00:04 eta=00:03
13:16:30 | INFO    | Epoch  16/100 |   0.3s | train_loss=0.3777 | val AUROC=0.7696 AUPRC=0.8593 F1=0.7904 sens=0.9647 spec=0.2358 | thr=0.140 | lr=1.00e-03 | no improve (auprc=0.8593, best=0.8664, stale=1/12) | elapsed=00:04 eta=00:03
13:16:31 | INFO    | Epoch  17/100 |   0.3s | train_loss=0.3539 | val AUROC=0.7863 AUPRC=0.8734 F1=0.7817 sens=0.9059 spec=0.3396 | thr=0.169 | lr=1.00e-03 | NEW BEST auprc=0.8734 (+0.0070) | elapsed=00:04 eta=00:03
13:16:31 | INFO    | Epoch  18/100 |   0.3s | train_loss=0.3471 | val AUROC=0.7756 AUPRC=0.8537 F1=0.7835 sens=0.9471 spec=0.2453 | thr=0.121 | lr=1.00e-03 | no improve (auprc=0.8537, best=0.8734, stale=1/12) | elapsed=00:04 eta=00:03
13:16:31 | INFO    | Epoch  19/100 |   0.3s | train_loss=0.3481 | val AUROC=0.7835 AUPRC=0.8670 F1=0.7874 sens=0.8824 spec=0.4245 | thr=0.250 | lr=1.00e-03 | no improve (auprc=0.8670, best=0.8734, stale=2/12) | elapsed=00:05 eta=00:03
13:16:31 | INFO    | Epoch  20/100 |   0.3s | train_loss=0.3304 | val AUROC=0.7806 AUPRC=0.8607 F1=0.8064 sens=0.8941 spec=0.4811 | thr=0.252 | lr=1.00e-03 | no improve (auprc=0.8607, best=0.8734, stale=3/12) | elapsed=00:05 eta=00:02
13:16:32 | INFO    | Epoch  21/100 |   0.3s | train_loss=0.3019 | val AUROC=0.7582 AUPRC=0.8331 F1=0.7937 sens=0.8824 spec=0.4528 | thr=0.206 | lr=1.00e-03 | no improve (auprc=0.8331, best=0.8734, stale=4/12) | elapsed=00:05 eta=00:02
13:16:32 | INFO    | Epoch  22/100 |   0.3s | train_loss=0.2999 | val AUROC=0.7655 AUPRC=0.8530 F1=0.7889 sens=0.9235 spec=0.3302 | thr=0.205 | lr=1.00e-03 | no improve (auprc=0.8530, best=0.8734, stale=5/12) | elapsed=00:05 eta=00:02
13:16:32 | INFO    | Epoch  23/100 |   0.3s | train_loss=0.2880 | val AUROC=0.7414 AUPRC=0.8327 F1=0.7872 sens=0.8706 spec=0.4528 | thr=0.262 | lr=1.00e-03 | no improve (auprc=0.8327, best=0.8734, stale=6/12) | elapsed=00:06 eta=00:02
13:16:33 | INFO    | Epoch  24/100 |   0.3s | train_loss=0.2571 | val AUROC=0.7486 AUPRC=0.8327 F1=0.8000 sens=0.9647 spec=0.2830 | thr=0.093 | lr=5.00e-04 | no improve (auprc=0.8327, best=0.8734, stale=7/12) | elapsed=00:06 eta=00:01
13:16:33 | INFO    | Epoch  25/100 |   0.3s | train_loss=0.2385 | val AUROC=0.7706 AUPRC=0.8494 F1=0.8000 sens=0.8824 spec=0.4811 | thr=0.225 | lr=5.00e-04 | no improve (auprc=0.8494, best=0.8734, stale=8/12) | elapsed=00:06 eta=00:01
13:16:33 | INFO    | Epoch  26/100 |   0.3s | train_loss=0.2200 | val AUROC=0.7635 AUPRC=0.8469 F1=0.7907 sens=0.9000 spec=0.3962 | thr=0.092 | lr=5.00e-04 | no improve (auprc=0.8469, best=0.8734, stale=9/12) | elapsed=00:06 eta=00:01
13:16:33 | INFO    | Epoch  27/100 |   0.3s | train_loss=0.2082 | val AUROC=0.7710 AUPRC=0.8482 F1=0.7990 sens=0.9235 spec=0.3774 | thr=0.101 | lr=5.00e-04 | no improve (auprc=0.8482, best=0.8734, stale=10/12) | elapsed=00:07 eta=00:01
13:16:34 | INFO    | Epoch  28/100 |   0.3s | train_loss=0.2029 | val AUROC=0.7771 AUPRC=0.8519 F1=0.8000 sens=0.9059 spec=0.4245 | thr=0.110 | lr=5.00e-04 | no improve (auprc=0.8519, best=0.8734, stale=11/12) | elapsed=00:07 eta=00:00
13:16:34 | INFO    | Epoch  29/100 |   0.3s | train_loss=0.1879 | val AUROC=0.7665 AUPRC=0.8490 F1=0.8072 sens=0.9235 spec=0.4151 | thr=0.083 | lr=5.00e-04 | no improve (auprc=0.8490, best=0.8734, stale=12/12) | elapsed=00:07 eta=00:00
13:16:34 | INFO    | Early stopping at epoch 29 (no improvement for 12 epochs; best was epoch 17, auprc=0.8734)
13:16:34 | INFO    | Training summary: epochs_run=29 | best_epoch=17 | best_auprc=0.8734 | total_time=00:07 | avg_epoch=0.27s
13:16:34 | INFO    | Final eval: running validation and test passes with best checkpoint ...
13:16:34 | INFO    | Final test  | AUROC=0.7380 AUPRC=0.8265 F1=0.7744 sens=0.8882 spec=0.3491 bal_acc=0.6186 thr=0.169
13:16:34 | INFO    | Final val   | AUROC=0.7863 AUPRC=0.8734 F1=0.7817 sens=0.9059 spec=0.3396
13:16:36 | INFO    |   -> h12__values_masks__static_static | trained_in=00:07 | 4 threshold mode(s)
13:16:36 | INFO    |      [max_f1] test AUROC=0.7380 AUPRC=0.8265 F1=0.7744 sens=0.8882 spec=0.3491 thr=0.169
13:16:36 | INFO    |      [max_balanced_accuracy] test AUROC=0.7380 AUPRC=0.8265 F1=0.6596 sens=0.5529 spec=0.8019 thr=0.590
13:16:36 | INFO    |      [sensitivity_at_specificity] test AUROC=0.7380 AUPRC=0.8265 F1=0.7121 sens=0.6765 spec=0.6415 thr=0.431
13:16:36 | INFO    |      [specificity_at_sensitivity] test AUROC=0.7380 AUPRC=0.8265 F1=0.7744 sens=0.8882 spec=0.3491 thr=0.169
13:16:36 | INFO    |   progress | done=5/12 | elapsed=00:55 | avg/exp=00:11 | eta=01:17
13:16:37 | INFO    | [6/12] Starting h12__full__static_static | elapsed=00:55 | eta=01:17
13:16:37 | INFO    | ------------------------------------------------------------------------------
13:16:37 | INFO    | Experiment: horizon=12h | channel_set=full
13:16:37 | INFO    | Device     : cuda
13:16:37 | INFO    | Input      : mode=static | (T=12, C=18, static=9) | total_features=27 | train=(2205, 12, 18) val=(276, 12, 18) test=(276, 12, 18)
13:16:37 | INFO    | Class bal  : train pos=1,359 neg=846 (pos_frac=0.616) | val pos=170 neg=106 | test pos=170 neg=106
13:16:37 | INFO    | Loss       : BCE | pos_weight=0.623 | sampler=off
13:16:37 | INFO    | Optim      : AdamW lr=1.00e-03 wd=1.00e-04 | grad_clip=1.00
13:16:37 | INFO    | Schedule   : ReduceLROnPlateau (monitor=auprc, factor=0.5, patience=6)
13:16:37 | INFO    | Stopping   : early_stop_patience=12 | epochs<=100
13:16:37 | INFO    | Model      : params=521,044 | conv=(64, 128) | kernels=(3, 5) | dilations=(1, 2) | lstm=2x96 | head=96 | dropout=0.30 | static_hidden=32 static_dropout=0.10
13:16:37 | INFO    | Train      : batch_size=64 | batches/epoch=35
13:16:37 | INFO    | ------------------------------------------------------------------------------
13:16:37 | INFO    | Epoch   1/100 |   0.3s | train_loss=0.4869 | val AUROC=0.7363 AUPRC=0.8278 F1=0.7813 sens=0.9353 spec=0.2642 | thr=0.316 | lr=1.00e-03 | NEW BEST auprc=0.8278 | elapsed=00:00 eta=00:03
13:16:37 | INFO    | Epoch   2/100 |   0.3s | train_loss=0.4619 | val AUROC=0.7585 AUPRC=0.8471 F1=0.7831 sens=0.8706 spec=0.4340 | thr=0.316 | lr=1.00e-03 | NEW BEST auprc=0.8471 (+0.0194) | elapsed=00:00 eta=00:03
13:16:37 | INFO    | Epoch   3/100 |   0.3s | train_loss=0.4559 | val AUROC=0.7683 AUPRC=0.8553 F1=0.7871 sens=0.9353 spec=0.2925 | thr=0.373 | lr=1.00e-03 | NEW BEST auprc=0.8553 (+0.0082) | elapsed=00:00 eta=00:03
13:16:38 | INFO    | Epoch   4/100 |   0.3s | train_loss=0.4485 | val AUROC=0.7741 AUPRC=0.8579 F1=0.8021 sens=0.9059 spec=0.4340 | thr=0.426 | lr=1.00e-03 | NEW BEST auprc=0.8579 (+0.0026) | elapsed=00:01 eta=00:03
13:16:38 | INFO    | Epoch   5/100 |   0.3s | train_loss=0.4442 | val AUROC=0.7620 AUPRC=0.8462 F1=0.7880 sens=0.9294 spec=0.3113 | thr=0.297 | lr=1.00e-03 | no improve (auprc=0.8462, best=0.8579, stale=1/12) | elapsed=00:01 eta=00:03
13:16:38 | INFO    | Epoch   6/100 |   0.3s | train_loss=0.4416 | val AUROC=0.7652 AUPRC=0.8516 F1=0.7915 sens=0.9824 spec=0.1981 | thr=0.205 | lr=1.00e-03 | no improve (auprc=0.8516, best=0.8579, stale=2/12) | elapsed=00:01 eta=00:03
13:16:38 | INFO    | Epoch   7/100 |   0.3s | train_loss=0.4255 | val AUROC=0.7772 AUPRC=0.8557 F1=0.7929 sens=0.9235 spec=0.3491 | thr=0.324 | lr=1.00e-03 | no improve (auprc=0.8557, best=0.8579, stale=3/12) | elapsed=00:01 eta=00:02
13:16:39 | INFO    | Epoch   8/100 |   0.3s | train_loss=0.4294 | val AUROC=0.7839 AUPRC=0.8655 F1=0.7980 sens=0.9529 spec=0.3019 | thr=0.275 | lr=1.00e-03 | NEW BEST auprc=0.8655 (+0.0076) | elapsed=00:02 eta=00:02
13:16:39 | INFO    | Epoch   9/100 |   0.3s | train_loss=0.4199 | val AUROC=0.7900 AUPRC=0.8673 F1=0.7962 sens=0.9765 spec=0.2358 | thr=0.236 | lr=1.00e-03 | NEW BEST auprc=0.8673 (+0.0018) | elapsed=00:02 eta=00:03
13:16:39 | INFO    | Epoch  10/100 |   0.3s | train_loss=0.4147 | val AUROC=0.7827 AUPRC=0.8597 F1=0.8020 sens=0.9294 spec=0.3774 | thr=0.380 | lr=1.00e-03 | no improve (auprc=0.8597, best=0.8673, stale=1/12) | elapsed=00:02 eta=00:03
13:16:39 | INFO    | Epoch  11/100 |   0.3s | train_loss=0.4039 | val AUROC=0.7643 AUPRC=0.8470 F1=0.7951 sens=0.9588 spec=0.2736 | thr=0.168 | lr=1.00e-03 | no improve (auprc=0.8470, best=0.8673, stale=2/12) | elapsed=00:02 eta=00:03
13:16:40 | INFO    | Epoch  12/100 |   0.3s | train_loss=0.4118 | val AUROC=0.7895 AUPRC=0.8698 F1=0.7980 sens=0.9176 spec=0.3868 | thr=0.327 | lr=1.00e-03 | NEW BEST auprc=0.8698 (+0.0024) | elapsed=00:03 eta=00:02
13:16:40 | INFO    | Epoch  13/100 |   0.3s | train_loss=0.4003 | val AUROC=0.7689 AUPRC=0.8438 F1=0.7990 sens=0.9706 spec=0.2642 | thr=0.110 | lr=1.00e-03 | no improve (auprc=0.8438, best=0.8698, stale=1/12) | elapsed=00:03 eta=00:03
13:16:40 | INFO    | Epoch  14/100 |   0.3s | train_loss=0.3838 | val AUROC=0.7801 AUPRC=0.8589 F1=0.7979 sens=0.8824 spec=0.4717 | thr=0.302 | lr=1.00e-03 | no improve (auprc=0.8589, best=0.8698, stale=2/12) | elapsed=00:03 eta=00:03
13:16:41 | INFO    | Epoch  15/100 |   0.3s | train_loss=0.3844 | val AUROC=0.7716 AUPRC=0.8551 F1=0.7940 sens=0.9294 spec=0.3396 | thr=0.215 | lr=1.00e-03 | no improve (auprc=0.8551, best=0.8698, stale=3/12) | elapsed=00:04 eta=00:02
13:16:41 | INFO    | Epoch  16/100 |   0.3s | train_loss=0.3628 | val AUROC=0.7682 AUPRC=0.8420 F1=0.7980 sens=0.9176 spec=0.3868 | thr=0.227 | lr=1.00e-03 | no improve (auprc=0.8420, best=0.8698, stale=4/12) | elapsed=00:04 eta=00:02
13:16:41 | INFO    | Epoch  17/100 |   0.3s | train_loss=0.3613 | val AUROC=0.7628 AUPRC=0.8408 F1=0.7897 sens=0.9059 spec=0.3774 | thr=0.192 | lr=1.00e-03 | no improve (auprc=0.8408, best=0.8698, stale=5/12) | elapsed=00:04 eta=00:02
13:16:41 | INFO    | Epoch  18/100 |   0.3s | train_loss=0.3492 | val AUROC=0.7846 AUPRC=0.8501 F1=0.8065 sens=0.8706 spec=0.5377 | thr=0.385 | lr=1.00e-03 | no improve (auprc=0.8501, best=0.8698, stale=6/12) | elapsed=00:04 eta=00:02
13:16:42 | INFO    | Epoch  19/100 |   0.3s | train_loss=0.3336 | val AUROC=0.7599 AUPRC=0.8420 F1=0.7888 sens=0.9118 spec=0.3585 | thr=0.265 | lr=5.00e-04 | no improve (auprc=0.8420, best=0.8698, stale=7/12) | elapsed=00:05 eta=00:01
13:16:42 | INFO    | Epoch  20/100 |   0.3s | train_loss=0.3195 | val AUROC=0.7878 AUPRC=0.8647 F1=0.8000 sens=0.9647 spec=0.2830 | thr=0.104 | lr=5.00e-04 | no improve (auprc=0.8647, best=0.8698, stale=8/12) | elapsed=00:05 eta=00:01
13:16:42 | INFO    | Epoch  21/100 |   0.3s | train_loss=0.2845 | val AUROC=0.7856 AUPRC=0.8582 F1=0.8000 sens=0.9294 spec=0.3679 | thr=0.127 | lr=5.00e-04 | no improve (auprc=0.8582, best=0.8698, stale=9/12) | elapsed=00:05 eta=00:01
13:16:42 | INFO    | Epoch  22/100 |   0.3s | train_loss=0.2716 | val AUROC=0.7834 AUPRC=0.8622 F1=0.7853 sens=0.8824 spec=0.4151 | thr=0.238 | lr=5.00e-04 | no improve (auprc=0.8622, best=0.8698, stale=10/12) | elapsed=00:05 eta=00:01
13:16:43 | INFO    | Epoch  23/100 |   0.3s | train_loss=0.2700 | val AUROC=0.7941 AUPRC=0.8627 F1=0.8022 sens=0.8588 spec=0.5472 | thr=0.182 | lr=5.00e-04 | no improve (auprc=0.8627, best=0.8698, stale=11/12) | elapsed=00:06 eta=00:00
13:16:43 | INFO    | Epoch  24/100 |   0.3s | train_loss=0.2457 | val AUROC=0.7804 AUPRC=0.8556 F1=0.7981 sens=0.9647 spec=0.2736 | thr=0.064 | lr=5.00e-04 | no improve (auprc=0.8556, best=0.8698, stale=12/12) | elapsed=00:06 eta=00:00
13:16:43 | INFO    | Early stopping at epoch 24 (no improvement for 12 epochs; best was epoch 12, auprc=0.8698)
13:16:43 | INFO    | Training summary: epochs_run=24 | best_epoch=12 | best_auprc=0.8698 | total_time=00:06 | avg_epoch=0.27s
13:16:43 | INFO    | Final eval: running validation and test passes with best checkpoint ...
13:16:43 | INFO    | Final test  | AUROC=0.7684 AUPRC=0.8394 F1=0.8031 sens=0.9118 spec=0.4245 bal_acc=0.6681 thr=0.327
13:16:43 | INFO    | Final val   | AUROC=0.7895 AUPRC=0.8698 F1=0.7980 sens=0.9176 spec=0.3868
13:16:46 | INFO    |   -> h12__full__static_static | trained_in=00:06 | 4 threshold mode(s)
13:16:46 | INFO    |      [max_f1] test AUROC=0.7684 AUPRC=0.8394 F1=0.8031 sens=0.9118 spec=0.4245 thr=0.327
13:16:46 | INFO    |      [max_balanced_accuracy] test AUROC=0.7684 AUPRC=0.8394 F1=0.6913 sens=0.6059 spec=0.7642 thr=0.548
13:16:46 | INFO    |      [sensitivity_at_specificity] test AUROC=0.7684 AUPRC=0.8394 F1=0.7226 sens=0.6588 spec=0.7358 thr=0.510
13:16:46 | INFO    |      [specificity_at_sensitivity] test AUROC=0.7684 AUPRC=0.8394 F1=0.7937 sens=0.8824 spec=0.4528 thr=0.342
13:16:46 | INFO    |   progress | done=6/12 | elapsed=01:04 | avg/exp=00:10 | eta=01:04
13:16:46 | INFO    | [7/12] Starting h18__values__static_static | elapsed=01:04 | eta=01:04
13:16:46 | INFO    | ------------------------------------------------------------------------------
13:16:46 | INFO    | Experiment: horizon=18h | channel_set=values
13:16:46 | INFO    | Device     : cuda
13:16:46 | INFO    | Input      : mode=static | (T=18, C=5, static=9) | total_features=14 | train=(2205, 18, 5) val=(276, 18, 5) test=(276, 18, 5)
13:16:46 | INFO    | Class bal  : train pos=1,359 neg=846 (pos_frac=0.616) | val pos=170 neg=106 | test pos=170 neg=106
13:16:46 | INFO    | Loss       : BCE | pos_weight=0.623 | sampler=off
13:16:46 | INFO    | Optim      : AdamW lr=1.00e-03 wd=1.00e-04 | grad_clip=1.00
13:16:46 | INFO    | Schedule   : ReduceLROnPlateau (monitor=auprc, factor=0.5, patience=6)
13:16:46 | INFO    | Stopping   : early_stop_patience=12 | epochs<=100
13:16:46 | INFO    | Model      : params=517,716 | conv=(64, 128) | kernels=(3, 5) | dilations=(1, 2) | lstm=2x96 | head=96 | dropout=0.30 | static_hidden=32 static_dropout=0.10
13:16:46 | INFO    | Train      : batch_size=64 | batches/epoch=35
13:16:46 | INFO    | ------------------------------------------------------------------------------
13:16:46 | INFO    | Epoch   1/100 |   0.3s | train_loss=0.4904 | val AUROC=0.7726 AUPRC=0.8492 F1=0.7915 sens=0.9824 spec=0.1981 | thr=0.286 | lr=1.00e-03 | NEW BEST auprc=0.8492 | elapsed=00:00 eta=00:04
13:16:46 | INFO    | Epoch   2/100 |   0.3s | train_loss=0.4710 | val AUROC=0.7677 AUPRC=0.8527 F1=0.7869 sens=0.9882 spec=0.1604 | thr=0.197 | lr=1.00e-03 | NEW BEST auprc=0.8527 (+0.0035) | elapsed=00:00 eta=00:03
13:16:47 | INFO    | Epoch   3/100 |   0.3s | train_loss=0.4529 | val AUROC=0.7609 AUPRC=0.8482 F1=0.7868 sens=0.9118 spec=0.3491 | thr=0.222 | lr=1.00e-03 | no improve (auprc=0.8482, best=0.8527, stale=1/12) | elapsed=00:00 eta=00:03
13:16:47 | INFO    | Epoch   4/100 |   0.3s | train_loss=0.4525 | val AUROC=0.7755 AUPRC=0.8468 F1=0.7907 sens=1.0000 spec=0.1509 | thr=0.160 | lr=1.00e-03 | no improve (auprc=0.8468, best=0.8527, stale=2/12) | elapsed=00:01 eta=00:03
13:16:47 | INFO    | Epoch   5/100 |   0.3s | train_loss=0.4413 | val AUROC=0.7822 AUPRC=0.8567 F1=0.8000 sens=0.9176 spec=0.3962 | thr=0.335 | lr=1.00e-03 | NEW BEST auprc=0.8567 (+0.0040) | elapsed=00:01 eta=00:03
13:16:47 | INFO    | Epoch   6/100 |   0.3s | train_loss=0.4421 | val AUROC=0.7932 AUPRC=0.8665 F1=0.7932 sens=0.8235 spec=0.5943 | thr=0.410 | lr=1.00e-03 | NEW BEST auprc=0.8665 (+0.0099) | elapsed=00:01 eta=00:03
13:16:48 | INFO    | Epoch   7/100 |   0.3s | train_loss=0.4321 | val AUROC=0.8026 AUPRC=0.8749 F1=0.8022 sens=0.8588 spec=0.5472 | thr=0.419 | lr=1.00e-03 | NEW BEST auprc=0.8749 (+0.0084) | elapsed=00:01 eta=00:03
13:16:48 | INFO    | Epoch   8/100 |   0.3s | train_loss=0.4233 | val AUROC=0.7962 AUPRC=0.8694 F1=0.8033 sens=0.8529 spec=0.5660 | thr=0.380 | lr=1.00e-03 | no improve (auprc=0.8694, best=0.8749, stale=1/12) | elapsed=00:02 eta=00:03
13:16:48 | INFO    | Epoch   9/100 |   0.3s | train_loss=0.4204 | val AUROC=0.7824 AUPRC=0.8506 F1=0.8064 sens=0.8941 spec=0.4811 | thr=0.303 | lr=1.00e-03 | no improve (auprc=0.8506, best=0.8749, stale=2/12) | elapsed=00:02 eta=00:03
13:16:49 | INFO    | Epoch  10/100 |   0.3s | train_loss=0.4098 | val AUROC=0.8132 AUPRC=0.8800 F1=0.8050 sens=0.9471 spec=0.3491 | thr=0.261 | lr=1.00e-03 | NEW BEST auprc=0.8800 (+0.0050) | elapsed=00:02 eta=00:03
13:16:49 | INFO    | Epoch  11/100 |   0.3s | train_loss=0.4007 | val AUROC=0.8049 AUPRC=0.8647 F1=0.8022 sens=0.8588 spec=0.5472 | thr=0.358 | lr=1.00e-03 | no improve (auprc=0.8647, best=0.8800, stale=1/12) | elapsed=00:03 eta=00:03
13:16:49 | INFO    | Epoch  12/100 |   0.3s | train_loss=0.3976 | val AUROC=0.8021 AUPRC=0.8800 F1=0.8010 sens=0.9118 spec=0.4151 | thr=0.269 | lr=1.00e-03 | no improve (auprc=0.8800, best=0.8800, stale=2/12) | elapsed=00:03 eta=00:03
13:16:49 | INFO    | Epoch  13/100 |   0.3s | train_loss=0.3786 | val AUROC=0.7784 AUPRC=0.8533 F1=0.7918 sens=0.9059 spec=0.3868 | thr=0.127 | lr=1.00e-03 | no improve (auprc=0.8533, best=0.8800, stale=3/12) | elapsed=00:03 eta=00:02
13:16:50 | INFO    | Epoch  14/100 |   0.3s | train_loss=0.3751 | val AUROC=0.7908 AUPRC=0.8558 F1=0.8079 sens=0.8412 spec=0.6132 | thr=0.336 | lr=1.00e-03 | no improve (auprc=0.8558, best=0.8800, stale=4/12) | elapsed=00:03 eta=00:02
13:16:50 | INFO    | Epoch  15/100 |   0.3s | train_loss=0.3582 | val AUROC=0.7772 AUPRC=0.8604 F1=0.8107 sens=0.8941 spec=0.5000 | thr=0.318 | lr=1.00e-03 | no improve (auprc=0.8604, best=0.8800, stale=5/12) | elapsed=00:04 eta=00:02
13:16:50 | INFO    | Epoch  16/100 |   0.3s | train_loss=0.3382 | val AUROC=0.7707 AUPRC=0.8484 F1=0.7884 sens=0.8765 spec=0.4434 | thr=0.280 | lr=1.00e-03 | no improve (auprc=0.8484, best=0.8800, stale=6/12) | elapsed=00:04 eta=00:02
13:16:50 | INFO    | Epoch  17/100 |   0.3s | train_loss=0.3348 | val AUROC=0.7647 AUPRC=0.8486 F1=0.8021 sens=0.8941 spec=0.4623 | thr=0.192 | lr=5.00e-04 | no improve (auprc=0.8486, best=0.8800, stale=7/12) | elapsed=00:04 eta=00:01
13:16:51 | INFO    | Epoch  18/100 |   0.3s | train_loss=0.2952 | val AUROC=0.8072 AUPRC=0.8805 F1=0.8021 sens=0.8941 spec=0.4623 | thr=0.197 | lr=5.00e-04 | NEW BEST auprc=0.8805 (+0.0005) | elapsed=00:04 eta=00:01
13:16:51 | INFO    | Epoch  19/100 |   0.3s | train_loss=0.2712 | val AUROC=0.7997 AUPRC=0.8749 F1=0.8172 sens=0.8941 spec=0.5283 | thr=0.215 | lr=5.00e-04 | no improve (auprc=0.8749, best=0.8805, stale=1/12) | elapsed=00:05 eta=00:03
13:16:51 | INFO    | Epoch  20/100 |   0.3s | train_loss=0.2601 | val AUROC=0.8072 AUPRC=0.8788 F1=0.8073 sens=0.9118 spec=0.4434 | thr=0.147 | lr=5.00e-04 | no improve (auprc=0.8788, best=0.8805, stale=2/12) | elapsed=00:05 eta=00:03
13:16:51 | INFO    | Epoch  21/100 |   0.3s | train_loss=0.2501 | val AUROC=0.7819 AUPRC=0.8593 F1=0.8055 sens=0.8647 spec=0.5472 | thr=0.167 | lr=5.00e-04 | no improve (auprc=0.8593, best=0.8805, stale=3/12) | elapsed=00:05 eta=00:02
13:16:52 | INFO    | Epoch  22/100 |   0.3s | train_loss=0.2436 | val AUROC=0.7962 AUPRC=0.8679 F1=0.8184 sens=0.8353 spec=0.6698 | thr=0.355 | lr=5.00e-04 | no improve (auprc=0.8679, best=0.8805, stale=4/12) | elapsed=00:05 eta=00:02
13:16:52 | INFO    | Epoch  23/100 |   0.3s | train_loss=0.2258 | val AUROC=0.7867 AUPRC=0.8684 F1=0.8085 sens=0.8941 spec=0.4906 | thr=0.221 | lr=5.00e-04 | no improve (auprc=0.8684, best=0.8805, stale=5/12) | elapsed=00:06 eta=00:02
13:16:52 | INFO    | Epoch  24/100 |   0.3s | train_loss=0.2213 | val AUROC=0.7889 AUPRC=0.8693 F1=0.8065 sens=0.8706 spec=0.5377 | thr=0.149 | lr=5.00e-04 | no improve (auprc=0.8693, best=0.8805, stale=6/12) | elapsed=00:06 eta=00:02
13:16:53 | INFO    | Epoch  25/100 |   0.3s | train_loss=0.2099 | val AUROC=0.7812 AUPRC=0.8674 F1=0.7970 sens=0.9353 spec=0.3396 | thr=0.073 | lr=2.50e-04 | no improve (auprc=0.8674, best=0.8805, stale=7/12) | elapsed=00:06 eta=00:01
13:16:53 | INFO    | Epoch  26/100 |   0.3s | train_loss=0.1910 | val AUROC=0.7872 AUPRC=0.8706 F1=0.7938 sens=0.9059 spec=0.3962 | thr=0.100 | lr=2.50e-04 | no improve (auprc=0.8706, best=0.8805, stale=8/12) | elapsed=00:07 eta=00:01
13:16:53 | INFO    | Epoch  27/100 |   0.3s | train_loss=0.1701 | val AUROC=0.7945 AUPRC=0.8759 F1=0.8031 sens=0.9000 spec=0.4528 | thr=0.169 | lr=2.50e-04 | no improve (auprc=0.8759, best=0.8805, stale=9/12) | elapsed=00:07 eta=00:01
13:16:53 | INFO    | Epoch  28/100 |   0.3s | train_loss=0.1715 | val AUROC=0.7907 AUPRC=0.8710 F1=0.8097 sens=0.8882 spec=0.5094 | thr=0.172 | lr=2.50e-04 | no improve (auprc=0.8710, best=0.8805, stale=10/12) | elapsed=00:07 eta=00:01
13:16:54 | INFO    | Epoch  29/100 |   0.3s | train_loss=0.1577 | val AUROC=0.7895 AUPRC=0.8695 F1=0.8000 sens=0.8471 spec=0.5660 | thr=0.203 | lr=2.50e-04 | no improve (auprc=0.8695, best=0.8805, stale=11/12) | elapsed=00:07 eta=00:00
13:16:54 | INFO    | Epoch  30/100 |   0.3s | train_loss=0.1604 | val AUROC=0.8025 AUPRC=0.8800 F1=0.8043 sens=0.8824 spec=0.5000 | thr=0.145 | lr=2.50e-04 | no improve (auprc=0.8800, best=0.8805, stale=12/12) | elapsed=00:08 eta=00:00
13:16:54 | INFO    | Early stopping at epoch 30 (no improvement for 12 epochs; best was epoch 18, auprc=0.8805)
13:16:54 | INFO    | Training summary: epochs_run=30 | best_epoch=18 | best_auprc=0.8805 | total_time=00:08 | avg_epoch=0.27s
13:16:54 | INFO    | Final eval: running validation and test passes with best checkpoint ...
13:16:54 | INFO    | Final test  | AUROC=0.7296 AUPRC=0.8133 F1=0.7597 sens=0.8647 spec=0.3396 bal_acc=0.6022 thr=0.197
13:16:54 | INFO    | Final val   | AUROC=0.8072 AUPRC=0.8805 F1=0.8021 sens=0.8941 spec=0.4623
13:16:57 | INFO    |   -> h18__values__static_static | trained_in=00:08 | 4 threshold mode(s)
13:16:57 | INFO    |      [max_f1] test AUROC=0.7296 AUPRC=0.8133 F1=0.7597 sens=0.8647 spec=0.3396 thr=0.197
13:16:57 | INFO    |      [max_balanced_accuracy] test AUROC=0.7296 AUPRC=0.8133 F1=0.6867 sens=0.6059 spec=0.7453 thr=0.637
13:16:57 | INFO    |      [sensitivity_at_specificity] test AUROC=0.7296 AUPRC=0.8133 F1=0.7202 sens=0.7118 spec=0.5755 thr=0.442
13:16:57 | INFO    |      [specificity_at_sensitivity] test AUROC=0.7296 AUPRC=0.8133 F1=0.7624 sens=0.9059 spec=0.2453 thr=0.163
13:16:57 | INFO    |   progress | done=7/12 | elapsed=01:15 | avg/exp=00:10 | eta=00:53
13:16:57 | INFO    | [8/12] Starting h18__values_masks__static_static | elapsed=01:15 | eta=00:53
13:16:57 | INFO    | ------------------------------------------------------------------------------
13:16:57 | INFO    | Experiment: horizon=18h | channel_set=values_masks
13:16:57 | INFO    | Device     : cuda
13:16:57 | INFO    | Input      : mode=static | (T=18, C=10, static=9) | total_features=19 | train=(2205, 18, 10) val=(276, 18, 10) test=(276, 18, 10)
13:16:57 | INFO    | Class bal  : train pos=1,359 neg=846 (pos_frac=0.616) | val pos=170 neg=106 | test pos=170 neg=106
13:16:57 | INFO    | Loss       : BCE | pos_weight=0.623 | sampler=off
13:16:57 | INFO    | Optim      : AdamW lr=1.00e-03 wd=1.00e-04 | grad_clip=1.00
13:16:57 | INFO    | Schedule   : ReduceLROnPlateau (monitor=auprc, factor=0.5, patience=6)
13:16:57 | INFO    | Stopping   : early_stop_patience=12 | epochs<=100
13:16:57 | INFO    | Model      : params=518,996 | conv=(64, 128) | kernels=(3, 5) | dilations=(1, 2) | lstm=2x96 | head=96 | dropout=0.30 | static_hidden=32 static_dropout=0.10
13:16:57 | INFO    | Train      : batch_size=64 | batches/epoch=35
13:16:57 | INFO    | ------------------------------------------------------------------------------
13:16:57 | INFO    | Epoch   1/100 |   0.3s | train_loss=0.4913 | val AUROC=0.7385 AUPRC=0.8236 F1=0.7943 sens=0.9882 spec=0.1981 | thr=0.141 | lr=1.00e-03 | NEW BEST auprc=0.8236 | elapsed=00:00 eta=00:03
13:16:57 | INFO    | Epoch   2/100 |   0.3s | train_loss=0.4700 | val AUROC=0.7744 AUPRC=0.8537 F1=0.7934 sens=0.9941 spec=0.1792 | thr=0.219 | lr=1.00e-03 | NEW BEST auprc=0.8537 (+0.0301) | elapsed=00:00 eta=00:03
13:16:57 | INFO    | Epoch   3/100 |   0.3s | train_loss=0.4645 | val AUROC=0.7614 AUPRC=0.8383 F1=0.7990 sens=0.9588 spec=0.2925 | thr=0.387 | lr=1.00e-03 | no improve (auprc=0.8383, best=0.8537, stale=1/12) | elapsed=00:00 eta=00:03
13:16:58 | INFO    | Epoch   4/100 |   0.3s | train_loss=0.4512 | val AUROC=0.7819 AUPRC=0.8605 F1=0.7907 sens=1.0000 spec=0.1509 | thr=0.141 | lr=1.00e-03 | NEW BEST auprc=0.8605 (+0.0068) | elapsed=00:01 eta=00:03
13:16:58 | INFO    | Epoch   5/100 |   0.3s | train_loss=0.4538 | val AUROC=0.8042 AUPRC=0.8669 F1=0.8133 sens=0.9353 spec=0.4151 | thr=0.370 | lr=1.00e-03 | NEW BEST auprc=0.8669 (+0.0064) | elapsed=00:01 eta=00:03
13:16:58 | INFO    | Epoch   6/100 |   0.3s | train_loss=0.4406 | val AUROC=0.7749 AUPRC=0.8450 F1=0.7972 sens=0.9941 spec=0.1981 | thr=0.117 | lr=1.00e-03 | no improve (auprc=0.8450, best=0.8669, stale=1/12) | elapsed=00:01 eta=00:03
13:16:59 | INFO    | Epoch   7/100 |   0.3s | train_loss=0.4373 | val AUROC=0.8067 AUPRC=0.8781 F1=0.7990 sens=0.9588 spec=0.2925 | thr=0.247 | lr=1.00e-03 | NEW BEST auprc=0.8781 (+0.0112) | elapsed=00:01 eta=00:03
13:16:59 | INFO    | Epoch   8/100 |   0.3s | train_loss=0.4331 | val AUROC=0.8238 AUPRC=0.8889 F1=0.8119 sens=0.9647 spec=0.3396 | thr=0.354 | lr=1.00e-03 | NEW BEST auprc=0.8889 (+0.0109) | elapsed=00:02 eta=00:03
13:16:59 | INFO    | Epoch   9/100 |   0.3s | train_loss=0.4320 | val AUROC=0.8052 AUPRC=0.8744 F1=0.8041 sens=0.9176 spec=0.4151 | thr=0.251 | lr=1.00e-03 | no improve (auprc=0.8744, best=0.8889, stale=1/12) | elapsed=00:02 eta=00:03
13:16:59 | INFO    | Epoch  10/100 |   0.3s | train_loss=0.4275 | val AUROC=0.8009 AUPRC=0.8771 F1=0.7959 sens=0.9059 spec=0.4057 | thr=0.234 | lr=1.00e-03 | no improve (auprc=0.8771, best=0.8889, stale=2/12) | elapsed=00:02 eta=00:03
13:17:00 | INFO    | Epoch  11/100 |   0.3s | train_loss=0.4176 | val AUROC=0.7770 AUPRC=0.8527 F1=0.7890 sens=0.8471 spec=0.5189 | thr=0.341 | lr=1.00e-03 | no improve (auprc=0.8527, best=0.8889, stale=3/12) | elapsed=00:02 eta=00:02
13:17:00 | INFO    | Epoch  12/100 |   0.3s | train_loss=0.4081 | val AUROC=0.7851 AUPRC=0.8576 F1=0.8050 sens=0.9471 spec=0.3491 | thr=0.201 | lr=1.00e-03 | no improve (auprc=0.8576, best=0.8889, stale=4/12) | elapsed=00:03 eta=00:02
13:17:00 | INFO    | Epoch  13/100 |   0.3s | train_loss=0.3997 | val AUROC=0.8062 AUPRC=0.8764 F1=0.8020 sens=0.9647 spec=0.2925 | thr=0.177 | lr=1.00e-03 | no improve (auprc=0.8764, best=0.8889, stale=5/12) | elapsed=00:03 eta=00:02
13:17:00 | INFO    | Epoch  14/100 |   0.3s | train_loss=0.3921 | val AUROC=0.8007 AUPRC=0.8675 F1=0.8030 sens=0.9353 spec=0.3679 | thr=0.226 | lr=1.00e-03 | no improve (auprc=0.8675, best=0.8889, stale=6/12) | elapsed=00:03 eta=00:02
13:17:01 | INFO    | Epoch  15/100 |   0.3s | train_loss=0.3783 | val AUROC=0.7922 AUPRC=0.8720 F1=0.7882 sens=0.9412 spec=0.2830 | thr=0.240 | lr=5.00e-04 | no improve (auprc=0.8720, best=0.8889, stale=7/12) | elapsed=00:04 eta=00:01
13:17:01 | INFO    | Epoch  16/100 |   0.3s | train_loss=0.3548 | val AUROC=0.8013 AUPRC=0.8739 F1=0.8052 sens=0.9118 spec=0.4340 | thr=0.290 | lr=5.00e-04 | no improve (auprc=0.8739, best=0.8889, stale=8/12) | elapsed=00:04 eta=00:01
13:17:01 | INFO    | Epoch  17/100 |   0.3s | train_loss=0.3332 | val AUROC=0.7978 AUPRC=0.8764 F1=0.7932 sens=0.9588 spec=0.2642 | thr=0.145 | lr=5.00e-04 | no improve (auprc=0.8764, best=0.8889, stale=9/12) | elapsed=00:04 eta=00:01
13:17:01 | INFO    | Epoch  18/100 |   0.3s | train_loss=0.3214 | val AUROC=0.8002 AUPRC=0.8734 F1=0.7945 sens=0.8529 spec=0.5283 | thr=0.221 | lr=5.00e-04 | no improve (auprc=0.8734, best=0.8889, stale=10/12) | elapsed=00:04 eta=00:01
13:17:02 | INFO    | Epoch  19/100 |   0.3s | train_loss=0.3130 | val AUROC=0.8031 AUPRC=0.8765 F1=0.7920 sens=0.9294 spec=0.3302 | thr=0.149 | lr=5.00e-04 | no improve (auprc=0.8765, best=0.8889, stale=11/12) | elapsed=00:05 eta=00:00
13:17:02 | INFO    | Epoch  20/100 |   0.3s | train_loss=0.3040 | val AUROC=0.7983 AUPRC=0.8768 F1=0.7933 sens=0.8353 spec=0.5660 | thr=0.296 | lr=5.00e-04 | no improve (auprc=0.8768, best=0.8889, stale=12/12) | elapsed=00:05 eta=00:00
13:17:02 | INFO    | Early stopping at epoch 20 (no improvement for 12 epochs; best was epoch 8, auprc=0.8889)
13:17:02 | INFO    | Training summary: epochs_run=20 | best_epoch=8 | best_auprc=0.8889 | total_time=00:05 | avg_epoch=0.27s
13:17:02 | INFO    | Final eval: running validation and test passes with best checkpoint ...
13:17:02 | INFO    | Final test  | AUROC=0.7303 AUPRC=0.8290 F1=0.7764 sens=0.9294 spec=0.2547 bal_acc=0.5921 thr=0.354
13:17:02 | INFO    | Final val   | AUROC=0.8238 AUPRC=0.8889 F1=0.8119 sens=0.9647 spec=0.3396
13:17:05 | INFO    |   -> h18__values_masks__static_static | trained_in=00:05 | 4 threshold mode(s)
13:17:05 | INFO    |      [max_f1] test AUROC=0.7303 AUPRC=0.8290 F1=0.7764 sens=0.9294 spec=0.2547 thr=0.354
13:17:05 | INFO    |      [max_balanced_accuracy] test AUROC=0.7303 AUPRC=0.8290 F1=0.7190 sens=0.7000 spec=0.6038 thr=0.493
13:17:05 | INFO    |      [sensitivity_at_specificity] test AUROC=0.7303 AUPRC=0.8290 F1=0.7186 sens=0.7059 spec=0.5849 thr=0.490
13:17:05 | INFO    |      [specificity_at_sensitivity] test AUROC=0.7303 AUPRC=0.8290 F1=0.7604 sens=0.8588 spec=0.3585 thr=0.405
13:17:05 | INFO    |   progress | done=8/12 | elapsed=01:23 | avg/exp=00:10 | eta=00:41
13:17:05 | INFO    | [9/12] Starting h18__full__static_static | elapsed=01:23 | eta=00:41
13:17:05 | INFO    | ------------------------------------------------------------------------------
13:17:05 | INFO    | Experiment: horizon=18h | channel_set=full
13:17:05 | INFO    | Device     : cuda
13:17:05 | INFO    | Input      : mode=static | (T=18, C=18, static=9) | total_features=27 | train=(2205, 18, 18) val=(276, 18, 18) test=(276, 18, 18)
13:17:05 | INFO    | Class bal  : train pos=1,359 neg=846 (pos_frac=0.616) | val pos=170 neg=106 | test pos=170 neg=106
13:17:05 | INFO    | Loss       : BCE | pos_weight=0.623 | sampler=off
13:17:05 | INFO    | Optim      : AdamW lr=1.00e-03 wd=1.00e-04 | grad_clip=1.00
13:17:05 | INFO    | Schedule   : ReduceLROnPlateau (monitor=auprc, factor=0.5, patience=6)
13:17:05 | INFO    | Stopping   : early_stop_patience=12 | epochs<=100
13:17:05 | INFO    | Model      : params=521,044 | conv=(64, 128) | kernels=(3, 5) | dilations=(1, 2) | lstm=2x96 | head=96 | dropout=0.30 | static_hidden=32 static_dropout=0.10
13:17:05 | INFO    | Train      : batch_size=64 | batches/epoch=35
13:17:05 | INFO    | ------------------------------------------------------------------------------
13:17:05 | INFO    | Epoch   1/100 |   0.3s | train_loss=0.4844 | val AUROC=0.7535 AUPRC=0.8380 F1=0.7887 sens=0.9882 spec=0.1698 | thr=0.237 | lr=1.00e-03 | NEW BEST auprc=0.8380 | elapsed=00:00 eta=00:03
13:17:06 | INFO    | Epoch   2/100 |   0.3s | train_loss=0.4599 | val AUROC=0.7724 AUPRC=0.8512 F1=0.7981 sens=0.9765 spec=0.2453 | thr=0.208 | lr=1.00e-03 | NEW BEST auprc=0.8512 (+0.0132) | elapsed=00:00 eta=00:03
13:17:06 | INFO    | Epoch   3/100 |   0.3s | train_loss=0.4530 | val AUROC=0.7835 AUPRC=0.8606 F1=0.8061 sens=0.9294 spec=0.3962 | thr=0.403 | lr=1.00e-03 | NEW BEST auprc=0.8606 (+0.0094) | elapsed=00:00 eta=00:03
13:17:06 | INFO    | Epoch   4/100 |   0.3s | train_loss=0.4483 | val AUROC=0.7830 AUPRC=0.8598 F1=0.8043 sens=0.8824 spec=0.5000 | thr=0.458 | lr=1.00e-03 | no improve (auprc=0.8598, best=0.8606, stale=1/12) | elapsed=00:01 eta=00:03
13:17:06 | INFO    | Epoch   5/100 |   0.3s | train_loss=0.4412 | val AUROC=0.7745 AUPRC=0.8520 F1=0.7971 sens=0.9706 spec=0.2547 | thr=0.251 | lr=1.00e-03 | no improve (auprc=0.8520, best=0.8606, stale=2/12) | elapsed=00:01 eta=00:03
13:17:07 | INFO    | Epoch   6/100 |   0.3s | train_loss=0.4353 | val AUROC=0.7825 AUPRC=0.8594 F1=0.8148 sens=0.9706 spec=0.3396 | thr=0.250 | lr=1.00e-03 | no improve (auprc=0.8594, best=0.8606, stale=3/12) | elapsed=00:01 eta=00:03
13:17:07 | INFO    | Epoch   7/100 |   0.3s | train_loss=0.4250 | val AUROC=0.7971 AUPRC=0.8642 F1=0.8223 sens=0.9529 spec=0.4151 | thr=0.384 | lr=1.00e-03 | NEW BEST auprc=0.8642 (+0.0037) | elapsed=00:01 eta=00:02
13:17:07 | INFO    | Epoch   8/100 |   0.3s | train_loss=0.4253 | val AUROC=0.7918 AUPRC=0.8661 F1=0.8090 sens=0.9471 spec=0.3679 | thr=0.241 | lr=1.00e-03 | NEW BEST auprc=0.8661 (+0.0018) | elapsed=00:02 eta=00:03
13:17:07 | INFO    | Epoch   9/100 |   0.3s | train_loss=0.4142 | val AUROC=0.8098 AUPRC=0.8739 F1=0.8226 sens=0.9412 spec=0.4434 | thr=0.278 | lr=1.00e-03 | NEW BEST auprc=0.8739 (+0.0078) | elapsed=00:02 eta=00:03
13:17:08 | INFO    | Epoch  10/100 |   0.3s | train_loss=0.4099 | val AUROC=0.8067 AUPRC=0.8653 F1=0.8269 sens=0.9412 spec=0.4623 | thr=0.399 | lr=1.00e-03 | no improve (auprc=0.8653, best=0.8739, stale=1/12) | elapsed=00:02 eta=00:03
13:17:08 | INFO    | Epoch  11/100 |   0.3s | train_loss=0.4033 | val AUROC=0.7947 AUPRC=0.8687 F1=0.8187 sens=0.9294 spec=0.4528 | thr=0.222 | lr=1.00e-03 | no improve (auprc=0.8687, best=0.8739, stale=2/12) | elapsed=00:03 eta=00:03
13:17:08 | INFO    | Epoch  12/100 |   0.3s | train_loss=0.4100 | val AUROC=0.8173 AUPRC=0.8718 F1=0.8189 sens=0.9176 spec=0.4811 | thr=0.359 | lr=1.00e-03 | no improve (auprc=0.8718, best=0.8739, stale=3/12) | elapsed=00:03 eta=00:03
13:17:09 | INFO    | Epoch  13/100 |   0.3s | train_loss=0.4036 | val AUROC=0.7870 AUPRC=0.8586 F1=0.8095 sens=0.9000 spec=0.4811 | thr=0.283 | lr=1.00e-03 | no improve (auprc=0.8586, best=0.8739, stale=4/12) | elapsed=00:03 eta=00:02
13:17:09 | INFO    | Epoch  14/100 |   0.3s | train_loss=0.3822 | val AUROC=0.8024 AUPRC=0.8727 F1=0.8220 sens=0.9235 spec=0.4811 | thr=0.264 | lr=1.00e-03 | no improve (auprc=0.8727, best=0.8739, stale=5/12) | elapsed=00:03 eta=00:02
13:17:09 | INFO    | Epoch  15/100 |   0.3s | train_loss=0.3793 | val AUROC=0.7968 AUPRC=0.8733 F1=0.8223 sens=0.9529 spec=0.4151 | thr=0.201 | lr=1.00e-03 | no improve (auprc=0.8733, best=0.8739, stale=6/12) | elapsed=00:04 eta=00:02
13:17:09 | INFO    | Epoch  16/100 |   0.3s | train_loss=0.3646 | val AUROC=0.7997 AUPRC=0.8660 F1=0.8244 sens=0.9529 spec=0.4245 | thr=0.228 | lr=5.00e-04 | no improve (auprc=0.8660, best=0.8739, stale=7/12) | elapsed=00:04 eta=00:01
13:17:10 | INFO    | Epoch  17/100 |   0.3s | train_loss=0.3442 | val AUROC=0.7966 AUPRC=0.8676 F1=0.8256 sens=0.9471 spec=0.4434 | thr=0.221 | lr=5.00e-04 | no improve (auprc=0.8676, best=0.8739, stale=8/12) | elapsed=00:04 eta=00:01
13:17:10 | INFO    | Epoch  18/100 |   0.3s | train_loss=0.3379 | val AUROC=0.8104 AUPRC=0.8681 F1=0.8255 sens=0.8765 spec=0.6038 | thr=0.356 | lr=5.00e-04 | no improve (auprc=0.8681, best=0.8739, stale=9/12) | elapsed=00:04 eta=00:01
13:17:10 | INFO    | Epoch  19/100 |   0.3s | train_loss=0.3136 | val AUROC=0.8093 AUPRC=0.8739 F1=0.8251 sens=0.9294 spec=0.4811 | thr=0.223 | lr=5.00e-04 | no improve (auprc=0.8739, best=0.8739, stale=10/12) | elapsed=00:05 eta=00:01
13:17:10 | INFO    | Epoch  20/100 |   0.3s | train_loss=0.3123 | val AUROC=0.8021 AUPRC=0.8709 F1=0.8133 sens=0.9353 spec=0.4151 | thr=0.211 | lr=5.00e-04 | no improve (auprc=0.8709, best=0.8739, stale=11/12) | elapsed=00:05 eta=00:00
13:17:11 | INFO    | Epoch  21/100 |   0.3s | train_loss=0.2938 | val AUROC=0.8017 AUPRC=0.8705 F1=0.8207 sens=0.8882 spec=0.5566 | thr=0.240 | lr=5.00e-04 | no improve (auprc=0.8705, best=0.8739, stale=12/12) | elapsed=00:05 eta=00:00
13:17:11 | INFO    | Early stopping at epoch 21 (no improvement for 12 epochs; best was epoch 9, auprc=0.8739)
13:17:11 | INFO    | Training summary: epochs_run=21 | best_epoch=9 | best_auprc=0.8739 | total_time=00:05 | avg_epoch=0.27s
13:17:11 | INFO    | Final eval: running validation and test passes with best checkpoint ...
13:17:11 | INFO    | Final test  | AUROC=0.7902 AUPRC=0.8560 F1=0.8052 sens=0.9118 spec=0.4340 bal_acc=0.6729 thr=0.278
13:17:11 | INFO    | Final val   | AUROC=0.8098 AUPRC=0.8739 F1=0.8226 sens=0.9412 spec=0.4434
13:17:13 | INFO    |   -> h18__full__static_static | trained_in=00:05 | 4 threshold mode(s)
13:17:13 | INFO    |      [max_f1] test AUROC=0.7902 AUPRC=0.8560 F1=0.8052 sens=0.9118 spec=0.4340 thr=0.278
13:17:13 | INFO    |      [max_balanced_accuracy] test AUROC=0.7902 AUPRC=0.8560 F1=0.7067 sens=0.6235 spec=0.7736 thr=0.533
13:17:13 | INFO    |      [sensitivity_at_specificity] test AUROC=0.7902 AUPRC=0.8560 F1=0.7143 sens=0.6471 spec=0.7358 thr=0.500
13:17:13 | INFO    |      [specificity_at_sensitivity] test AUROC=0.7902 AUPRC=0.8560 F1=0.8086 sens=0.8824 spec=0.5189 thr=0.321
13:17:13 | INFO    |   progress | done=9/12 | elapsed=01:32 | avg/exp=00:10 | eta=00:30
13:17:13 | INFO    | [10/12] Starting h24__values__static_static | elapsed=01:32 | eta=00:30
13:17:13 | INFO    | ------------------------------------------------------------------------------
13:17:13 | INFO    | Experiment: horizon=24h | channel_set=values
13:17:13 | INFO    | Device     : cuda
13:17:13 | INFO    | Input      : mode=static | (T=24, C=5, static=9) | total_features=14 | train=(2205, 24, 5) val=(276, 24, 5) test=(276, 24, 5)
13:17:13 | INFO    | Class bal  : train pos=1,359 neg=846 (pos_frac=0.616) | val pos=170 neg=106 | test pos=170 neg=106
13:17:13 | INFO    | Loss       : BCE | pos_weight=0.623 | sampler=off
13:17:13 | INFO    | Optim      : AdamW lr=1.00e-03 wd=1.00e-04 | grad_clip=1.00
13:17:13 | INFO    | Schedule   : ReduceLROnPlateau (monitor=auprc, factor=0.5, patience=6)
13:17:13 | INFO    | Stopping   : early_stop_patience=12 | epochs<=100
13:17:13 | INFO    | Model      : params=517,716 | conv=(64, 128) | kernels=(3, 5) | dilations=(1, 2) | lstm=2x96 | head=96 | dropout=0.30 | static_hidden=32 static_dropout=0.10
13:17:13 | INFO    | Train      : batch_size=64 | batches/epoch=35
13:17:13 | INFO    | ------------------------------------------------------------------------------
13:17:14 | INFO    | Epoch   1/100 |   0.3s | train_loss=0.4873 | val AUROC=0.7736 AUPRC=0.8532 F1=0.7980 sens=0.9294 spec=0.3585 | thr=0.390 | lr=1.00e-03 | NEW BEST auprc=0.8532 | elapsed=00:00 eta=00:04
13:17:14 | INFO    | Epoch   2/100 |   0.3s | train_loss=0.4674 | val AUROC=0.7733 AUPRC=0.8579 F1=0.7838 sens=0.9706 spec=0.1887 | thr=0.225 | lr=1.00e-03 | NEW BEST auprc=0.8579 (+0.0047) | elapsed=00:00 eta=00:03
13:17:14 | INFO    | Epoch   3/100 |   0.3s | train_loss=0.4517 | val AUROC=0.7800 AUPRC=0.8647 F1=0.7949 sens=0.9235 spec=0.3585 | thr=0.217 | lr=1.00e-03 | NEW BEST auprc=0.8647 (+0.0068) | elapsed=00:00 eta=00:03
13:17:15 | INFO    | Epoch   4/100 |   0.3s | train_loss=0.4518 | val AUROC=0.7895 AUPRC=0.8566 F1=0.7978 sens=0.8471 spec=0.5566 | thr=0.407 | lr=1.00e-03 | no improve (auprc=0.8566, best=0.8647, stale=1/12) | elapsed=00:01 eta=00:03
13:17:15 | INFO    | Epoch   5/100 |   0.3s | train_loss=0.4407 | val AUROC=0.7942 AUPRC=0.8699 F1=0.7912 sens=0.9471 spec=0.2830 | thr=0.297 | lr=1.00e-03 | NEW BEST auprc=0.8699 (+0.0052) | elapsed=00:01 eta=00:03
13:17:15 | INFO    | Epoch   6/100 |   0.3s | train_loss=0.4334 | val AUROC=0.7955 AUPRC=0.8744 F1=0.7935 sens=0.8588 spec=0.5094 | thr=0.366 | lr=1.00e-03 | NEW BEST auprc=0.8744 (+0.0046) | elapsed=00:01 eta=00:03
13:17:15 | INFO    | Epoch   7/100 |   0.3s | train_loss=0.4297 | val AUROC=0.8096 AUPRC=0.8809 F1=0.8085 sens=0.8941 spec=0.4906 | thr=0.381 | lr=1.00e-03 | NEW BEST auprc=0.8809 (+0.0064) | elapsed=00:01 eta=00:03
13:17:16 | INFO    | Epoch   8/100 |   0.3s | train_loss=0.4184 | val AUROC=0.8031 AUPRC=0.8749 F1=0.8039 sens=0.9647 spec=0.3019 | thr=0.257 | lr=1.00e-03 | no improve (auprc=0.8749, best=0.8809, stale=1/12) | elapsed=00:02 eta=00:03
13:17:16 | INFO    | Epoch   9/100 |   0.3s | train_loss=0.4176 | val AUROC=0.8078 AUPRC=0.8684 F1=0.8189 sens=0.9706 spec=0.3585 | thr=0.248 | lr=1.00e-03 | no improve (auprc=0.8684, best=0.8809, stale=2/12) | elapsed=00:02 eta=00:03
13:17:16 | INFO    | Epoch  10/100 |   0.3s | train_loss=0.4059 | val AUROC=0.8024 AUPRC=0.8728 F1=0.8074 sens=0.9000 spec=0.4717 | thr=0.298 | lr=1.00e-03 | no improve (auprc=0.8728, best=0.8809, stale=3/12) | elapsed=00:02 eta=00:03
13:17:17 | INFO    | Epoch  11/100 |   0.3s | train_loss=0.4026 | val AUROC=0.7978 AUPRC=0.8667 F1=0.8051 sens=0.9235 spec=0.4057 | thr=0.246 | lr=1.00e-03 | no improve (auprc=0.8667, best=0.8809, stale=4/12) | elapsed=00:03 eta=00:02
13:17:17 | INFO    | Epoch  12/100 |   0.3s | train_loss=0.3953 | val AUROC=0.8012 AUPRC=0.8748 F1=0.8119 sens=0.9647 spec=0.3396 | thr=0.275 | lr=1.00e-03 | no improve (auprc=0.8748, best=0.8809, stale=5/12) | elapsed=00:03 eta=00:02
13:17:17 | INFO    | Epoch  13/100 |   0.3s | train_loss=0.3771 | val AUROC=0.7651 AUPRC=0.8372 F1=0.8068 sens=0.9824 spec=0.2736 | thr=0.118 | lr=1.00e-03 | no improve (auprc=0.8372, best=0.8809, stale=6/12) | elapsed=00:03 eta=00:02
13:17:17 | INFO    | Epoch  14/100 |   0.3s | train_loss=0.3771 | val AUROC=0.7942 AUPRC=0.8642 F1=0.8062 sens=0.9176 spec=0.4245 | thr=0.263 | lr=5.00e-04 | no improve (auprc=0.8642, best=0.8809, stale=7/12) | elapsed=00:03 eta=00:01
13:17:18 | INFO    | Epoch  15/100 |   0.3s | train_loss=0.3496 | val AUROC=0.8084 AUPRC=0.8701 F1=0.8259 sens=0.9765 spec=0.3774 | thr=0.225 | lr=5.00e-04 | no improve (auprc=0.8701, best=0.8809, stale=8/12) | elapsed=00:04 eta=00:01
13:17:18 | INFO    | Epoch  16/100 |   0.3s | train_loss=0.3223 | val AUROC=0.7972 AUPRC=0.8635 F1=0.8156 sens=0.9235 spec=0.4528 | thr=0.206 | lr=5.00e-04 | no improve (auprc=0.8635, best=0.8809, stale=9/12) | elapsed=00:04 eta=00:01
13:17:18 | INFO    | Epoch  17/100 |   0.3s | train_loss=0.3241 | val AUROC=0.7748 AUPRC=0.8510 F1=0.8043 sens=0.8824 spec=0.5000 | thr=0.262 | lr=5.00e-04 | no improve (auprc=0.8510, best=0.8809, stale=10/12) | elapsed=00:04 eta=00:01
13:17:18 | INFO    | Epoch  18/100 |   0.3s | train_loss=0.2954 | val AUROC=0.7921 AUPRC=0.8681 F1=0.8020 sens=0.9294 spec=0.3774 | thr=0.162 | lr=5.00e-04 | no improve (auprc=0.8681, best=0.8809, stale=11/12) | elapsed=00:04 eta=00:00
13:17:19 | INFO    | Epoch  19/100 |   0.3s | train_loss=0.2894 | val AUROC=0.7916 AUPRC=0.8628 F1=0.8058 sens=0.9765 spec=0.2830 | thr=0.083 | lr=5.00e-04 | no improve (auprc=0.8628, best=0.8809, stale=12/12) | elapsed=00:05 eta=00:00
13:17:19 | INFO    | Early stopping at epoch 19 (no improvement for 12 epochs; best was epoch 7, auprc=0.8809)
13:17:19 | INFO    | Training summary: epochs_run=19 | best_epoch=7 | best_auprc=0.8809 | total_time=00:05 | avg_epoch=0.27s
13:17:19 | INFO    | Final eval: running validation and test passes with best checkpoint ...
13:17:19 | INFO    | Final test  | AUROC=0.7428 AUPRC=0.8327 F1=0.7541 sens=0.8118 spec=0.4528 bal_acc=0.6323 thr=0.381
13:17:19 | INFO    | Final val   | AUROC=0.8096 AUPRC=0.8809 F1=0.8085 sens=0.8941 spec=0.4906
13:17:22 | INFO    |   -> h24__values__static_static | trained_in=00:05 | 4 threshold mode(s)
13:17:22 | INFO    |      [max_f1] test AUROC=0.7428 AUPRC=0.8327 F1=0.7541 sens=0.8118 spec=0.4528 thr=0.381
13:17:22 | INFO    |      [max_balanced_accuracy] test AUROC=0.7428 AUPRC=0.8327 F1=0.7178 sens=0.6882 spec=0.6321 thr=0.518
13:17:22 | INFO    |      [sensitivity_at_specificity] test AUROC=0.7428 AUPRC=0.8327 F1=0.7262 sens=0.7176 spec=0.5849 thr=0.488
13:17:22 | INFO    |      [specificity_at_sensitivity] test AUROC=0.7428 AUPRC=0.8327 F1=0.7588 sens=0.8235 spec=0.4434 thr=0.363
13:17:22 | INFO    |   progress | done=10/12 | elapsed=01:40 | avg/exp=00:10 | eta=00:20
13:17:22 | INFO    | [11/12] Starting h24__values_masks__static_static | elapsed=01:40 | eta=00:20
13:17:22 | INFO    | ------------------------------------------------------------------------------
13:17:22 | INFO    | Experiment: horizon=24h | channel_set=values_masks
13:17:22 | INFO    | Device     : cuda
13:17:22 | INFO    | Input      : mode=static | (T=24, C=10, static=9) | total_features=19 | train=(2205, 24, 10) val=(276, 24, 10) test=(276, 24, 10)
13:17:22 | INFO    | Class bal  : train pos=1,359 neg=846 (pos_frac=0.616) | val pos=170 neg=106 | test pos=170 neg=106
13:17:22 | INFO    | Loss       : BCE | pos_weight=0.623 | sampler=off
13:17:22 | INFO    | Optim      : AdamW lr=1.00e-03 wd=1.00e-04 | grad_clip=1.00
13:17:22 | INFO    | Schedule   : ReduceLROnPlateau (monitor=auprc, factor=0.5, patience=6)
13:17:22 | INFO    | Stopping   : early_stop_patience=12 | epochs<=100
13:17:22 | INFO    | Model      : params=518,996 | conv=(64, 128) | kernels=(3, 5) | dilations=(1, 2) | lstm=2x96 | head=96 | dropout=0.30 | static_hidden=32 static_dropout=0.10
13:17:22 | INFO    | Train      : batch_size=64 | batches/epoch=35
13:17:22 | INFO    | ------------------------------------------------------------------------------
13:17:22 | INFO    | Epoch   1/100 |   0.3s | train_loss=0.4898 | val AUROC=0.7540 AUPRC=0.8358 F1=0.7896 sens=0.9824 spec=0.1887 | thr=0.132 | lr=1.00e-03 | NEW BEST auprc=0.8358 | elapsed=00:00 eta=00:03
13:17:22 | INFO    | Epoch   2/100 |   0.3s | train_loss=0.4683 | val AUROC=0.7911 AUPRC=0.8701 F1=0.8030 sens=0.9471 spec=0.3396 | thr=0.282 | lr=1.00e-03 | NEW BEST auprc=0.8701 (+0.0343) | elapsed=00:00 eta=00:03
13:17:22 | INFO    | Epoch   3/100 |   0.3s | train_loss=0.4604 | val AUROC=0.7772 AUPRC=0.8507 F1=0.7991 sens=0.9941 spec=0.2075 | thr=0.247 | lr=1.00e-03 | no improve (auprc=0.8507, best=0.8701, stale=1/12) | elapsed=00:00 eta=00:03
13:17:23 | INFO    | Epoch   4/100 |   0.3s | train_loss=0.4495 | val AUROC=0.7902 AUPRC=0.8686 F1=0.7981 sens=1.0000 spec=0.1887 | thr=0.157 | lr=1.00e-03 | no improve (auprc=0.8686, best=0.8701, stale=2/12) | elapsed=00:01 eta=00:03
13:17:23 | INFO    | Epoch   5/100 |   0.3s | train_loss=0.4492 | val AUROC=0.8027 AUPRC=0.8708 F1=0.8214 sens=0.9471 spec=0.4245 | thr=0.351 | lr=1.00e-03 | NEW BEST auprc=0.8708 (+0.0007) | elapsed=00:01 eta=00:03
13:17:23 | INFO    | Epoch   6/100 |   0.3s | train_loss=0.4434 | val AUROC=0.7956 AUPRC=0.8714 F1=0.7981 sens=1.0000 spec=0.1887 | thr=0.102 | lr=1.00e-03 | NEW BEST auprc=0.8714 (+0.0006) | elapsed=00:01 eta=00:03
13:17:24 | INFO    | Epoch   7/100 |   0.3s | train_loss=0.4334 | val AUROC=0.8048 AUPRC=0.8795 F1=0.8043 sens=0.8706 spec=0.5283 | thr=0.450 | lr=1.00e-03 | NEW BEST auprc=0.8795 (+0.0080) | elapsed=00:01 eta=00:03
13:17:24 | INFO    | Epoch   8/100 |   0.3s | train_loss=0.4352 | val AUROC=0.8144 AUPRC=0.8830 F1=0.8142 sens=0.9412 spec=0.4057 | thr=0.387 | lr=1.00e-03 | NEW BEST auprc=0.8830 (+0.0035) | elapsed=00:02 eta=00:03
13:17:24 | INFO    | Epoch   9/100 |   0.3s | train_loss=0.4290 | val AUROC=0.7969 AUPRC=0.8683 F1=0.8049 sens=0.9706 spec=0.2925 | thr=0.145 | lr=1.00e-03 | no improve (auprc=0.8683, best=0.8830, stale=1/12) | elapsed=00:02 eta=00:03
13:17:24 | INFO    | Epoch  10/100 |   0.3s | train_loss=0.4267 | val AUROC=0.8098 AUPRC=0.8820 F1=0.8039 sens=0.9765 spec=0.2736 | thr=0.154 | lr=1.00e-03 | no improve (auprc=0.8820, best=0.8830, stale=2/12) | elapsed=00:02 eta=00:03
13:17:25 | INFO    | Epoch  11/100 |   0.3s | train_loss=0.4159 | val AUROC=0.7946 AUPRC=0.8729 F1=0.8010 sens=0.9706 spec=0.2736 | thr=0.209 | lr=1.00e-03 | no improve (auprc=0.8729, best=0.8830, stale=3/12) | elapsed=00:03 eta=00:03
13:17:25 | INFO    | Epoch  12/100 |   0.3s | train_loss=0.4069 | val AUROC=0.8039 AUPRC=0.8774 F1=0.8010 sens=0.9353 spec=0.3585 | thr=0.209 | lr=1.00e-03 | no improve (auprc=0.8774, best=0.8830, stale=4/12) | elapsed=00:03 eta=00:02
13:17:25 | INFO    | Epoch  13/100 |   0.3s | train_loss=0.4035 | val AUROC=0.8085 AUPRC=0.8799 F1=0.8039 sens=0.9765 spec=0.2736 | thr=0.187 | lr=1.00e-03 | no improve (auprc=0.8799, best=0.8830, stale=5/12) | elapsed=00:03 eta=00:02
13:17:25 | INFO    | Epoch  14/100 |   0.3s | train_loss=0.3950 | val AUROC=0.8155 AUPRC=0.8834 F1=0.8039 sens=0.9765 spec=0.2736 | thr=0.192 | lr=1.00e-03 | NEW BEST auprc=0.8834 (+0.0005) | elapsed=00:03 eta=00:02
13:17:26 | INFO    | Epoch  15/100 |   0.3s | train_loss=0.3869 | val AUROC=0.7810 AUPRC=0.8642 F1=0.7914 sens=0.9706 spec=0.2264 | thr=0.230 | lr=1.00e-03 | no improve (auprc=0.8642, best=0.8834, stale=1/12) | elapsed=00:04 eta=00:03
13:17:26 | INFO    | Epoch  16/100 |   0.3s | train_loss=0.3803 | val AUROC=0.7924 AUPRC=0.8584 F1=0.8136 sens=0.9882 spec=0.2925 | thr=0.193 | lr=1.00e-03 | no improve (auprc=0.8584, best=0.8834, stale=2/12) | elapsed=00:04 eta=00:03
13:17:26 | INFO    | Epoch  17/100 |   0.3s | train_loss=0.3638 | val AUROC=0.7853 AUPRC=0.8624 F1=0.7990 sens=0.9588 spec=0.2925 | thr=0.271 | lr=1.00e-03 | no improve (auprc=0.8624, best=0.8834, stale=3/12) | elapsed=00:04 eta=00:03
13:17:26 | INFO    | Epoch  18/100 |   0.3s | train_loss=0.3593 | val AUROC=0.7940 AUPRC=0.8682 F1=0.8010 sens=0.9235 spec=0.3868 | thr=0.179 | lr=1.00e-03 | no improve (auprc=0.8682, best=0.8834, stale=4/12) | elapsed=00:04 eta=00:02
13:17:27 | INFO    | Epoch  19/100 |   0.3s | train_loss=0.3515 | val AUROC=0.7817 AUPRC=0.8594 F1=0.8020 sens=0.9294 spec=0.3774 | thr=0.270 | lr=1.00e-03 | no improve (auprc=0.8594, best=0.8834, stale=5/12) | elapsed=00:05 eta=00:02
13:17:27 | INFO    | Epoch  20/100 |   0.3s | train_loss=0.3281 | val AUROC=0.7834 AUPRC=0.8587 F1=0.7941 sens=0.9529 spec=0.2830 | thr=0.119 | lr=1.00e-03 | no improve (auprc=0.8587, best=0.8834, stale=6/12) | elapsed=00:05 eta=00:02
13:17:27 | INFO    | Epoch  21/100 |   0.3s | train_loss=0.3214 | val AUROC=0.7913 AUPRC=0.8632 F1=0.8133 sens=0.9353 spec=0.4151 | thr=0.233 | lr=5.00e-04 | no improve (auprc=0.8632, best=0.8834, stale=7/12) | elapsed=00:05 eta=00:01
13:17:28 | INFO    | Epoch  22/100 |   0.3s | train_loss=0.2954 | val AUROC=0.7809 AUPRC=0.8676 F1=0.7905 sens=0.8765 spec=0.4528 | thr=0.249 | lr=5.00e-04 | no improve (auprc=0.8676, best=0.8834, stale=8/12) | elapsed=00:06 eta=00:01
13:17:28 | INFO    | Epoch  23/100 |   0.3s | train_loss=0.2799 | val AUROC=0.7735 AUPRC=0.8580 F1=0.7951 sens=0.9471 spec=0.3019 | thr=0.129 | lr=5.00e-04 | no improve (auprc=0.8580, best=0.8834, stale=9/12) | elapsed=00:06 eta=00:01
13:17:28 | INFO    | Epoch  24/100 |   0.3s | train_loss=0.2569 | val AUROC=0.7658 AUPRC=0.8518 F1=0.7942 sens=0.9647 spec=0.2547 | thr=0.096 | lr=5.00e-04 | no improve (auprc=0.8518, best=0.8834, stale=10/12) | elapsed=00:06 eta=00:01
13:17:28 | INFO    | Epoch  25/100 |   0.3s | train_loss=0.2514 | val AUROC=0.7690 AUPRC=0.8584 F1=0.7924 sens=0.9765 spec=0.2170 | thr=0.067 | lr=5.00e-04 | no improve (auprc=0.8584, best=0.8834, stale=11/12) | elapsed=00:06 eta=00:00
13:17:29 | INFO    | Epoch  26/100 |   0.3s | train_loss=0.2313 | val AUROC=0.7671 AUPRC=0.8485 F1=0.8030 sens=0.9471 spec=0.3396 | thr=0.072 | lr=5.00e-04 | no improve (auprc=0.8485, best=0.8834, stale=12/12) | elapsed=00:07 eta=00:00
13:17:29 | INFO    | Early stopping at epoch 26 (no improvement for 12 epochs; best was epoch 14, auprc=0.8834)
13:17:29 | INFO    | Training summary: epochs_run=26 | best_epoch=14 | best_auprc=0.8834 | total_time=00:07 | avg_epoch=0.27s
13:17:29 | INFO    | Final eval: running validation and test passes with best checkpoint ...
13:17:29 | INFO    | Final test  | AUROC=0.7624 AUPRC=0.8479 F1=0.7941 sens=0.9529 spec=0.2830 bal_acc=0.6180 thr=0.192
13:17:29 | INFO    | Final val   | AUROC=0.8155 AUPRC=0.8834 F1=0.8039 sens=0.9765 spec=0.2736
13:17:31 | INFO    |   -> h24__values_masks__static_static | trained_in=00:07 | 4 threshold mode(s)
13:17:31 | INFO    |      [max_f1] test AUROC=0.7624 AUPRC=0.8479 F1=0.7941 sens=0.9529 spec=0.2830 thr=0.192
13:17:31 | INFO    |      [max_balanced_accuracy] test AUROC=0.7624 AUPRC=0.8479 F1=0.6690 sens=0.5647 spec=0.8019 thr=0.567
13:17:31 | INFO    |      [sensitivity_at_specificity] test AUROC=0.7624 AUPRC=0.8479 F1=0.7323 sens=0.7000 spec=0.6604 thr=0.415
13:17:31 | INFO    |      [specificity_at_sensitivity] test AUROC=0.7624 AUPRC=0.8479 F1=0.7772 sens=0.8412 spec=0.4811 thr=0.282
13:17:31 | INFO    |   progress | done=11/12 | elapsed=01:49 | avg/exp=00:09 | eta=00:09
13:17:31 | INFO    | [12/12] Starting h24__full__static_static | elapsed=01:49 | eta=00:09
13:17:31 | INFO    | ------------------------------------------------------------------------------
13:17:31 | INFO    | Experiment: horizon=24h | channel_set=full
13:17:31 | INFO    | Device     : cuda
13:17:31 | INFO    | Input      : mode=static | (T=24, C=18, static=9) | total_features=27 | train=(2205, 24, 18) val=(276, 24, 18) test=(276, 24, 18)
13:17:31 | INFO    | Class bal  : train pos=1,359 neg=846 (pos_frac=0.616) | val pos=170 neg=106 | test pos=170 neg=106
13:17:31 | INFO    | Loss       : BCE | pos_weight=0.623 | sampler=off
13:17:31 | INFO    | Optim      : AdamW lr=1.00e-03 wd=1.00e-04 | grad_clip=1.00
13:17:31 | INFO    | Schedule   : ReduceLROnPlateau (monitor=auprc, factor=0.5, patience=6)
13:17:31 | INFO    | Stopping   : early_stop_patience=12 | epochs<=100
13:17:31 | INFO    | Model      : params=521,044 | conv=(64, 128) | kernels=(3, 5) | dilations=(1, 2) | lstm=2x96 | head=96 | dropout=0.30 | static_hidden=32 static_dropout=0.10
13:17:31 | INFO    | Train      : batch_size=64 | batches/epoch=35
13:17:31 | INFO    | ------------------------------------------------------------------------------
13:17:32 | INFO    | Epoch   1/100 |   0.3s | train_loss=0.4825 | val AUROC=0.7679 AUPRC=0.8490 F1=0.7980 sens=0.9176 spec=0.3868 | thr=0.356 | lr=1.00e-03 | NEW BEST auprc=0.8490 | elapsed=00:00 eta=00:03
13:17:32 | INFO    | Epoch   2/100 |   0.3s | train_loss=0.4587 | val AUROC=0.7830 AUPRC=0.8591 F1=0.8050 sens=0.9471 spec=0.3491 | thr=0.247 | lr=1.00e-03 | NEW BEST auprc=0.8591 (+0.0102) | elapsed=00:00 eta=00:03
13:17:32 | INFO    | Epoch   3/100 |   0.3s | train_loss=0.4515 | val AUROC=0.7969 AUPRC=0.8725 F1=0.8000 sens=0.9647 spec=0.2830 | thr=0.376 | lr=1.00e-03 | NEW BEST auprc=0.8725 (+0.0134) | elapsed=00:00 eta=00:03
13:17:32 | INFO    | Epoch   4/100 |   0.3s | train_loss=0.4467 | val AUROC=0.8052 AUPRC=0.8732 F1=0.8128 sens=0.8941 spec=0.5094 | thr=0.457 | lr=1.00e-03 | NEW BEST auprc=0.8732 (+0.0006) | elapsed=00:01 eta=00:03
13:17:33 | INFO    | Epoch   5/100 |   0.3s | train_loss=0.4443 | val AUROC=0.7950 AUPRC=0.8703 F1=0.8020 sens=0.9647 spec=0.2925 | thr=0.274 | lr=1.00e-03 | no improve (auprc=0.8703, best=0.8732, stale=1/12) | elapsed=00:01 eta=00:03
13:17:33 | INFO    | Epoch   6/100 |   0.3s | train_loss=0.4347 | val AUROC=0.7986 AUPRC=0.8704 F1=0.8060 sens=0.9412 spec=0.3679 | thr=0.280 | lr=1.00e-03 | no improve (auprc=0.8704, best=0.8732, stale=2/12) | elapsed=00:01 eta=00:03
13:17:33 | INFO    | Epoch   7/100 |   0.3s | train_loss=0.4211 | val AUROC=0.8229 AUPRC=0.8846 F1=0.8198 sens=0.9765 spec=0.3491 | thr=0.334 | lr=1.00e-03 | NEW BEST auprc=0.8846 (+0.0114) | elapsed=00:01 eta=00:03
13:17:33 | INFO    | Epoch   8/100 |   0.3s | train_loss=0.4247 | val AUROC=0.8286 AUPRC=0.8891 F1=0.8211 sens=0.9176 spec=0.4906 | thr=0.343 | lr=1.00e-03 | NEW BEST auprc=0.8891 (+0.0045) | elapsed=00:02 eta=00:03
13:17:34 | INFO    | Epoch   9/100 |   0.3s | train_loss=0.4186 | val AUROC=0.8195 AUPRC=0.8858 F1=0.8127 sens=0.9059 spec=0.4811 | thr=0.360 | lr=1.00e-03 | no improve (auprc=0.8858, best=0.8891, stale=1/12) | elapsed=00:02 eta=00:03
13:17:34 | INFO    | Epoch  10/100 |   0.3s | train_loss=0.4022 | val AUROC=0.7981 AUPRC=0.8699 F1=0.8090 sens=0.9471 spec=0.3679 | thr=0.412 | lr=1.00e-03 | no improve (auprc=0.8699, best=0.8891, stale=2/12) | elapsed=00:02 eta=00:03
13:17:34 | INFO    | Epoch  11/100 |   0.3s | train_loss=0.4031 | val AUROC=0.8046 AUPRC=0.8793 F1=0.8163 sens=0.9412 spec=0.4151 | thr=0.226 | lr=1.00e-03 | no improve (auprc=0.8793, best=0.8891, stale=3/12) | elapsed=00:03 eta=00:03
13:17:35 | INFO    | Epoch  12/100 |   0.3s | train_loss=0.4148 | val AUROC=0.8266 AUPRC=0.8863 F1=0.8191 sens=0.9059 spec=0.5094 | thr=0.366 | lr=1.00e-03 | no improve (auprc=0.8863, best=0.8891, stale=4/12) | elapsed=00:03 eta=00:02
13:17:35 | INFO    | Epoch  13/100 |   0.3s | train_loss=0.3988 | val AUROC=0.8303 AUPRC=0.8937 F1=0.8152 sens=0.9471 spec=0.3962 | thr=0.204 | lr=1.00e-03 | NEW BEST auprc=0.8937 (+0.0046) | elapsed=00:03 eta=00:02
13:17:35 | INFO    | Epoch  14/100 |   0.3s | train_loss=0.3766 | val AUROC=0.8305 AUPRC=0.8931 F1=0.8241 sens=0.9235 spec=0.4906 | thr=0.305 | lr=1.00e-03 | no improve (auprc=0.8931, best=0.8937, stale=1/12) | elapsed=00:03 eta=00:03
13:17:35 | INFO    | Epoch  15/100 |   0.3s | train_loss=0.3714 | val AUROC=0.7978 AUPRC=0.8792 F1=0.8000 sens=0.8706 spec=0.5094 | thr=0.345 | lr=1.00e-03 | no improve (auprc=0.8792, best=0.8937, stale=2/12) | elapsed=00:04 eta=00:03
13:17:36 | INFO    | Epoch  16/100 |   0.3s | train_loss=0.3677 | val AUROC=0.8062 AUPRC=0.8736 F1=0.8172 sens=0.8941 spec=0.5283 | thr=0.294 | lr=1.00e-03 | no improve (auprc=0.8736, best=0.8937, stale=3/12) | elapsed=00:04 eta=00:03
13:17:36 | INFO    | Epoch  17/100 |   0.3s | train_loss=0.3602 | val AUROC=0.8195 AUPRC=0.8826 F1=0.8168 sens=0.9706 spec=0.3491 | thr=0.196 | lr=1.00e-03 | no improve (auprc=0.8826, best=0.8937, stale=4/12) | elapsed=00:04 eta=00:02
13:17:36 | INFO    | Epoch  18/100 |   0.3s | train_loss=0.3490 | val AUROC=0.8154 AUPRC=0.8655 F1=0.8207 sens=0.8882 spec=0.5566 | thr=0.387 | lr=1.00e-03 | no improve (auprc=0.8655, best=0.8937, stale=5/12) | elapsed=00:04 eta=00:02
13:17:36 | INFO    | Epoch  19/100 |   0.3s | train_loss=0.3407 | val AUROC=0.7914 AUPRC=0.8608 F1=0.8044 sens=0.8588 spec=0.5566 | thr=0.385 | lr=1.00e-03 | no improve (auprc=0.8608, best=0.8937, stale=6/12) | elapsed=00:05 eta=00:02
13:17:37 | INFO    | Epoch  20/100 |   0.3s | train_loss=0.3376 | val AUROC=0.8064 AUPRC=0.8726 F1=0.8199 sens=0.8706 spec=0.5943 | thr=0.319 | lr=5.00e-04 | no improve (auprc=0.8726, best=0.8937, stale=7/12) | elapsed=00:05 eta=00:01
13:17:37 | INFO    | Epoch  21/100 |   0.3s | train_loss=0.2867 | val AUROC=0.8167 AUPRC=0.8792 F1=0.8232 sens=0.9588 spec=0.4057 | thr=0.197 | lr=5.00e-04 | no improve (auprc=0.8792, best=0.8937, stale=8/12) | elapsed=00:05 eta=00:01
13:17:37 | INFO    | Epoch  22/100 |   0.3s | train_loss=0.2708 | val AUROC=0.8193 AUPRC=0.8730 F1=0.8251 sens=0.8882 spec=0.5755 | thr=0.286 | lr=5.00e-04 | no improve (auprc=0.8730, best=0.8937, stale=9/12) | elapsed=00:06 eta=00:01
13:17:38 | INFO    | Epoch  23/100 |   0.3s | train_loss=0.2666 | val AUROC=0.8084 AUPRC=0.8692 F1=0.8235 sens=0.9059 spec=0.5283 | thr=0.247 | lr=5.00e-04 | no improve (auprc=0.8692, best=0.8937, stale=10/12) | elapsed=00:06 eta=00:01
13:17:38 | INFO    | Epoch  24/100 |   0.3s | train_loss=0.2501 | val AUROC=0.8097 AUPRC=0.8748 F1=0.8150 sens=0.9588 spec=0.3679 | thr=0.191 | lr=5.00e-04 | no improve (auprc=0.8748, best=0.8937, stale=11/12) | elapsed=00:06 eta=00:00
13:17:38 | INFO    | Epoch  25/100 |   0.3s | train_loss=0.2434 | val AUROC=0.8077 AUPRC=0.8607 F1=0.8380 sens=0.8824 spec=0.6415 | thr=0.282 | lr=5.00e-04 | no improve (auprc=0.8607, best=0.8937, stale=12/12) | elapsed=00:06 eta=00:00
13:17:38 | INFO    | Early stopping at epoch 25 (no improvement for 12 epochs; best was epoch 13, auprc=0.8937)
13:17:38 | INFO    | Training summary: epochs_run=25 | best_epoch=13 | best_auprc=0.8937 | total_time=00:06 | avg_epoch=0.27s
13:17:38 | INFO    | Final eval: running validation and test passes with best checkpoint ...
13:17:38 | INFO    | Final test  | AUROC=0.7655 AUPRC=0.8463 F1=0.8142 sens=0.9412 spec=0.4057 bal_acc=0.6734 thr=0.204
13:17:38 | INFO    | Final val   | AUROC=0.8303 AUPRC=0.8937 F1=0.8152 sens=0.9471 spec=0.3962
13:17:41 | INFO    |   -> h24__full__static_static | trained_in=00:06 | 4 threshold mode(s)
13:17:41 | INFO    |      [max_f1] test AUROC=0.7655 AUPRC=0.8463 F1=0.8142 sens=0.9412 spec=0.4057 thr=0.204
13:17:41 | INFO    |      [max_balanced_accuracy] test AUROC=0.7655 AUPRC=0.8463 F1=0.6300 sens=0.5059 spec=0.8396 thr=0.607
13:17:41 | INFO    |      [sensitivity_at_specificity] test AUROC=0.7655 AUPRC=0.8463 F1=0.7215 sens=0.6706 spec=0.6981 thr=0.454
13:17:41 | INFO    |      [specificity_at_sensitivity] test AUROC=0.7655 AUPRC=0.8463 F1=0.7884 sens=0.8765 spec=0.4434 thr=0.257
13:17:41 | INFO    |   progress | done=12/12 | elapsed=01:59 | avg/exp=00:09 | eta=00:00
13:17:41 | INFO    | Saved cross-experiment summary with 48 rows
13:17:45 | INFO    | Saved cross-experiment plots to results/static_threshold_selection/cnn_bilstm/plots
13:17:45 | INFO    | ==============================================================================
13:17:45 | INFO    | Top 5 by test AUPRC:
13:17:45 | INFO    |   h=18 | full         | static=static | thr=max_balanced_accuracy        | AUROC=0.790 AUPRC=0.856 F1=0.707 sens=0.624 spec=0.774 | epochs=21 | params=521,044
13:17:45 | INFO    |   h=18 | full         | static=static | thr=max_f1                       | AUROC=0.790 AUPRC=0.856 F1=0.805 sens=0.912 spec=0.434 | epochs=21 | params=521,044
13:17:45 | INFO    |   h=18 | full         | static=static | thr=sensitivity_at_specificity   | AUROC=0.790 AUPRC=0.856 F1=0.714 sens=0.647 spec=0.736 | epochs=21 | params=521,044
13:17:45 | INFO    |   h=18 | full         | static=static | thr=specificity_at_sensitivity   | AUROC=0.790 AUPRC=0.856 F1=0.809 sens=0.882 spec=0.519 | epochs=21 | params=521,044
13:17:45 | INFO    |   h=24 | values_masks | static=static | thr=max_balanced_accuracy        | AUROC=0.762 AUPRC=0.848 F1=0.669 sens=0.565 spec=0.802 | epochs=26 | params=518,996
13:17:45 | INFO    | ==============================================================================
13:17:45 | INFO    | Done. Total wall-clock time: 02:03
