04:10:26 | INFO    | Loading dataset from neonatal_sepsis_data_v1.npz
04:10:26 | INFO    | Dataset summary: {
  "channel_names": [
    "heart_rate",
    "temperature",
    "respiratory_rate",
    "fio2",
    "sa02",
    "heart_rate_observed_mask",
    "temperature_observed_mask",
    "respiratory_rate_observed_mask",
    "fio2_observed_mask",
    "sa02_observed_mask",
    "source_temp_c",
    "source_temp_axillary_f",
    "source_temp_rectal_f",
    "source_fio2",
    "source_fio2_imputed",
    "source_heart_rate",
    "source_respiratory_rate",
    "source_sa02"
  ],
  "label_names": [
    "control",
    "sepsis"
  ],
  "splits": {
    "train": 2205,
    "val": 276,
    "test": 276
  },
  "label_balance": {
    "train": [
      846,
      1359
    ],
    "val": [
      106,
      170
    ],
    "test": [
      106,
      170
    ]
  },
  "horizon_max": 24
}
04:10:26 | INFO    | ==============================================================================
04:10:26 | INFO    | Plan: 12 CNN-Attn-BiLSTM experiments = 4 horizon(s) x 3 channel set(s)
04:10:26 | INFO    | Horizons      : [6, 12, 18, 24]
04:10:26 | INFO    | Channel sets  : ['values', 'values_masks', 'full']
04:10:26 | INFO    | Per-experiment: epochs<=100 | batch_size=64 | early_stop=12 | monitor=auprc | device=cuda
04:10:26 | INFO    | ==============================================================================
04:10:26 | INFO    | [1/12] Starting h06__values | elapsed=00:00 | eta=??:??
04:10:30 | INFO    | ------------------------------------------------------------------------------
04:10:30 | INFO    | Experiment: horizon=6h | channel_set=values
04:10:30 | INFO    | Device     : cuda
04:10:30 | INFO    | Input      : (T=6, C=5) | train=(2205, 6, 5) val=(276, 6, 5) test=(276, 6, 5)
04:10:30 | INFO    | Class bal  : train pos=1,359 neg=846 (pos_frac=0.616) | val pos=170 neg=106 | test pos=170 neg=106
04:10:30 | INFO    | Loss       : BCE | pos_weight=0.623 | sampler=off
04:10:30 | INFO    | Optim      : AdamW lr=1.00e-03 wd=1.00e-04 | grad_clip=1.00
04:10:30 | INFO    | Schedule   : ReduceLROnPlateau (monitor=auprc, factor=0.5, patience=6)
04:10:30 | INFO    | Stopping   : early_stop_patience=12 | epochs<=100
04:10:30 | INFO    | Model      : params=514,242 | conv=(64, 128) | kernels=(3, 5) | dilations=(1, 2) | lstm=2x96 | head=96 | dropout=0.30
04:10:30 | INFO    | Train      : batch_size=64 | batches/epoch=35
04:10:30 | INFO    | ------------------------------------------------------------------------------
04:10:32 | INFO    | Epoch   1/100 |   2.2s | train_loss=0.5045 | val AUROC=0.6578 AUPRC=0.7616 F1=0.7640 sens=1.0000 spec=0.0094 | thr=0.272 | lr=1.00e-03 | NEW BEST auprc=0.7616 | elapsed=00:02 eta=00:28
04:10:32 | INFO    | Epoch   2/100 |   0.2s | train_loss=0.4945 | val AUROC=0.6706 AUPRC=0.7780 F1=0.7623 sens=1.0000 spec=0.0000 | thr=0.310 | lr=1.00e-03 | NEW BEST auprc=0.7780 (+0.0164) | elapsed=00:02 eta=00:15
04:10:33 | INFO    | Epoch   3/100 |   0.2s | train_loss=0.4948 | val AUROC=0.6772 AUPRC=0.7699 F1=0.7623 sens=1.0000 spec=0.0000 | thr=0.347 | lr=1.00e-03 | no improve (auprc=0.7699, best=0.7780, stale=1/12) | elapsed=00:02 eta=00:11
04:10:33 | INFO    | Epoch   4/100 |   0.2s | train_loss=0.4811 | val AUROC=0.6768 AUPRC=0.7748 F1=0.7623 sens=1.0000 spec=0.0000 | thr=0.236 | lr=1.00e-03 | no improve (auprc=0.7748, best=0.7780, stale=2/12) | elapsed=00:02 eta=00:08
04:10:33 | INFO    | Epoch   5/100 |   0.2s | train_loss=0.4832 | val AUROC=0.6791 AUPRC=0.7879 F1=0.7654 sens=0.9882 spec=0.0472 | thr=0.176 | lr=1.00e-03 | NEW BEST auprc=0.7879 (+0.0099) | elapsed=00:03 eta=00:06
04:10:33 | INFO    | Epoch   6/100 |   0.2s | train_loss=0.4777 | val AUROC=0.6817 AUPRC=0.7881 F1=0.7647 sens=0.9941 spec=0.0283 | thr=0.219 | lr=1.00e-03 | NEW BEST auprc=0.7881 (+0.0002) | elapsed=00:03 eta=00:07
04:10:34 | INFO    | Epoch   7/100 |   0.2s | train_loss=0.4739 | val AUROC=0.6741 AUPRC=0.7795 F1=0.7664 sens=0.9647 spec=0.1132 | thr=0.256 | lr=1.00e-03 | no improve (auprc=0.7795, best=0.7881, stale=1/12) | elapsed=00:03 eta=00:06
04:10:34 | INFO    | Epoch   8/100 |   0.2s | train_loss=0.4717 | val AUROC=0.6639 AUPRC=0.7772 F1=0.7675 sens=1.0000 spec=0.0283 | thr=0.213 | lr=1.00e-03 | no improve (auprc=0.7772, best=0.7881, stale=2/12) | elapsed=00:03 eta=00:05
04:10:34 | INFO    | Epoch   9/100 |   0.2s | train_loss=0.4677 | val AUROC=0.6831 AUPRC=0.7872 F1=0.7658 sens=1.0000 spec=0.0189 | thr=0.158 | lr=1.00e-03 | no improve (auprc=0.7872, best=0.7881, stale=3/12) | elapsed=00:04 eta=00:04
04:10:34 | INFO    | Epoch  10/100 |   0.2s | train_loss=0.4515 | val AUROC=0.6905 AUPRC=0.7944 F1=0.7692 sens=1.0000 spec=0.0377 | thr=0.208 | lr=1.00e-03 | NEW BEST auprc=0.7944 (+0.0063) | elapsed=00:04 eta=00:04
04:10:34 | INFO    | Epoch  11/100 |   0.2s | train_loss=0.4547 | val AUROC=0.6860 AUPRC=0.7906 F1=0.7692 sens=1.0000 spec=0.0377 | thr=0.211 | lr=1.00e-03 | no improve (auprc=0.7906, best=0.7944, stale=1/12) | elapsed=00:04 eta=00:05
04:10:35 | INFO    | Epoch  12/100 |   0.2s | train_loss=0.4458 | val AUROC=0.6847 AUPRC=0.7893 F1=0.7647 sens=0.9941 spec=0.0283 | thr=0.180 | lr=1.00e-03 | no improve (auprc=0.7893, best=0.7944, stale=2/12) | elapsed=00:04 eta=00:04
04:10:35 | INFO    | Epoch  13/100 |   0.2s | train_loss=0.4373 | val AUROC=0.6743 AUPRC=0.7829 F1=0.7664 sens=0.9941 spec=0.0377 | thr=0.145 | lr=1.00e-03 | no improve (auprc=0.7829, best=0.7944, stale=3/12) | elapsed=00:04 eta=00:04
04:10:35 | INFO    | Epoch  14/100 |   0.2s | train_loss=0.4347 | val AUROC=0.6695 AUPRC=0.7844 F1=0.7658 sens=1.0000 spec=0.0189 | thr=0.122 | lr=1.00e-03 | no improve (auprc=0.7844, best=0.7944, stale=4/12) | elapsed=00:05 eta=00:03
04:10:35 | INFO    | Epoch  15/100 |   0.2s | train_loss=0.4213 | val AUROC=0.6538 AUPRC=0.7750 F1=0.7675 sens=1.0000 spec=0.0283 | thr=0.094 | lr=1.00e-03 | no improve (auprc=0.7750, best=0.7944, stale=5/12) | elapsed=00:05 eta=00:03
04:10:36 | INFO    | Epoch  16/100 |   0.2s | train_loss=0.4161 | val AUROC=0.6702 AUPRC=0.7821 F1=0.7640 sens=1.0000 spec=0.0094 | thr=0.105 | lr=1.00e-03 | no improve (auprc=0.7821, best=0.7944, stale=6/12) | elapsed=00:05 eta=00:02
04:10:36 | INFO    | Epoch  17/100 |   0.2s | train_loss=0.4034 | val AUROC=0.6758 AUPRC=0.7855 F1=0.7630 sens=0.9941 spec=0.0189 | thr=0.084 | lr=5.00e-04 | no improve (auprc=0.7855, best=0.7944, stale=7/12) | elapsed=00:05 eta=00:02
04:10:36 | INFO    | Epoch  18/100 |   0.2s | train_loss=0.3647 | val AUROC=0.6544 AUPRC=0.7761 F1=0.7623 sens=1.0000 spec=0.0000 | thr=0.024 | lr=5.00e-04 | no improve (auprc=0.7761, best=0.7944, stale=8/12) | elapsed=00:06 eta=00:02
04:10:36 | INFO    | Epoch  19/100 |   0.2s | train_loss=0.3649 | val AUROC=0.6694 AUPRC=0.7861 F1=0.7623 sens=1.0000 spec=0.0000 | thr=0.024 | lr=5.00e-04 | no improve (auprc=0.7861, best=0.7944, stale=9/12) | elapsed=00:06 eta=00:01
04:10:37 | INFO    | Epoch  20/100 |   0.2s | train_loss=0.3600 | val AUROC=0.6617 AUPRC=0.7821 F1=0.7635 sens=0.9588 spec=0.1132 | thr=0.098 | lr=5.00e-04 | no improve (auprc=0.7821, best=0.7944, stale=10/12) | elapsed=00:06 eta=00:01
04:10:37 | INFO    | Epoch  21/100 |   0.2s | train_loss=0.3344 | val AUROC=0.6916 AUPRC=0.7985 F1=0.7623 sens=1.0000 spec=0.0000 | thr=0.010 | lr=5.00e-04 | NEW BEST auprc=0.7985 (+0.0042) | elapsed=00:06 eta=00:00
04:10:37 | INFO    | Epoch  22/100 |   0.2s | train_loss=0.3350 | val AUROC=0.6537 AUPRC=0.7815 F1=0.7630 sens=0.9941 spec=0.0189 | thr=0.024 | lr=5.00e-04 | no improve (auprc=0.7815, best=0.7985, stale=1/12) | elapsed=00:07 eta=00:04
04:10:37 | INFO    | Epoch  23/100 |   0.2s | train_loss=0.3098 | val AUROC=0.6551 AUPRC=0.7708 F1=0.7623 sens=1.0000 spec=0.0000 | thr=0.006 | lr=5.00e-04 | no improve (auprc=0.7708, best=0.7985, stale=2/12) | elapsed=00:07 eta=00:03
04:10:37 | INFO    | Epoch  24/100 |   0.2s | train_loss=0.2970 | val AUROC=0.6622 AUPRC=0.7837 F1=0.7636 sens=0.9882 spec=0.0377 | thr=0.013 | lr=5.00e-04 | no improve (auprc=0.7837, best=0.7985, stale=3/12) | elapsed=00:07 eta=00:03
04:10:38 | INFO    | Epoch  25/100 |   0.2s | train_loss=0.2900 | val AUROC=0.6415 AUPRC=0.7721 F1=0.7647 sens=0.9941 spec=0.0283 | thr=0.013 | lr=5.00e-04 | no improve (auprc=0.7721, best=0.7985, stale=4/12) | elapsed=00:07 eta=00:03
04:10:38 | INFO    | Epoch  26/100 |   0.2s | train_loss=0.2887 | val AUROC=0.6530 AUPRC=0.7790 F1=0.7640 sens=1.0000 spec=0.0094 | thr=0.003 | lr=5.00e-04 | no improve (auprc=0.7790, best=0.7985, stale=5/12) | elapsed=00:08 eta=00:02
04:10:38 | INFO    | Epoch  27/100 |   0.2s | train_loss=0.2817 | val AUROC=0.6598 AUPRC=0.7810 F1=0.7623 sens=1.0000 spec=0.0000 | thr=0.003 | lr=5.00e-04 | no improve (auprc=0.7810, best=0.7985, stale=6/12) | elapsed=00:08 eta=00:02
04:10:38 | INFO    | Epoch  28/100 |   0.2s | train_loss=0.2939 | val AUROC=0.6539 AUPRC=0.7646 F1=0.7623 sens=1.0000 spec=0.0000 | thr=0.006 | lr=2.50e-04 | no improve (auprc=0.7646, best=0.7985, stale=7/12) | elapsed=00:08 eta=00:02
04:10:39 | INFO    | Epoch  29/100 |   0.2s | train_loss=0.2552 | val AUROC=0.6455 AUPRC=0.7631 F1=0.7623 sens=1.0000 spec=0.0000 | thr=0.002 | lr=2.50e-04 | no improve (auprc=0.7631, best=0.7985, stale=8/12) | elapsed=00:08 eta=00:01
04:10:39 | INFO    | Epoch  30/100 |   0.2s | train_loss=0.2460 | val AUROC=0.6346 AUPRC=0.7620 F1=0.7623 sens=1.0000 spec=0.0000 | thr=0.002 | lr=2.50e-04 | no improve (auprc=0.7620, best=0.7985, stale=9/12) | elapsed=00:08 eta=00:01
04:10:39 | INFO    | Epoch  31/100 |   0.2s | train_loss=0.2576 | val AUROC=0.6277 AUPRC=0.7528 F1=0.7623 sens=1.0000 spec=0.0000 | thr=0.002 | lr=2.50e-04 | no improve (auprc=0.7528, best=0.7985, stale=10/12) | elapsed=00:09 eta=00:01
04:10:39 | INFO    | Epoch  32/100 |   0.2s | train_loss=0.2416 | val AUROC=0.6367 AUPRC=0.7564 F1=0.7623 sens=1.0000 spec=0.0000 | thr=0.001 | lr=2.50e-04 | no improve (auprc=0.7564, best=0.7985, stale=11/12) | elapsed=00:09 eta=00:00
04:10:40 | INFO    | Epoch  33/100 |   0.2s | train_loss=0.2356 | val AUROC=0.6396 AUPRC=0.7546 F1=0.7640 sens=1.0000 spec=0.0094 | thr=0.001 | lr=2.50e-04 | no improve (auprc=0.7546, best=0.7985, stale=12/12) | elapsed=00:09 eta=00:00
04:10:40 | INFO    | Early stopping at epoch 33 (no improvement for 12 epochs; best was epoch 21, auprc=0.7985)
04:10:40 | INFO    | Training summary: epochs_run=33 | best_epoch=21 | best_auprc=0.7985 | total_time=00:09 | avg_epoch=0.29s
04:10:40 | INFO    | Final eval: running validation and test passes with best checkpoint ...
04:10:40 | INFO    | Final test  | AUROC=0.6519 AUPRC=0.7643 F1=0.7623 sens=1.0000 spec=0.0000 bal_acc=0.5000 thr=0.010
04:10:40 | INFO    | Final val   | AUROC=0.6916 AUPRC=0.7985 F1=0.7623 sens=1.0000 spec=0.0000
04:10:42 | INFO    |   -> h06__values | test AUROC=0.6519 AUPRC=0.7643 F1=0.7623 sens=1.0000 spec=0.0000 thr=0.010 | trained_in=00:09
04:10:42 | INFO    |   progress | done=1/12 | elapsed=00:16 | avg/exp=00:16 | eta=03:04
04:10:42 | INFO    | [2/12] Starting h06__values_masks | elapsed=00:16 | eta=03:04
04:10:42 | INFO    | ------------------------------------------------------------------------------
04:10:42 | INFO    | Experiment: horizon=6h | channel_set=values_masks
04:10:42 | INFO    | Device     : cuda
04:10:42 | INFO    | Input      : (T=6, C=10) | train=(2205, 6, 10) val=(276, 6, 10) test=(276, 6, 10)
04:10:42 | INFO    | Class bal  : train pos=1,359 neg=846 (pos_frac=0.616) | val pos=170 neg=106 | test pos=170 neg=106
04:10:42 | INFO    | Loss       : BCE | pos_weight=0.623 | sampler=off
04:10:42 | INFO    | Optim      : AdamW lr=1.00e-03 wd=1.00e-04 | grad_clip=1.00
04:10:42 | INFO    | Schedule   : ReduceLROnPlateau (monitor=auprc, factor=0.5, patience=6)
04:10:42 | INFO    | Stopping   : early_stop_patience=12 | epochs<=100
04:10:42 | INFO    | Model      : params=515,522 | conv=(64, 128) | kernels=(3, 5) | dilations=(1, 2) | lstm=2x96 | head=96 | dropout=0.30
04:10:42 | INFO    | Train      : batch_size=64 | batches/epoch=35
04:10:42 | INFO    | ------------------------------------------------------------------------------
04:10:43 | INFO    | Epoch   1/100 |   0.2s | train_loss=0.5031 | val AUROC=0.6584 AUPRC=0.7678 F1=0.7651 sens=0.9294 spec=0.1981 | thr=0.258 | lr=1.00e-03 | NEW BEST auprc=0.7678 | elapsed=00:00 eta=00:03
04:10:43 | INFO    | Epoch   2/100 |   0.2s | train_loss=0.4872 | val AUROC=0.6592 AUPRC=0.7681 F1=0.7658 sens=1.0000 spec=0.0189 | thr=0.288 | lr=1.00e-03 | NEW BEST auprc=0.7681 (+0.0003) | elapsed=00:00 eta=00:03
04:10:43 | INFO    | Epoch   3/100 |   0.2s | train_loss=0.4870 | val AUROC=0.6877 AUPRC=0.7895 F1=0.7659 sens=0.9235 spec=0.2170 | thr=0.315 | lr=1.00e-03 | NEW BEST auprc=0.7895 (+0.0214) | elapsed=00:00 eta=00:03
04:10:43 | INFO    | Epoch   4/100 |   0.2s | train_loss=0.4802 | val AUROC=0.6779 AUPRC=0.7824 F1=0.7666 sens=0.9176 spec=0.2358 | thr=0.282 | lr=1.00e-03 | no improve (auprc=0.7824, best=0.7895, stale=1/12) | elapsed=00:00 eta=00:03
04:10:44 | INFO    | Epoch   5/100 |   0.2s | train_loss=0.4790 | val AUROC=0.6659 AUPRC=0.7675 F1=0.7640 sens=1.0000 spec=0.0094 | thr=0.161 | lr=1.00e-03 | no improve (auprc=0.7675, best=0.7895, stale=2/12) | elapsed=00:01 eta=00:02
04:10:44 | INFO    | Epoch   6/100 |   0.2s | train_loss=0.4753 | val AUROC=0.6694 AUPRC=0.7767 F1=0.7656 sens=0.9412 spec=0.1698 | thr=0.265 | lr=1.00e-03 | no improve (auprc=0.7767, best=0.7895, stale=3/12) | elapsed=00:01 eta=00:02
04:10:44 | INFO    | Epoch   7/100 |   0.2s | train_loss=0.4706 | val AUROC=0.6722 AUPRC=0.7790 F1=0.7757 sens=0.9765 spec=0.1321 | thr=0.284 | lr=1.00e-03 | no improve (auprc=0.7790, best=0.7895, stale=4/12) | elapsed=00:01 eta=00:02
04:10:44 | INFO    | Epoch   8/100 |   0.2s | train_loss=0.4614 | val AUROC=0.6805 AUPRC=0.7980 F1=0.7707 sens=0.9588 spec=0.1509 | thr=0.347 | lr=1.00e-03 | NEW BEST auprc=0.7980 (+0.0085) | elapsed=00:01 eta=00:02
04:10:44 | INFO    | Epoch   9/100 |   0.2s | train_loss=0.4552 | val AUROC=0.6680 AUPRC=0.7776 F1=0.7788 sens=0.9941 spec=0.1038 | thr=0.217 | lr=1.00e-03 | no improve (auprc=0.7776, best=0.7980, stale=1/12) | elapsed=00:02 eta=00:03
04:10:45 | INFO    | Epoch  10/100 |   0.2s | train_loss=0.4528 | val AUROC=0.6685 AUPRC=0.7881 F1=0.7699 sens=0.9941 spec=0.0566 | thr=0.121 | lr=1.00e-03 | no improve (auprc=0.7881, best=0.7980, stale=2/12) | elapsed=00:02 eta=00:02
04:10:45 | INFO    | Epoch  11/100 |   0.2s | train_loss=0.4569 | val AUROC=0.6741 AUPRC=0.7818 F1=0.7742 sens=0.9882 spec=0.0943 | thr=0.185 | lr=1.00e-03 | no improve (auprc=0.7818, best=0.7980, stale=3/12) | elapsed=00:02 eta=00:02
04:10:45 | INFO    | Epoch  12/100 |   0.2s | train_loss=0.4403 | val AUROC=0.6699 AUPRC=0.7826 F1=0.7699 sens=0.9941 spec=0.0566 | thr=0.114 | lr=1.00e-03 | no improve (auprc=0.7826, best=0.7980, stale=4/12) | elapsed=00:02 eta=00:02
04:10:45 | INFO    | Epoch  13/100 |   0.2s | train_loss=0.4521 | val AUROC=0.6664 AUPRC=0.7741 F1=0.7721 sens=0.9765 spec=0.1132 | thr=0.191 | lr=1.00e-03 | no improve (auprc=0.7741, best=0.7980, stale=5/12) | elapsed=00:03 eta=00:02
04:10:46 | INFO    | Epoch  14/100 |   0.2s | train_loss=0.4335 | val AUROC=0.6729 AUPRC=0.7874 F1=0.7770 sens=0.9941 spec=0.0943 | thr=0.228 | lr=1.00e-03 | no improve (auprc=0.7874, best=0.7980, stale=6/12) | elapsed=00:03 eta=00:01
04:10:46 | INFO    | Epoch  15/100 |   0.2s | train_loss=0.4297 | val AUROC=0.6721 AUPRC=0.7874 F1=0.7706 sens=0.9882 spec=0.0755 | thr=0.097 | lr=5.00e-04 | no improve (auprc=0.7874, best=0.7980, stale=7/12) | elapsed=00:03 eta=00:01
04:10:46 | INFO    | Epoch  16/100 |   0.2s | train_loss=0.4132 | val AUROC=0.6767 AUPRC=0.7936 F1=0.7718 sens=0.9647 spec=0.1415 | thr=0.206 | lr=5.00e-04 | no improve (auprc=0.7936, best=0.7980, stale=8/12) | elapsed=00:03 eta=00:01
04:10:46 | INFO    | Epoch  17/100 |   0.2s | train_loss=0.4015 | val AUROC=0.6838 AUPRC=0.7938 F1=0.7760 sens=0.9882 spec=0.1038 | thr=0.125 | lr=5.00e-04 | no improve (auprc=0.7938, best=0.7980, stale=9/12) | elapsed=00:03 eta=00:01
04:10:47 | INFO    | Epoch  18/100 |   0.2s | train_loss=0.3955 | val AUROC=0.6749 AUPRC=0.7926 F1=0.7767 sens=0.9824 spec=0.1226 | thr=0.136 | lr=5.00e-04 | no improve (auprc=0.7926, best=0.7980, stale=10/12) | elapsed=00:04 eta=00:00
04:10:47 | INFO    | Epoch  19/100 |   0.2s | train_loss=0.3733 | val AUROC=0.6783 AUPRC=0.7896 F1=0.7767 sens=0.9824 spec=0.1226 | thr=0.072 | lr=5.00e-04 | no improve (auprc=0.7896, best=0.7980, stale=11/12) | elapsed=00:04 eta=00:00
04:10:47 | INFO    | Epoch  20/100 |   0.2s | train_loss=0.3708 | val AUROC=0.6779 AUPRC=0.7961 F1=0.7760 sens=0.9882 spec=0.1038 | thr=0.080 | lr=5.00e-04 | no improve (auprc=0.7961, best=0.7980, stale=12/12) | elapsed=00:04 eta=00:00
04:10:47 | INFO    | Early stopping at epoch 20 (no improvement for 12 epochs; best was epoch 8, auprc=0.7980)
04:10:47 | INFO    | Training summary: epochs_run=20 | best_epoch=8 | best_auprc=0.7980 | total_time=00:04 | avg_epoch=0.23s
04:10:47 | INFO    | Final eval: running validation and test passes with best checkpoint ...
04:10:47 | INFO    | Final test  | AUROC=0.6952 AUPRC=0.8007 F1=0.7674 sens=0.9412 spec=0.1792 bal_acc=0.5602 thr=0.347
04:10:47 | INFO    | Final val   | AUROC=0.6805 AUPRC=0.7980 F1=0.7707 sens=0.9588 spec=0.1509
04:10:50 | INFO    |   -> h06__values_masks | test AUROC=0.6952 AUPRC=0.8007 F1=0.7674 sens=0.9412 spec=0.1792 thr=0.347 | trained_in=00:04
04:10:50 | INFO    |   progress | done=2/12 | elapsed=00:24 | avg/exp=00:12 | eta=02:00
04:10:50 | INFO    | [3/12] Starting h06__full | elapsed=00:24 | eta=02:00
04:10:50 | INFO    | ------------------------------------------------------------------------------
04:10:50 | INFO    | Experiment: horizon=6h | channel_set=full
04:10:50 | INFO    | Device     : cuda
04:10:50 | INFO    | Input      : (T=6, C=18) | train=(2205, 6, 18) val=(276, 6, 18) test=(276, 6, 18)
04:10:50 | INFO    | Class bal  : train pos=1,359 neg=846 (pos_frac=0.616) | val pos=170 neg=106 | test pos=170 neg=106
04:10:50 | INFO    | Loss       : BCE | pos_weight=0.623 | sampler=off
04:10:50 | INFO    | Optim      : AdamW lr=1.00e-03 wd=1.00e-04 | grad_clip=1.00
04:10:50 | INFO    | Schedule   : ReduceLROnPlateau (monitor=auprc, factor=0.5, patience=6)
04:10:50 | INFO    | Stopping   : early_stop_patience=12 | epochs<=100
04:10:50 | INFO    | Model      : params=517,570 | conv=(64, 128) | kernels=(3, 5) | dilations=(1, 2) | lstm=2x96 | head=96 | dropout=0.30
04:10:50 | INFO    | Train      : batch_size=64 | batches/epoch=35
04:10:50 | INFO    | ------------------------------------------------------------------------------
04:10:50 | INFO    | Epoch   1/100 |   0.2s | train_loss=0.4980 | val AUROC=0.7270 AUPRC=0.8236 F1=0.7783 sens=0.9294 spec=0.2642 | thr=0.274 | lr=1.00e-03 | NEW BEST auprc=0.8236 | elapsed=00:00 eta=00:03
04:10:50 | INFO    | Epoch   2/100 |   0.2s | train_loss=0.4681 | val AUROC=0.7483 AUPRC=0.8452 F1=0.7742 sens=0.9882 spec=0.0943 | thr=0.225 | lr=1.00e-03 | NEW BEST auprc=0.8452 (+0.0216) | elapsed=00:00 eta=00:03
04:10:50 | INFO    | Epoch   3/100 |   0.2s | train_loss=0.4615 | val AUROC=0.7320 AUPRC=0.8298 F1=0.7783 sens=0.9706 spec=0.1604 | thr=0.284 | lr=1.00e-03 | no improve (auprc=0.8298, best=0.8452, stale=1/12) | elapsed=00:00 eta=00:03
04:10:51 | INFO    | Epoch   4/100 |   0.2s | train_loss=0.4656 | val AUROC=0.7406 AUPRC=0.8399 F1=0.7757 sens=0.9765 spec=0.1321 | thr=0.174 | lr=1.00e-03 | no improve (auprc=0.8399, best=0.8452, stale=2/12) | elapsed=00:00 eta=00:02
04:10:51 | INFO    | Epoch   5/100 |   0.2s | train_loss=0.4518 | val AUROC=0.7502 AUPRC=0.8468 F1=0.7855 sens=0.9588 spec=0.2264 | thr=0.310 | lr=1.00e-03 | NEW BEST auprc=0.8468 (+0.0017) | elapsed=00:01 eta=00:02
04:10:51 | INFO    | Epoch   6/100 |   0.2s | train_loss=0.4499 | val AUROC=0.7478 AUPRC=0.8416 F1=0.7814 sens=0.9882 spec=0.1321 | thr=0.159 | lr=1.00e-03 | no improve (auprc=0.8416, best=0.8468, stale=1/12) | elapsed=00:01 eta=00:03
04:10:51 | INFO    | Epoch   7/100 |   0.2s | train_loss=0.4440 | val AUROC=0.7503 AUPRC=0.8502 F1=0.7828 sens=0.9647 spec=0.1981 | thr=0.190 | lr=1.00e-03 | NEW BEST auprc=0.8502 (+0.0034) | elapsed=00:01 eta=00:02
04:10:52 | INFO    | Epoch   8/100 |   0.2s | train_loss=0.4462 | val AUROC=0.7357 AUPRC=0.8305 F1=0.7847 sens=0.9647 spec=0.2075 | thr=0.254 | lr=1.00e-03 | no improve (auprc=0.8305, best=0.8502, stale=1/12) | elapsed=00:01 eta=00:03
04:10:52 | INFO    | Epoch   9/100 |   0.2s | train_loss=0.4337 | val AUROC=0.7544 AUPRC=0.8413 F1=0.7824 sens=0.9941 spec=0.1226 | thr=0.234 | lr=1.00e-03 | no improve (auprc=0.8413, best=0.8502, stale=2/12) | elapsed=00:02 eta=00:02
04:10:52 | INFO    | Epoch  10/100 |   0.2s | train_loss=0.4474 | val AUROC=0.7544 AUPRC=0.8489 F1=0.7847 sens=0.9647 spec=0.2075 | thr=0.177 | lr=1.00e-03 | no improve (auprc=0.8489, best=0.8502, stale=3/12) | elapsed=00:02 eta=00:02
04:10:52 | INFO    | Epoch  11/100 |   0.2s | train_loss=0.4353 | val AUROC=0.7346 AUPRC=0.8310 F1=0.7824 sens=0.9941 spec=0.1226 | thr=0.083 | lr=1.00e-03 | no improve (auprc=0.8310, best=0.8502, stale=4/12) | elapsed=00:02 eta=00:02
04:10:52 | INFO    | Epoch  12/100 |   0.2s | train_loss=0.4319 | val AUROC=0.7467 AUPRC=0.8286 F1=0.7901 sens=0.9412 spec=0.2925 | thr=0.311 | lr=1.00e-03 | no improve (auprc=0.8286, best=0.8502, stale=5/12) | elapsed=00:02 eta=00:02
04:10:53 | INFO    | Epoch  13/100 |   0.2s | train_loss=0.4206 | val AUROC=0.7391 AUPRC=0.8281 F1=0.7857 sens=0.9706 spec=0.1981 | thr=0.204 | lr=1.00e-03 | no improve (auprc=0.8281, best=0.8502, stale=6/12) | elapsed=00:03 eta=00:01
04:10:53 | INFO    | Epoch  14/100 |   0.2s | train_loss=0.4190 | val AUROC=0.7541 AUPRC=0.8426 F1=0.7874 sens=0.9588 spec=0.2358 | thr=0.335 | lr=5.00e-04 | no improve (auprc=0.8426, best=0.8502, stale=7/12) | elapsed=00:03 eta=00:01
04:10:53 | INFO    | Epoch  15/100 |   0.2s | train_loss=0.3969 | val AUROC=0.7356 AUPRC=0.8301 F1=0.7822 sens=0.9824 spec=0.1509 | thr=0.153 | lr=5.00e-04 | no improve (auprc=0.8301, best=0.8502, stale=8/12) | elapsed=00:03 eta=00:01
04:10:53 | INFO    | Epoch  16/100 |   0.2s | train_loss=0.3924 | val AUROC=0.7339 AUPRC=0.8239 F1=0.7788 sens=0.9529 spec=0.2075 | thr=0.201 | lr=5.00e-04 | no improve (auprc=0.8239, best=0.8502, stale=9/12) | elapsed=00:03 eta=00:01
04:10:54 | INFO    | Epoch  17/100 |   0.2s | train_loss=0.3865 | val AUROC=0.7165 AUPRC=0.8126 F1=0.7770 sens=0.9941 spec=0.0943 | thr=0.052 | lr=5.00e-04 | no improve (auprc=0.8126, best=0.8502, stale=10/12) | elapsed=00:03 eta=00:00
04:10:54 | INFO    | Epoch  18/100 |   0.2s | train_loss=0.3708 | val AUROC=0.7340 AUPRC=0.8263 F1=0.7862 sens=0.9412 spec=0.2736 | thr=0.241 | lr=5.00e-04 | no improve (auprc=0.8263, best=0.8502, stale=11/12) | elapsed=00:04 eta=00:00
04:10:54 | INFO    | Epoch  19/100 |   0.2s | train_loss=0.3581 | val AUROC=0.7117 AUPRC=0.8053 F1=0.7842 sens=0.9941 spec=0.1321 | thr=0.066 | lr=5.00e-04 | no improve (auprc=0.8053, best=0.8502, stale=12/12) | elapsed=00:04 eta=00:00
04:10:54 | INFO    | Early stopping at epoch 19 (no improvement for 12 epochs; best was epoch 7, auprc=0.8502)
04:10:54 | INFO    | Training summary: epochs_run=19 | best_epoch=7 | best_auprc=0.8502 | total_time=00:04 | avg_epoch=0.23s
04:10:54 | INFO    | Final eval: running validation and test passes with best checkpoint ...
04:10:54 | INFO    | Final test  | AUROC=0.7593 AUPRC=0.8407 F1=0.7659 sens=0.9235 spec=0.2170 bal_acc=0.5703 thr=0.190
04:10:54 | INFO    | Final val   | AUROC=0.7503 AUPRC=0.8502 F1=0.7828 sens=0.9647 spec=0.1981
04:10:57 | INFO    |   -> h06__full | test AUROC=0.7593 AUPRC=0.8407 F1=0.7659 sens=0.9235 spec=0.2170 thr=0.190 | trained_in=00:04
04:10:57 | INFO    |   progress | done=3/12 | elapsed=00:30 | avg/exp=00:10 | eta=01:32
04:10:57 | INFO    | [4/12] Starting h12__values | elapsed=00:30 | eta=01:32
04:10:57 | INFO    | ------------------------------------------------------------------------------
04:10:57 | INFO    | Experiment: horizon=12h | channel_set=values
04:10:57 | INFO    | Device     : cuda
04:10:57 | INFO    | Input      : (T=12, C=5) | train=(2205, 12, 5) val=(276, 12, 5) test=(276, 12, 5)
04:10:57 | INFO    | Class bal  : train pos=1,359 neg=846 (pos_frac=0.616) | val pos=170 neg=106 | test pos=170 neg=106
04:10:57 | INFO    | Loss       : BCE | pos_weight=0.623 | sampler=off
04:10:57 | INFO    | Optim      : AdamW lr=1.00e-03 wd=1.00e-04 | grad_clip=1.00
04:10:57 | INFO    | Schedule   : ReduceLROnPlateau (monitor=auprc, factor=0.5, patience=6)
04:10:57 | INFO    | Stopping   : early_stop_patience=12 | epochs<=100
04:10:57 | INFO    | Model      : params=514,242 | conv=(64, 128) | kernels=(3, 5) | dilations=(1, 2) | lstm=2x96 | head=96 | dropout=0.30
04:10:57 | INFO    | Train      : batch_size=64 | batches/epoch=35
04:10:57 | INFO    | ------------------------------------------------------------------------------
04:10:57 | INFO    | Epoch   1/100 |   0.3s | train_loss=0.4993 | val AUROC=0.6884 AUPRC=0.7901 F1=0.7814 sens=0.9882 spec=0.1321 | thr=0.260 | lr=1.00e-03 | NEW BEST auprc=0.7901 | elapsed=00:00 eta=00:03
04:10:57 | INFO    | Epoch   2/100 |   0.2s | train_loss=0.4834 | val AUROC=0.6990 AUPRC=0.7989 F1=0.7812 sens=0.9765 spec=0.1604 | thr=0.294 | lr=1.00e-03 | NEW BEST auprc=0.7989 (+0.0088) | elapsed=00:00 eta=00:03
04:10:57 | INFO    | Epoch   3/100 |   0.2s | train_loss=0.4832 | val AUROC=0.7143 AUPRC=0.8064 F1=0.7824 sens=0.9941 spec=0.1226 | thr=0.245 | lr=1.00e-03 | NEW BEST auprc=0.8064 (+0.0076) | elapsed=00:00 eta=00:03
04:10:58 | INFO    | Epoch   4/100 |   0.2s | train_loss=0.4718 | val AUROC=0.7280 AUPRC=0.8176 F1=0.7835 sens=0.9471 spec=0.2453 | thr=0.344 | lr=1.00e-03 | NEW BEST auprc=0.8176 (+0.0111) | elapsed=00:00 eta=00:03
04:10:58 | INFO    | Epoch   5/100 |   0.2s | train_loss=0.4702 | val AUROC=0.7285 AUPRC=0.8132 F1=0.7822 sens=0.9824 spec=0.1509 | thr=0.194 | lr=1.00e-03 | no improve (auprc=0.8132, best=0.8176, stale=1/12) | elapsed=00:01 eta=00:03
04:10:58 | INFO    | Epoch   6/100 |   0.2s | train_loss=0.4625 | val AUROC=0.7228 AUPRC=0.8181 F1=0.7804 sens=0.9824 spec=0.1415 | thr=0.150 | lr=1.00e-03 | NEW BEST auprc=0.8181 (+0.0005) | elapsed=00:01 eta=00:02
04:10:58 | INFO    | Epoch   7/100 |   0.2s | train_loss=0.4603 | val AUROC=0.7328 AUPRC=0.8145 F1=0.7845 sens=0.9529 spec=0.2358 | thr=0.255 | lr=1.00e-03 | no improve (auprc=0.8145, best=0.8181, stale=1/12) | elapsed=00:01 eta=00:03
04:10:58 | INFO    | Epoch   8/100 |   0.2s | train_loss=0.4608 | val AUROC=0.7181 AUPRC=0.8090 F1=0.7869 sens=0.9882 spec=0.1604 | thr=0.199 | lr=1.00e-03 | no improve (auprc=0.8090, best=0.8181, stale=2/12) | elapsed=00:01 eta=00:02
04:10:59 | INFO    | Epoch   9/100 |   0.2s | train_loss=0.4501 | val AUROC=0.7367 AUPRC=0.8246 F1=0.7847 sens=0.9647 spec=0.2075 | thr=0.229 | lr=1.00e-03 | NEW BEST auprc=0.8246 (+0.0065) | elapsed=00:02 eta=00:02
04:10:59 | INFO    | Epoch  10/100 |   0.2s | train_loss=0.4325 | val AUROC=0.7324 AUPRC=0.8290 F1=0.7834 sens=1.0000 spec=0.1132 | thr=0.165 | lr=1.00e-03 | NEW BEST auprc=0.8290 (+0.0044) | elapsed=00:02 eta=00:03
04:10:59 | INFO    | Epoch  11/100 |   0.2s | train_loss=0.4314 | val AUROC=0.7247 AUPRC=0.8219 F1=0.7842 sens=0.9941 spec=0.1321 | thr=0.134 | lr=1.00e-03 | no improve (auprc=0.8219, best=0.8290, stale=1/12) | elapsed=00:02 eta=00:03
04:10:59 | INFO    | Epoch  12/100 |   0.2s | train_loss=0.4267 | val AUROC=0.7409 AUPRC=0.8352 F1=0.7883 sens=0.9529 spec=0.2547 | thr=0.296 | lr=1.00e-03 | NEW BEST auprc=0.8352 (+0.0061) | elapsed=00:02 eta=00:02
04:11:00 | INFO    | Epoch  13/100 |   0.2s | train_loss=0.4162 | val AUROC=0.7349 AUPRC=0.8243 F1=0.7869 sens=0.9882 spec=0.1604 | thr=0.101 | lr=1.00e-03 | no improve (auprc=0.8243, best=0.8352, stale=1/12) | elapsed=00:03 eta=00:03
04:11:00 | INFO    | Epoch  14/100 |   0.2s | train_loss=0.4097 | val AUROC=0.7244 AUPRC=0.8258 F1=0.7847 sens=0.9647 spec=0.2075 | thr=0.203 | lr=1.00e-03 | no improve (auprc=0.8258, best=0.8352, stale=2/12) | elapsed=00:03 eta=00:02
04:11:00 | INFO    | Epoch  15/100 |   0.2s | train_loss=0.3986 | val AUROC=0.7439 AUPRC=0.8326 F1=0.7842 sens=0.9941 spec=0.1321 | thr=0.052 | lr=1.00e-03 | no improve (auprc=0.8326, best=0.8352, stale=3/12) | elapsed=00:03 eta=00:02
04:11:00 | INFO    | Epoch  16/100 |   0.2s | train_loss=0.3886 | val AUROC=0.7225 AUPRC=0.8119 F1=0.7793 sens=0.9765 spec=0.1509 | thr=0.119 | lr=1.00e-03 | no improve (auprc=0.8119, best=0.8352, stale=4/12) | elapsed=00:03 eta=00:02
04:11:01 | INFO    | Epoch  17/100 |   0.2s | train_loss=0.3710 | val AUROC=0.7397 AUPRC=0.8293 F1=0.7859 sens=0.9824 spec=0.1698 | thr=0.112 | lr=1.00e-03 | no improve (auprc=0.8293, best=0.8352, stale=5/12) | elapsed=00:04 eta=00:02
04:11:01 | INFO    | Epoch  18/100 |   0.2s | train_loss=0.3573 | val AUROC=0.7064 AUPRC=0.7993 F1=0.7904 sens=0.9647 spec=0.2358 | thr=0.135 | lr=1.00e-03 | no improve (auprc=0.7993, best=0.8352, stale=6/12) | elapsed=00:04 eta=00:01
04:11:01 | INFO    | Epoch  19/100 |   0.2s | train_loss=0.3483 | val AUROC=0.7267 AUPRC=0.8152 F1=0.7901 sens=0.9412 spec=0.2925 | thr=0.216 | lr=5.00e-04 | no improve (auprc=0.8152, best=0.8352, stale=7/12) | elapsed=00:04 eta=00:01
04:11:01 | INFO    | Epoch  20/100 |   0.2s | train_loss=0.3190 | val AUROC=0.7215 AUPRC=0.8108 F1=0.7763 sens=1.0000 spec=0.0755 | thr=0.023 | lr=5.00e-04 | no improve (auprc=0.8108, best=0.8352, stale=8/12) | elapsed=00:04 eta=00:01
04:11:01 | INFO    | Epoch  21/100 |   0.2s | train_loss=0.2833 | val AUROC=0.7333 AUPRC=0.8166 F1=0.7833 sens=0.8824 spec=0.4057 | thr=0.213 | lr=5.00e-04 | no improve (auprc=0.8166, best=0.8352, stale=9/12) | elapsed=00:04 eta=00:01
04:11:02 | INFO    | Epoch  22/100 |   0.2s | train_loss=0.2699 | val AUROC=0.7361 AUPRC=0.8217 F1=0.7822 sens=0.8765 spec=0.4151 | thr=0.260 | lr=5.00e-04 | no improve (auprc=0.8217, best=0.8352, stale=10/12) | elapsed=00:05 eta=00:00
04:11:02 | INFO    | Epoch  23/100 |   0.2s | train_loss=0.2631 | val AUROC=0.7325 AUPRC=0.8209 F1=0.7783 sens=0.9294 spec=0.2642 | thr=0.121 | lr=5.00e-04 | no improve (auprc=0.8209, best=0.8352, stale=11/12) | elapsed=00:05 eta=00:00
04:11:02 | INFO    | Epoch  24/100 |   0.2s | train_loss=0.2440 | val AUROC=0.7230 AUPRC=0.7992 F1=0.7844 sens=0.8882 spec=0.3962 | thr=0.157 | lr=5.00e-04 | no improve (auprc=0.7992, best=0.8352, stale=12/12) | elapsed=00:05 eta=00:00
04:11:02 | INFO    | Early stopping at epoch 24 (no improvement for 12 epochs; best was epoch 12, auprc=0.8352)
04:11:02 | INFO    | Training summary: epochs_run=24 | best_epoch=12 | best_auprc=0.8352 | total_time=00:05 | avg_epoch=0.24s
04:11:02 | INFO    | Final eval: running validation and test passes with best checkpoint ...
04:11:02 | INFO    | Final test  | AUROC=0.6968 AUPRC=0.7897 F1=0.7586 sens=0.9059 spec=0.2264 bal_acc=0.5661 thr=0.296
04:11:02 | INFO    | Final val   | AUROC=0.7409 AUPRC=0.8352 F1=0.7883 sens=0.9529 spec=0.2547
04:11:05 | INFO    |   -> h12__values | test AUROC=0.6968 AUPRC=0.7897 F1=0.7586 sens=0.9059 spec=0.2264 thr=0.296 | trained_in=00:05
04:11:05 | INFO    |   progress | done=4/12 | elapsed=00:39 | avg/exp=00:09 | eta=01:18
04:11:05 | INFO    | [5/12] Starting h12__values_masks | elapsed=00:39 | eta=01:18
04:11:05 | INFO    | ------------------------------------------------------------------------------
04:11:05 | INFO    | Experiment: horizon=12h | channel_set=values_masks
04:11:05 | INFO    | Device     : cuda
04:11:05 | INFO    | Input      : (T=12, C=10) | train=(2205, 12, 10) val=(276, 12, 10) test=(276, 12, 10)
04:11:05 | INFO    | Class bal  : train pos=1,359 neg=846 (pos_frac=0.616) | val pos=170 neg=106 | test pos=170 neg=106
04:11:05 | INFO    | Loss       : BCE | pos_weight=0.623 | sampler=off
04:11:05 | INFO    | Optim      : AdamW lr=1.00e-03 wd=1.00e-04 | grad_clip=1.00
04:11:05 | INFO    | Schedule   : ReduceLROnPlateau (monitor=auprc, factor=0.5, patience=6)
04:11:05 | INFO    | Stopping   : early_stop_patience=12 | epochs<=100
04:11:05 | INFO    | Model      : params=515,522 | conv=(64, 128) | kernels=(3, 5) | dilations=(1, 2) | lstm=2x96 | head=96 | dropout=0.30
04:11:05 | INFO    | Train      : batch_size=64 | batches/epoch=35
04:11:05 | INFO    | ------------------------------------------------------------------------------
04:11:05 | INFO    | Epoch   1/100 |   0.2s | train_loss=0.5000 | val AUROC=0.6747 AUPRC=0.7799 F1=0.7838 sens=0.9706 spec=0.1887 | thr=0.276 | lr=1.00e-03 | NEW BEST auprc=0.7799 | elapsed=00:00 eta=00:03
04:11:05 | INFO    | Epoch   2/100 |   0.2s | train_loss=0.4818 | val AUROC=0.6849 AUPRC=0.7749 F1=0.7904 sens=0.9647 spec=0.2358 | thr=0.412 | lr=1.00e-03 | no improve (auprc=0.7749, best=0.7799, stale=1/12) | elapsed=00:00 eta=00:03
04:11:06 | INFO    | Epoch   3/100 |   0.2s | train_loss=0.4784 | val AUROC=0.7149 AUPRC=0.7970 F1=0.7824 sens=0.9941 spec=0.1226 | thr=0.214 | lr=1.00e-03 | NEW BEST auprc=0.7970 (+0.0172) | elapsed=00:00 eta=00:02
04:11:06 | INFO    | Epoch   4/100 |   0.2s | train_loss=0.4707 | val AUROC=0.7187 AUPRC=0.8091 F1=0.7834 sens=1.0000 spec=0.1132 | thr=0.155 | lr=1.00e-03 | NEW BEST auprc=0.8091 (+0.0120) | elapsed=00:00 eta=00:03
04:11:06 | INFO    | Epoch   5/100 |   0.2s | train_loss=0.4717 | val AUROC=0.7219 AUPRC=0.8063 F1=0.7852 sens=1.0000 spec=0.1226 | thr=0.161 | lr=1.00e-03 | no improve (auprc=0.8063, best=0.8091, stale=1/12) | elapsed=00:01 eta=00:03
04:11:06 | INFO    | Epoch   6/100 |   0.2s | train_loss=0.4641 | val AUROC=0.7082 AUPRC=0.7955 F1=0.7876 sens=0.9706 spec=0.2075 | thr=0.308 | lr=1.00e-03 | no improve (auprc=0.7955, best=0.8091, stale=2/12) | elapsed=00:01 eta=00:02
04:11:06 | INFO    | Epoch   7/100 |   0.2s | train_loss=0.4584 | val AUROC=0.7243 AUPRC=0.8085 F1=0.7840 sens=0.9824 spec=0.1604 | thr=0.350 | lr=1.00e-03 | no improve (auprc=0.8085, best=0.8091, stale=3/12) | elapsed=00:01 eta=00:02
04:11:07 | INFO    | Epoch   8/100 |   0.2s | train_loss=0.4591 | val AUROC=0.7432 AUPRC=0.8279 F1=0.7830 sens=0.9765 spec=0.1698 | thr=0.333 | lr=1.00e-03 | NEW BEST auprc=0.8279 (+0.0188) | elapsed=00:01 eta=00:02
04:11:07 | INFO    | Epoch   9/100 |   0.2s | train_loss=0.4461 | val AUROC=0.7603 AUPRC=0.8421 F1=0.7859 sens=0.9176 spec=0.3302 | thr=0.336 | lr=1.00e-03 | NEW BEST auprc=0.8421 (+0.0142) | elapsed=00:02 eta=00:03
04:11:07 | INFO    | Epoch  10/100 |   0.2s | train_loss=0.4465 | val AUROC=0.7402 AUPRC=0.8169 F1=0.7826 sens=0.9529 spec=0.2264 | thr=0.293 | lr=1.00e-03 | no improve (auprc=0.8169, best=0.8421, stale=1/12) | elapsed=00:02 eta=00:03
04:11:07 | INFO    | Epoch  11/100 |   0.2s | train_loss=0.4384 | val AUROC=0.7555 AUPRC=0.8339 F1=0.7828 sens=0.9647 spec=0.1981 | thr=0.260 | lr=1.00e-03 | no improve (auprc=0.8339, best=0.8421, stale=2/12) | elapsed=00:02 eta=00:02
04:11:08 | INFO    | Epoch  12/100 |   0.2s | train_loss=0.4256 | val AUROC=0.7329 AUPRC=0.8244 F1=0.7847 sens=0.9647 spec=0.2075 | thr=0.222 | lr=1.00e-03 | no improve (auprc=0.8244, best=0.8421, stale=3/12) | elapsed=00:02 eta=00:02
04:11:08 | INFO    | Epoch  13/100 |   0.2s | train_loss=0.4279 | val AUROC=0.7190 AUPRC=0.8030 F1=0.7933 sens=0.9706 spec=0.2358 | thr=0.217 | lr=1.00e-03 | no improve (auprc=0.8030, best=0.8421, stale=4/12) | elapsed=00:03 eta=00:02
04:11:08 | INFO    | Epoch  14/100 |   0.2s | train_loss=0.4108 | val AUROC=0.7461 AUPRC=0.8291 F1=0.7849 sens=0.9765 spec=0.1792 | thr=0.143 | lr=1.00e-03 | no improve (auprc=0.8291, best=0.8421, stale=5/12) | elapsed=00:03 eta=00:02
04:11:08 | INFO    | Epoch  15/100 |   0.2s | train_loss=0.4081 | val AUROC=0.7302 AUPRC=0.8278 F1=0.7859 sens=0.9824 spec=0.1698 | thr=0.075 | lr=1.00e-03 | no improve (auprc=0.8278, best=0.8421, stale=6/12) | elapsed=00:03 eta=00:01
04:11:09 | INFO    | Epoch  16/100 |   0.2s | train_loss=0.4021 | val AUROC=0.7299 AUPRC=0.8227 F1=0.7832 sens=0.9882 spec=0.1415 | thr=0.135 | lr=5.00e-04 | no improve (auprc=0.8227, best=0.8421, stale=7/12) | elapsed=00:03 eta=00:01
04:11:09 | INFO    | Epoch  17/100 |   0.2s | train_loss=0.3827 | val AUROC=0.7509 AUPRC=0.8357 F1=0.7962 sens=0.9882 spec=0.2075 | thr=0.106 | lr=5.00e-04 | no improve (auprc=0.8357, best=0.8421, stale=8/12) | elapsed=00:03 eta=00:01
04:11:09 | INFO    | Epoch  18/100 |   0.2s | train_loss=0.3598 | val AUROC=0.7406 AUPRC=0.8261 F1=0.7877 sens=0.9824 spec=0.1792 | thr=0.094 | lr=5.00e-04 | no improve (auprc=0.8261, best=0.8421, stale=9/12) | elapsed=00:04 eta=00:01
04:11:09 | INFO    | Epoch  19/100 |   0.2s | train_loss=0.3512 | val AUROC=0.7422 AUPRC=0.8315 F1=0.7886 sens=0.9765 spec=0.1981 | thr=0.079 | lr=5.00e-04 | no improve (auprc=0.8315, best=0.8421, stale=10/12) | elapsed=00:04 eta=00:00
04:11:09 | INFO    | Epoch  20/100 |   0.2s | train_loss=0.3314 | val AUROC=0.7327 AUPRC=0.8256 F1=0.7849 sens=0.9765 spec=0.1792 | thr=0.118 | lr=5.00e-04 | no improve (auprc=0.8256, best=0.8421, stale=11/12) | elapsed=00:04 eta=00:00
04:11:10 | INFO    | Epoch  21/100 |   0.2s | train_loss=0.3257 | val AUROC=0.7228 AUPRC=0.8178 F1=0.7816 sens=1.0000 spec=0.1038 | thr=0.027 | lr=5.00e-04 | no improve (auprc=0.8178, best=0.8421, stale=12/12) | elapsed=00:04 eta=00:00
04:11:10 | INFO    | Early stopping at epoch 21 (no improvement for 12 epochs; best was epoch 9, auprc=0.8421)
04:11:10 | INFO    | Training summary: epochs_run=21 | best_epoch=9 | best_auprc=0.8421 | total_time=00:04 | avg_epoch=0.23s
04:11:10 | INFO    | Final eval: running validation and test passes with best checkpoint ...
04:11:10 | INFO    | Final test  | AUROC=0.7086 AUPRC=0.7980 F1=0.7673 sens=0.8824 spec=0.3302 bal_acc=0.6063 thr=0.336
04:11:10 | INFO    | Final val   | AUROC=0.7603 AUPRC=0.8421 F1=0.7859 sens=0.9176 spec=0.3302
04:11:12 | INFO    |   -> h12__values_masks | test AUROC=0.7086 AUPRC=0.7980 F1=0.7673 sens=0.8824 spec=0.3302 thr=0.336 | trained_in=00:04
04:11:12 | INFO    |   progress | done=5/12 | elapsed=00:46 | avg/exp=00:09 | eta=01:05
04:11:12 | INFO    | [6/12] Starting h12__full | elapsed=00:46 | eta=01:05
04:11:12 | INFO    | ------------------------------------------------------------------------------
04:11:12 | INFO    | Experiment: horizon=12h | channel_set=full
04:11:12 | INFO    | Device     : cuda
04:11:12 | INFO    | Input      : (T=12, C=18) | train=(2205, 12, 18) val=(276, 12, 18) test=(276, 12, 18)
04:11:12 | INFO    | Class bal  : train pos=1,359 neg=846 (pos_frac=0.616) | val pos=170 neg=106 | test pos=170 neg=106
04:11:12 | INFO    | Loss       : BCE | pos_weight=0.623 | sampler=off
04:11:12 | INFO    | Optim      : AdamW lr=1.00e-03 wd=1.00e-04 | grad_clip=1.00
04:11:12 | INFO    | Schedule   : ReduceLROnPlateau (monitor=auprc, factor=0.5, patience=6)
04:11:12 | INFO    | Stopping   : early_stop_patience=12 | epochs<=100
04:11:12 | INFO    | Model      : params=517,570 | conv=(64, 128) | kernels=(3, 5) | dilations=(1, 2) | lstm=2x96 | head=96 | dropout=0.30
04:11:12 | INFO    | Train      : batch_size=64 | batches/epoch=35
04:11:12 | INFO    | ------------------------------------------------------------------------------
04:11:13 | INFO    | Epoch   1/100 |   0.2s | train_loss=0.4937 | val AUROC=0.7193 AUPRC=0.8097 F1=0.7810 sens=0.9647 spec=0.1887 | thr=0.219 | lr=1.00e-03 | NEW BEST auprc=0.8097 | elapsed=00:00 eta=00:03
04:11:13 | INFO    | Epoch   2/100 |   0.2s | train_loss=0.4633 | val AUROC=0.7468 AUPRC=0.8332 F1=0.7850 sens=0.9882 spec=0.1509 | thr=0.284 | lr=1.00e-03 | NEW BEST auprc=0.8332 (+0.0235) | elapsed=00:00 eta=00:03
04:11:13 | INFO    | Epoch   3/100 |   0.2s | train_loss=0.4569 | val AUROC=0.7386 AUPRC=0.8323 F1=0.7877 sens=0.9824 spec=0.1792 | thr=0.304 | lr=1.00e-03 | no improve (auprc=0.8323, best=0.8332, stale=1/12) | elapsed=00:00 eta=00:03
04:11:13 | INFO    | Epoch   4/100 |   0.2s | train_loss=0.4602 | val AUROC=0.7470 AUPRC=0.8374 F1=0.7879 sens=0.9941 spec=0.1509 | thr=0.122 | lr=1.00e-03 | NEW BEST auprc=0.8374 (+0.0042) | elapsed=00:00 eta=00:02
04:11:14 | INFO    | Epoch   5/100 |   0.2s | train_loss=0.4476 | val AUROC=0.7562 AUPRC=0.8375 F1=0.7893 sens=0.9588 spec=0.2453 | thr=0.307 | lr=1.00e-03 | NEW BEST auprc=0.8375 (+0.0001) | elapsed=00:01 eta=00:03
04:11:14 | INFO    | Epoch   6/100 |   0.2s | train_loss=0.4536 | val AUROC=0.7410 AUPRC=0.8289 F1=0.7860 sens=0.9941 spec=0.1415 | thr=0.131 | lr=1.00e-03 | no improve (auprc=0.8289, best=0.8375, stale=1/12) | elapsed=00:01 eta=00:03
04:11:14 | INFO    | Epoch   7/100 |   0.2s | train_loss=0.4403 | val AUROC=0.7495 AUPRC=0.8400 F1=0.7885 sens=0.9647 spec=0.2264 | thr=0.226 | lr=1.00e-03 | NEW BEST auprc=0.8400 (+0.0025) | elapsed=00:01 eta=00:02
04:11:14 | INFO    | Epoch   8/100 |   0.2s | train_loss=0.4394 | val AUROC=0.7501 AUPRC=0.8286 F1=0.7850 sens=0.9882 spec=0.1509 | thr=0.175 | lr=1.00e-03 | no improve (auprc=0.8286, best=0.8400, stale=1/12) | elapsed=00:01 eta=00:03
04:11:15 | INFO    | Epoch   9/100 |   0.2s | train_loss=0.4312 | val AUROC=0.7625 AUPRC=0.8432 F1=0.7950 sens=0.9353 spec=0.3302 | thr=0.393 | lr=1.00e-03 | NEW BEST auprc=0.8432 (+0.0032) | elapsed=00:02 eta=00:02
04:11:15 | INFO    | Epoch  10/100 |   0.2s | train_loss=0.4385 | val AUROC=0.7595 AUPRC=0.8393 F1=0.7925 sens=0.9882 spec=0.1887 | thr=0.212 | lr=1.00e-03 | no improve (auprc=0.8393, best=0.8432, stale=1/12) | elapsed=00:02 eta=00:03
04:11:15 | INFO    | Epoch  11/100 |   0.2s | train_loss=0.4284 | val AUROC=0.7363 AUPRC=0.8204 F1=0.7896 sens=0.9824 spec=0.1887 | thr=0.142 | lr=1.00e-03 | no improve (auprc=0.8204, best=0.8432, stale=2/12) | elapsed=00:02 eta=00:02
04:11:15 | INFO    | Epoch  12/100 |   0.2s | train_loss=0.4307 | val AUROC=0.7314 AUPRC=0.8224 F1=0.7860 sens=0.9941 spec=0.1415 | thr=0.154 | lr=1.00e-03 | no improve (auprc=0.8224, best=0.8432, stale=3/12) | elapsed=00:02 eta=00:02
04:11:15 | INFO    | Epoch  13/100 |   0.2s | train_loss=0.4088 | val AUROC=0.7400 AUPRC=0.8301 F1=0.7859 sens=0.9824 spec=0.1698 | thr=0.140 | lr=1.00e-03 | no improve (auprc=0.8301, best=0.8432, stale=4/12) | elapsed=00:03 eta=00:02
04:11:16 | INFO    | Epoch  14/100 |   0.2s | train_loss=0.4213 | val AUROC=0.7529 AUPRC=0.8367 F1=0.7870 sens=1.0000 spec=0.1321 | thr=0.103 | lr=1.00e-03 | no improve (auprc=0.8367, best=0.8432, stale=5/12) | elapsed=00:03 eta=00:02
04:11:16 | INFO    | Epoch  15/100 |   0.2s | train_loss=0.4084 | val AUROC=0.7402 AUPRC=0.8281 F1=0.7848 sens=0.9118 spec=0.3396 | thr=0.304 | lr=1.00e-03 | no improve (auprc=0.8281, best=0.8432, stale=6/12) | elapsed=00:03 eta=00:01
04:11:16 | INFO    | Epoch  16/100 |   0.2s | train_loss=0.4114 | val AUROC=0.7421 AUPRC=0.8327 F1=0.7889 sens=1.0000 spec=0.1415 | thr=0.119 | lr=5.00e-04 | no improve (auprc=0.8327, best=0.8432, stale=7/12) | elapsed=00:03 eta=00:01
04:11:16 | INFO    | Epoch  17/100 |   0.2s | train_loss=0.3881 | val AUROC=0.7466 AUPRC=0.8386 F1=0.7892 sens=0.9471 spec=0.2736 | thr=0.218 | lr=5.00e-04 | no improve (auprc=0.8386, best=0.8432, stale=8/12) | elapsed=00:03 eta=00:01
04:11:17 | INFO    | Epoch  18/100 |   0.2s | train_loss=0.3755 | val AUROC=0.7462 AUPRC=0.8367 F1=0.7822 sens=0.9824 spec=0.1509 | thr=0.129 | lr=5.00e-04 | no improve (auprc=0.8367, best=0.8432, stale=9/12) | elapsed=00:04 eta=00:01
04:11:17 | INFO    | Epoch  19/100 |   0.2s | train_loss=0.3609 | val AUROC=0.7401 AUPRC=0.8235 F1=0.7849 sens=0.9765 spec=0.1792 | thr=0.129 | lr=5.00e-04 | no improve (auprc=0.8235, best=0.8432, stale=10/12) | elapsed=00:04 eta=00:00
04:11:17 | INFO    | Epoch  20/100 |   0.2s | train_loss=0.3534 | val AUROC=0.7388 AUPRC=0.8296 F1=0.7914 sens=0.9706 spec=0.2264 | thr=0.115 | lr=5.00e-04 | no improve (auprc=0.8296, best=0.8432, stale=11/12) | elapsed=00:04 eta=00:00
04:11:17 | INFO    | Epoch  21/100 |   0.2s | train_loss=0.3613 | val AUROC=0.7462 AUPRC=0.8380 F1=0.7893 sens=0.9588 spec=0.2453 | thr=0.230 | lr=5.00e-04 | no improve (auprc=0.8380, best=0.8432, stale=12/12) | elapsed=00:04 eta=00:00
04:11:17 | INFO    | Early stopping at epoch 21 (no improvement for 12 epochs; best was epoch 9, auprc=0.8432)
04:11:17 | INFO    | Training summary: epochs_run=21 | best_epoch=9 | best_auprc=0.8432 | total_time=00:04 | avg_epoch=0.23s
04:11:17 | INFO    | Final eval: running validation and test passes with best checkpoint ...
04:11:17 | INFO    | Final test  | AUROC=0.7413 AUPRC=0.8320 F1=0.7539 sens=0.8471 spec=0.3585 bal_acc=0.6028 thr=0.393
04:11:17 | INFO    | Final val   | AUROC=0.7625 AUPRC=0.8432 F1=0.7950 sens=0.9353 spec=0.3302
04:11:20 | INFO    |   -> h12__full | test AUROC=0.7413 AUPRC=0.8320 F1=0.7539 sens=0.8471 spec=0.3585 thr=0.393 | trained_in=00:04
04:11:20 | INFO    |   progress | done=6/12 | elapsed=00:54 | avg/exp=00:09 | eta=00:54
04:11:20 | INFO    | [7/12] Starting h18__values | elapsed=00:54 | eta=00:54
04:11:20 | INFO    | ------------------------------------------------------------------------------
04:11:20 | INFO    | Experiment: horizon=18h | channel_set=values
04:11:20 | INFO    | Device     : cuda
04:11:20 | INFO    | Input      : (T=18, C=5) | train=(2205, 18, 5) val=(276, 18, 5) test=(276, 18, 5)
04:11:20 | INFO    | Class bal  : train pos=1,359 neg=846 (pos_frac=0.616) | val pos=170 neg=106 | test pos=170 neg=106
04:11:20 | INFO    | Loss       : BCE | pos_weight=0.623 | sampler=off
04:11:20 | INFO    | Optim      : AdamW lr=1.00e-03 wd=1.00e-04 | grad_clip=1.00
04:11:20 | INFO    | Schedule   : ReduceLROnPlateau (monitor=auprc, factor=0.5, patience=6)
04:11:20 | INFO    | Stopping   : early_stop_patience=12 | epochs<=100
04:11:20 | INFO    | Model      : params=514,242 | conv=(64, 128) | kernels=(3, 5) | dilations=(1, 2) | lstm=2x96 | head=96 | dropout=0.30
04:11:20 | INFO    | Train      : batch_size=64 | batches/epoch=35
04:11:20 | INFO    | ------------------------------------------------------------------------------
04:11:20 | INFO    | Epoch   1/100 |   0.3s | train_loss=0.4913 | val AUROC=0.7186 AUPRC=0.8149 F1=0.7943 sens=0.9882 spec=0.1981 | thr=0.234 | lr=1.00e-03 | NEW BEST auprc=0.8149 | elapsed=00:00 eta=00:03
04:11:21 | INFO    | Epoch   2/100 |   0.2s | train_loss=0.4768 | val AUROC=0.7290 AUPRC=0.8209 F1=0.7971 sens=0.9706 spec=0.2547 | thr=0.260 | lr=1.00e-03 | NEW BEST auprc=0.8209 (+0.0061) | elapsed=00:00 eta=00:03
04:11:21 | INFO    | Epoch   3/100 |   0.2s | train_loss=0.4769 | val AUROC=0.7411 AUPRC=0.8137 F1=0.7952 sens=0.9706 spec=0.2453 | thr=0.327 | lr=1.00e-03 | no improve (auprc=0.8137, best=0.8209, stale=1/12) | elapsed=00:00 eta=00:03
04:11:21 | INFO    | Epoch   4/100 |   0.2s | train_loss=0.4663 | val AUROC=0.7718 AUPRC=0.8350 F1=0.8029 sens=0.9824 spec=0.2547 | thr=0.180 | lr=1.00e-03 | NEW BEST auprc=0.8350 (+0.0140) | elapsed=00:00 eta=00:02
04:11:21 | INFO    | Epoch   5/100 |   0.2s | train_loss=0.4629 | val AUROC=0.7693 AUPRC=0.8338 F1=0.8019 sens=0.9765 spec=0.2642 | thr=0.258 | lr=1.00e-03 | no improve (auprc=0.8338, best=0.8350, stale=1/12) | elapsed=00:01 eta=00:03
04:11:22 | INFO    | Epoch   6/100 |   0.2s | train_loss=0.4543 | val AUROC=0.7694 AUPRC=0.8313 F1=0.7943 sens=0.9765 spec=0.2264 | thr=0.147 | lr=1.00e-03 | no improve (auprc=0.8313, best=0.8350, stale=2/12) | elapsed=00:01 eta=00:02
04:11:22 | INFO    | Epoch   7/100 |   0.2s | train_loss=0.4563 | val AUROC=0.7419 AUPRC=0.8244 F1=0.7962 sens=0.9765 spec=0.2358 | thr=0.265 | lr=1.00e-03 | no improve (auprc=0.8244, best=0.8350, stale=3/12) | elapsed=00:01 eta=00:02
04:11:22 | INFO    | Epoch   8/100 |   0.2s | train_loss=0.4537 | val AUROC=0.7488 AUPRC=0.8306 F1=0.8000 sens=0.9647 spec=0.2830 | thr=0.285 | lr=1.00e-03 | no improve (auprc=0.8306, best=0.8350, stale=4/12) | elapsed=00:01 eta=00:02
04:11:22 | INFO    | Epoch   9/100 |   0.2s | train_loss=0.4417 | val AUROC=0.7615 AUPRC=0.8378 F1=0.8119 sens=0.9647 spec=0.3396 | thr=0.314 | lr=1.00e-03 | NEW BEST auprc=0.8378 (+0.0028) | elapsed=00:02 eta=00:02
04:11:22 | INFO    | Epoch  10/100 |   0.2s | train_loss=0.4244 | val AUROC=0.7603 AUPRC=0.8375 F1=0.8010 sens=0.9471 spec=0.3302 | thr=0.325 | lr=1.00e-03 | no improve (auprc=0.8375, best=0.8378, stale=1/12) | elapsed=00:02 eta=00:03
04:11:23 | INFO    | Epoch  11/100 |   0.2s | train_loss=0.4257 | val AUROC=0.7415 AUPRC=0.8315 F1=0.7971 sens=0.9706 spec=0.2547 | thr=0.226 | lr=1.00e-03 | no improve (auprc=0.8315, best=0.8378, stale=2/12) | elapsed=00:02 eta=00:02
04:11:23 | INFO    | Epoch  12/100 |   0.2s | train_loss=0.4130 | val AUROC=0.7668 AUPRC=0.8453 F1=0.8010 sens=0.9471 spec=0.3302 | thr=0.324 | lr=1.00e-03 | NEW BEST auprc=0.8453 (+0.0075) | elapsed=00:02 eta=00:02
04:11:23 | INFO    | Epoch  13/100 |   0.2s | train_loss=0.4119 | val AUROC=0.7649 AUPRC=0.8423 F1=0.8049 sens=0.9588 spec=0.3208 | thr=0.226 | lr=1.00e-03 | no improve (auprc=0.8423, best=0.8453, stale=1/12) | elapsed=00:03 eta=00:03
04:11:23 | INFO    | Epoch  14/100 |   0.2s | train_loss=0.4006 | val AUROC=0.7748 AUPRC=0.8484 F1=0.8032 sens=0.8882 spec=0.4811 | thr=0.345 | lr=1.00e-03 | NEW BEST auprc=0.8484 (+0.0031) | elapsed=00:03 eta=00:02
04:11:24 | INFO    | Epoch  15/100 |   0.2s | train_loss=0.3909 | val AUROC=0.7585 AUPRC=0.8369 F1=0.8040 sens=0.9412 spec=0.3585 | thr=0.231 | lr=1.00e-03 | no improve (auprc=0.8369, best=0.8484, stale=1/12) | elapsed=00:03 eta=00:03
04:11:24 | INFO    | Epoch  16/100 |   0.2s | train_loss=0.3821 | val AUROC=0.7618 AUPRC=0.8347 F1=0.7961 sens=0.9647 spec=0.2642 | thr=0.166 | lr=1.00e-03 | no improve (auprc=0.8347, best=0.8484, stale=2/12) | elapsed=00:03 eta=00:02
04:11:24 | INFO    | Epoch  17/100 |   0.2s | train_loss=0.3795 | val AUROC=0.7903 AUPRC=0.8595 F1=0.8127 sens=0.9824 spec=0.3019 | thr=0.263 | lr=1.00e-03 | NEW BEST auprc=0.8595 (+0.0112) | elapsed=00:04 eta=00:02
04:11:24 | INFO    | Epoch  18/100 |   0.2s | train_loss=0.3491 | val AUROC=0.7549 AUPRC=0.8357 F1=0.7854 sens=0.9471 spec=0.2547 | thr=0.144 | lr=1.00e-03 | no improve (auprc=0.8357, best=0.8595, stale=1/12) | elapsed=00:04 eta=00:03
04:11:25 | INFO    | Epoch  19/100 |   0.2s | train_loss=0.3328 | val AUROC=0.7585 AUPRC=0.8394 F1=0.7980 sens=0.9529 spec=0.3019 | thr=0.166 | lr=1.00e-03 | no improve (auprc=0.8394, best=0.8595, stale=2/12) | elapsed=00:04 eta=00:02
04:11:25 | INFO    | Epoch  20/100 |   0.2s | train_loss=0.3345 | val AUROC=0.7806 AUPRC=0.8553 F1=0.7947 sens=0.8765 spec=0.4717 | thr=0.336 | lr=1.00e-03 | no improve (auprc=0.8553, best=0.8595, stale=3/12) | elapsed=00:04 eta=00:02
04:11:25 | INFO    | Epoch  21/100 |   0.2s | train_loss=0.3137 | val AUROC=0.7087 AUPRC=0.8029 F1=0.7828 sens=0.9118 spec=0.3302 | thr=0.162 | lr=1.00e-03 | no improve (auprc=0.8029, best=0.8595, stale=4/12) | elapsed=00:05 eta=00:02
04:11:25 | INFO    | Epoch  22/100 |   0.2s | train_loss=0.3029 | val AUROC=0.7356 AUPRC=0.8211 F1=0.7871 sens=0.9353 spec=0.2925 | thr=0.142 | lr=1.00e-03 | no improve (auprc=0.8211, best=0.8595, stale=5/12) | elapsed=00:05 eta=00:02
04:11:26 | INFO    | Epoch  23/100 |   0.2s | train_loss=0.2855 | val AUROC=0.7627 AUPRC=0.8404 F1=0.8040 sens=0.9412 spec=0.3585 | thr=0.228 | lr=1.00e-03 | no improve (auprc=0.8404, best=0.8595, stale=6/12) | elapsed=00:05 eta=00:01
04:11:26 | INFO    | Epoch  24/100 |   0.2s | train_loss=0.2700 | val AUROC=0.7527 AUPRC=0.8304 F1=0.7980 sens=0.9412 spec=0.3302 | thr=0.122 | lr=5.00e-04 | no improve (auprc=0.8304, best=0.8595, stale=7/12) | elapsed=00:05 eta=00:01
04:11:26 | INFO    | Epoch  25/100 |   0.2s | train_loss=0.2368 | val AUROC=0.7524 AUPRC=0.8336 F1=0.7820 sens=0.9706 spec=0.1792 | thr=0.046 | lr=5.00e-04 | no improve (auprc=0.8336, best=0.8595, stale=8/12) | elapsed=00:05 eta=00:01
04:11:26 | INFO    | Epoch  26/100 |   0.2s | train_loss=0.2166 | val AUROC=0.7529 AUPRC=0.8371 F1=0.7914 sens=0.8706 spec=0.4717 | thr=0.253 | lr=5.00e-04 | no improve (auprc=0.8371, best=0.8595, stale=9/12) | elapsed=00:06 eta=00:01
04:11:26 | INFO    | Epoch  27/100 |   0.2s | train_loss=0.1999 | val AUROC=0.7639 AUPRC=0.8465 F1=0.7971 sens=0.9706 spec=0.2547 | thr=0.037 | lr=5.00e-04 | no improve (auprc=0.8465, best=0.8595, stale=10/12) | elapsed=00:06 eta=00:00
04:11:27 | INFO    | Epoch  28/100 |   0.2s | train_loss=0.1699 | val AUROC=0.7475 AUPRC=0.8393 F1=0.7845 sens=0.9529 spec=0.2358 | thr=0.038 | lr=5.00e-04 | no improve (auprc=0.8393, best=0.8595, stale=11/12) | elapsed=00:06 eta=00:00
04:11:27 | INFO    | Epoch  29/100 |   0.2s | train_loss=0.1671 | val AUROC=0.7532 AUPRC=0.8303 F1=0.7981 sens=0.9647 spec=0.2736 | thr=0.033 | lr=5.00e-04 | no improve (auprc=0.8303, best=0.8595, stale=12/12) | elapsed=00:06 eta=00:00
04:11:27 | INFO    | Early stopping at epoch 29 (no improvement for 12 epochs; best was epoch 17, auprc=0.8595)
04:11:27 | INFO    | Training summary: epochs_run=29 | best_epoch=17 | best_auprc=0.8595 | total_time=00:06 | avg_epoch=0.24s
04:11:27 | INFO    | Final eval: running validation and test passes with best checkpoint ...
04:11:27 | INFO    | Final test  | AUROC=0.7093 AUPRC=0.8129 F1=0.7659 sens=0.9235 spec=0.2170 bal_acc=0.5703 thr=0.263
04:11:27 | INFO    | Final val   | AUROC=0.7903 AUPRC=0.8595 F1=0.8127 sens=0.9824 spec=0.3019
04:11:30 | INFO    |   -> h18__values | test AUROC=0.7093 AUPRC=0.8129 F1=0.7659 sens=0.9235 spec=0.2170 thr=0.263 | trained_in=00:06
04:11:30 | INFO    |   progress | done=7/12 | elapsed=01:03 | avg/exp=00:09 | eta=00:45
04:11:30 | INFO    | [8/12] Starting h18__values_masks | elapsed=01:03 | eta=00:45
04:11:30 | INFO    | ------------------------------------------------------------------------------
04:11:30 | INFO    | Experiment: horizon=18h | channel_set=values_masks
04:11:30 | INFO    | Device     : cuda
04:11:30 | INFO    | Input      : (T=18, C=10) | train=(2205, 18, 10) val=(276, 18, 10) test=(276, 18, 10)
04:11:30 | INFO    | Class bal  : train pos=1,359 neg=846 (pos_frac=0.616) | val pos=170 neg=106 | test pos=170 neg=106
04:11:30 | INFO    | Loss       : BCE | pos_weight=0.623 | sampler=off
04:11:30 | INFO    | Optim      : AdamW lr=1.00e-03 wd=1.00e-04 | grad_clip=1.00
04:11:30 | INFO    | Schedule   : ReduceLROnPlateau (monitor=auprc, factor=0.5, patience=6)
04:11:30 | INFO    | Stopping   : early_stop_patience=12 | epochs<=100
04:11:30 | INFO    | Model      : params=515,522 | conv=(64, 128) | kernels=(3, 5) | dilations=(1, 2) | lstm=2x96 | head=96 | dropout=0.30
04:11:30 | INFO    | Train      : batch_size=64 | batches/epoch=35
04:11:30 | INFO    | ------------------------------------------------------------------------------
04:11:30 | INFO    | Epoch   1/100 |   0.3s | train_loss=0.4921 | val AUROC=0.7132 AUPRC=0.8076 F1=0.7963 sens=1.0000 spec=0.1792 | thr=0.204 | lr=1.00e-03 | NEW BEST auprc=0.8076 | elapsed=00:00 eta=00:03
04:11:30 | INFO    | Epoch   2/100 |   0.2s | train_loss=0.4745 | val AUROC=0.7262 AUPRC=0.8121 F1=0.7981 sens=0.9765 spec=0.2453 | thr=0.277 | lr=1.00e-03 | NEW BEST auprc=0.8121 (+0.0045) | elapsed=00:00 eta=00:03
04:11:30 | INFO    | Epoch   3/100 |   0.2s | train_loss=0.4664 | val AUROC=0.7386 AUPRC=0.8115 F1=0.7981 sens=0.9647 spec=0.2736 | thr=0.289 | lr=1.00e-03 | no improve (auprc=0.8115, best=0.8121, stale=1/12) | elapsed=00:00 eta=00:03
04:11:31 | INFO    | Epoch   4/100 |   0.2s | train_loss=0.4626 | val AUROC=0.7451 AUPRC=0.8279 F1=0.8059 sens=0.9647 spec=0.3113 | thr=0.368 | lr=1.00e-03 | NEW BEST auprc=0.8279 (+0.0158) | elapsed=00:00 eta=00:02
04:11:31 | INFO    | Epoch   5/100 |   0.2s | train_loss=0.4579 | val AUROC=0.7445 AUPRC=0.8272 F1=0.8010 sens=0.9824 spec=0.2453 | thr=0.246 | lr=1.00e-03 | no improve (auprc=0.8272, best=0.8279, stale=1/12) | elapsed=00:01 eta=00:03
04:11:31 | INFO    | Epoch   6/100 |   0.2s | train_loss=0.4530 | val AUROC=0.7665 AUPRC=0.8425 F1=0.8000 sens=0.9647 spec=0.2830 | thr=0.265 | lr=1.00e-03 | NEW BEST auprc=0.8425 (+0.0146) | elapsed=00:01 eta=00:02
04:11:31 | INFO    | Epoch   7/100 |   0.2s | train_loss=0.4466 | val AUROC=0.7344 AUPRC=0.8202 F1=0.7951 sens=0.9588 spec=0.2736 | thr=0.372 | lr=1.00e-03 | no improve (auprc=0.8202, best=0.8425, stale=1/12) | elapsed=00:01 eta=00:03
04:11:31 | INFO    | Epoch   8/100 |   0.2s | train_loss=0.4544 | val AUROC=0.7608 AUPRC=0.8393 F1=0.8029 sens=0.9706 spec=0.2830 | thr=0.356 | lr=1.00e-03 | no improve (auprc=0.8393, best=0.8425, stale=2/12) | elapsed=00:01 eta=00:02
04:11:32 | INFO    | Epoch   9/100 |   0.2s | train_loss=0.4338 | val AUROC=0.7799 AUPRC=0.8531 F1=0.8111 sens=0.9471 spec=0.3774 | thr=0.322 | lr=1.00e-03 | NEW BEST auprc=0.8531 (+0.0106) | elapsed=00:02 eta=00:02
04:11:32 | INFO    | Epoch  10/100 |   0.2s | train_loss=0.4316 | val AUROC=0.7620 AUPRC=0.8277 F1=0.8039 sens=0.9765 spec=0.2736 | thr=0.175 | lr=1.00e-03 | no improve (auprc=0.8277, best=0.8531, stale=1/12) | elapsed=00:02 eta=00:03
04:11:32 | INFO    | Epoch  11/100 |   0.2s | train_loss=0.4253 | val AUROC=0.7454 AUPRC=0.8155 F1=0.8020 sens=0.9647 spec=0.2925 | thr=0.197 | lr=1.00e-03 | no improve (auprc=0.8155, best=0.8531, stale=2/12) | elapsed=00:02 eta=00:02
04:11:32 | INFO    | Epoch  12/100 |   0.2s | train_loss=0.4186 | val AUROC=0.7721 AUPRC=0.8422 F1=0.8068 sens=0.9706 spec=0.3019 | thr=0.267 | lr=1.00e-03 | no improve (auprc=0.8422, best=0.8531, stale=3/12) | elapsed=00:02 eta=00:02
04:11:33 | INFO    | Epoch  13/100 |   0.2s | train_loss=0.4164 | val AUROC=0.7632 AUPRC=0.8331 F1=0.8049 sens=0.9588 spec=0.3208 | thr=0.273 | lr=1.00e-03 | no improve (auprc=0.8331, best=0.8531, stale=4/12) | elapsed=00:03 eta=00:02
04:11:33 | INFO    | Epoch  14/100 |   0.2s | train_loss=0.4018 | val AUROC=0.7486 AUPRC=0.8296 F1=0.7885 sens=0.9647 spec=0.2264 | thr=0.256 | lr=1.00e-03 | no improve (auprc=0.8296, best=0.8531, stale=5/12) | elapsed=00:03 eta=00:02
04:11:33 | INFO    | Epoch  15/100 |   0.2s | train_loss=0.4089 | val AUROC=0.7668 AUPRC=0.8431 F1=0.8010 sens=0.9118 spec=0.4151 | thr=0.259 | lr=1.00e-03 | no improve (auprc=0.8431, best=0.8531, stale=6/12) | elapsed=00:03 eta=00:01
04:11:33 | INFO    | Epoch  16/100 |   0.2s | train_loss=0.3986 | val AUROC=0.7461 AUPRC=0.8235 F1=0.8000 sens=0.9412 spec=0.3396 | thr=0.325 | lr=5.00e-04 | no improve (auprc=0.8235, best=0.8531, stale=7/12) | elapsed=00:03 eta=00:01
04:11:34 | INFO    | Epoch  17/100 |   0.2s | train_loss=0.3839 | val AUROC=0.7657 AUPRC=0.8396 F1=0.7949 sens=0.9118 spec=0.3868 | thr=0.287 | lr=5.00e-04 | no improve (auprc=0.8396, best=0.8531, stale=8/12) | elapsed=00:04 eta=00:01
04:11:34 | INFO    | Epoch  18/100 |   0.2s | train_loss=0.3576 | val AUROC=0.7619 AUPRC=0.8328 F1=0.7970 sens=0.9235 spec=0.3679 | thr=0.271 | lr=5.00e-04 | no improve (auprc=0.8328, best=0.8531, stale=9/12) | elapsed=00:04 eta=00:01
04:11:34 | INFO    | Epoch  19/100 |   0.2s | train_loss=0.3451 | val AUROC=0.7346 AUPRC=0.8247 F1=0.7910 sens=0.9353 spec=0.3113 | thr=0.164 | lr=5.00e-04 | no improve (auprc=0.8247, best=0.8531, stale=10/12) | elapsed=00:04 eta=00:00
04:11:34 | INFO    | Epoch  20/100 |   0.2s | train_loss=0.3245 | val AUROC=0.7787 AUPRC=0.8510 F1=0.8070 sens=0.8118 spec=0.6792 | thr=0.415 | lr=5.00e-04 | no improve (auprc=0.8510, best=0.8531, stale=11/12) | elapsed=00:04 eta=00:00
04:11:35 | INFO    | Epoch  21/100 |   0.2s | train_loss=0.3247 | val AUROC=0.7445 AUPRC=0.8213 F1=0.7989 sens=0.8882 spec=0.4623 | thr=0.183 | lr=5.00e-04 | no improve (auprc=0.8213, best=0.8531, stale=12/12) | elapsed=00:04 eta=00:00
04:11:35 | INFO    | Early stopping at epoch 21 (no improvement for 12 epochs; best was epoch 9, auprc=0.8531)
04:11:35 | INFO    | Training summary: epochs_run=21 | best_epoch=9 | best_auprc=0.8531 | total_time=00:04 | avg_epoch=0.24s
04:11:35 | INFO    | Final eval: running validation and test passes with best checkpoint ...
04:11:35 | INFO    | Final test  | AUROC=0.6954 AUPRC=0.8085 F1=0.7583 sens=0.8765 spec=0.3019 bal_acc=0.5892 thr=0.322
04:11:35 | INFO    | Final val   | AUROC=0.7799 AUPRC=0.8531 F1=0.8111 sens=0.9471 spec=0.3774
04:11:37 | INFO    |   -> h18__values_masks | test AUROC=0.6954 AUPRC=0.8085 F1=0.7583 sens=0.8765 spec=0.3019 thr=0.322 | trained_in=00:04
04:11:37 | INFO    |   progress | done=8/12 | elapsed=01:11 | avg/exp=00:08 | eta=00:35
04:11:37 | INFO    | [9/12] Starting h18__full | elapsed=01:11 | eta=00:35
04:11:37 | INFO    | ------------------------------------------------------------------------------
04:11:37 | INFO    | Experiment: horizon=18h | channel_set=full
04:11:37 | INFO    | Device     : cuda
04:11:37 | INFO    | Input      : (T=18, C=18) | train=(2205, 18, 18) val=(276, 18, 18) test=(276, 18, 18)
04:11:37 | INFO    | Class bal  : train pos=1,359 neg=846 (pos_frac=0.616) | val pos=170 neg=106 | test pos=170 neg=106
04:11:37 | INFO    | Loss       : BCE | pos_weight=0.623 | sampler=off
04:11:37 | INFO    | Optim      : AdamW lr=1.00e-03 wd=1.00e-04 | grad_clip=1.00
04:11:37 | INFO    | Schedule   : ReduceLROnPlateau (monitor=auprc, factor=0.5, patience=6)
04:11:37 | INFO    | Stopping   : early_stop_patience=12 | epochs<=100
04:11:37 | INFO    | Model      : params=517,570 | conv=(64, 128) | kernels=(3, 5) | dilations=(1, 2) | lstm=2x96 | head=96 | dropout=0.30
04:11:37 | INFO    | Train      : batch_size=64 | batches/epoch=35
04:11:37 | INFO    | ------------------------------------------------------------------------------
04:11:38 | INFO    | Epoch   1/100 |   0.3s | train_loss=0.4904 | val AUROC=0.7441 AUPRC=0.8266 F1=0.7960 sens=0.9412 spec=0.3208 | thr=0.269 | lr=1.00e-03 | NEW BEST auprc=0.8266 | elapsed=00:00 eta=00:03
04:11:38 | INFO    | Epoch   2/100 |   0.2s | train_loss=0.4584 | val AUROC=0.7663 AUPRC=0.8337 F1=0.8073 sens=0.9118 spec=0.4434 | thr=0.441 | lr=1.00e-03 | NEW BEST auprc=0.8337 (+0.0071) | elapsed=00:00 eta=00:03
04:11:38 | INFO    | Epoch   3/100 |   0.2s | train_loss=0.4530 | val AUROC=0.7628 AUPRC=0.8425 F1=0.8020 sens=0.9647 spec=0.2925 | thr=0.329 | lr=1.00e-03 | NEW BEST auprc=0.8425 (+0.0088) | elapsed=00:00 eta=00:03
04:11:38 | INFO    | Epoch   4/100 |   0.2s | train_loss=0.4533 | val AUROC=0.7594 AUPRC=0.8396 F1=0.8068 sens=0.9824 spec=0.2736 | thr=0.136 | lr=1.00e-03 | no improve (auprc=0.8396, best=0.8425, stale=1/12) | elapsed=00:00 eta=00:03
04:11:39 | INFO    | Epoch   5/100 |   0.2s | train_loss=0.4418 | val AUROC=0.7722 AUPRC=0.8486 F1=0.8039 sens=0.9765 spec=0.2736 | thr=0.267 | lr=1.00e-03 | NEW BEST auprc=0.8486 (+0.0061) | elapsed=00:01 eta=00:02
04:11:39 | INFO    | Epoch   6/100 |   0.2s | train_loss=0.4448 | val AUROC=0.7700 AUPRC=0.8478 F1=0.8048 sens=0.9941 spec=0.2358 | thr=0.170 | lr=1.00e-03 | no improve (auprc=0.8478, best=0.8486, stale=1/12) | elapsed=00:01 eta=00:03
04:11:39 | INFO    | Epoch   7/100 |   0.2s | train_loss=0.4380 | val AUROC=0.7778 AUPRC=0.8590 F1=0.8000 sens=0.9765 spec=0.2547 | thr=0.195 | lr=1.00e-03 | NEW BEST auprc=0.8590 (+0.0105) | elapsed=00:01 eta=00:02
04:11:39 | INFO    | Epoch   8/100 |   0.2s | train_loss=0.4296 | val AUROC=0.7668 AUPRC=0.8378 F1=0.8081 sens=0.9412 spec=0.3774 | thr=0.342 | lr=1.00e-03 | no improve (auprc=0.8378, best=0.8590, stale=1/12) | elapsed=00:01 eta=00:03
04:11:40 | INFO    | Epoch   9/100 |   0.2s | train_loss=0.4229 | val AUROC=0.7866 AUPRC=0.8544 F1=0.8098 sens=0.9765 spec=0.3019 | thr=0.332 | lr=1.00e-03 | no improve (auprc=0.8544, best=0.8590, stale=2/12) | elapsed=00:02 eta=00:02
04:11:40 | INFO    | Epoch  10/100 |   0.2s | train_loss=0.4255 | val AUROC=0.7822 AUPRC=0.8520 F1=0.8050 sens=0.9471 spec=0.3491 | thr=0.338 | lr=1.00e-03 | no improve (auprc=0.8520, best=0.8590, stale=3/12) | elapsed=00:02 eta=00:02
04:11:40 | INFO    | Epoch  11/100 |   0.2s | train_loss=0.4193 | val AUROC=0.7694 AUPRC=0.8475 F1=0.8058 sens=0.9765 spec=0.2830 | thr=0.171 | lr=1.00e-03 | no improve (auprc=0.8475, best=0.8590, stale=4/12) | elapsed=00:02 eta=00:02
04:11:40 | INFO    | Epoch  12/100 |   0.2s | train_loss=0.4217 | val AUROC=0.7574 AUPRC=0.8347 F1=0.8078 sens=0.9765 spec=0.2925 | thr=0.230 | lr=1.00e-03 | no improve (auprc=0.8347, best=0.8590, stale=5/12) | elapsed=00:02 eta=00:02
04:11:41 | INFO    | Epoch  13/100 |   0.2s | train_loss=0.3972 | val AUROC=0.7762 AUPRC=0.8528 F1=0.8059 sens=0.9647 spec=0.3113 | thr=0.285 | lr=1.00e-03 | no improve (auprc=0.8528, best=0.8590, stale=6/12) | elapsed=00:03 eta=00:01
04:11:41 | INFO    | Epoch  14/100 |   0.2s | train_loss=0.4022 | val AUROC=0.7885 AUPRC=0.8552 F1=0.8125 sens=0.9941 spec=0.2736 | thr=0.259 | lr=5.00e-04 | no improve (auprc=0.8552, best=0.8590, stale=7/12) | elapsed=00:03 eta=00:01
04:11:41 | INFO    | Epoch  15/100 |   0.2s | train_loss=0.3843 | val AUROC=0.7720 AUPRC=0.8533 F1=0.8088 sens=0.9706 spec=0.3113 | thr=0.251 | lr=5.00e-04 | no improve (auprc=0.8533, best=0.8590, stale=8/12) | elapsed=00:03 eta=00:01
04:11:41 | INFO    | Epoch  16/100 |   0.2s | train_loss=0.3770 | val AUROC=0.7874 AUPRC=0.8612 F1=0.8058 sens=0.9882 spec=0.2547 | thr=0.158 | lr=5.00e-04 | NEW BEST auprc=0.8612 (+0.0022) | elapsed=00:03 eta=00:01
04:11:41 | INFO    | Epoch  17/100 |   0.2s | train_loss=0.3697 | val AUROC=0.7679 AUPRC=0.8524 F1=0.8087 sens=0.9824 spec=0.2830 | thr=0.187 | lr=5.00e-04 | no improve (auprc=0.8524, best=0.8612, stale=1/12) | elapsed=00:04 eta=00:03
04:11:42 | INFO    | Epoch  18/100 |   0.2s | train_loss=0.3603 | val AUROC=0.7656 AUPRC=0.8463 F1=0.8049 sens=0.9588 spec=0.3208 | thr=0.189 | lr=5.00e-04 | no improve (auprc=0.8463, best=0.8612, stale=2/12) | elapsed=00:04 eta=00:02
04:11:42 | INFO    | Epoch  19/100 |   0.2s | train_loss=0.3564 | val AUROC=0.7590 AUPRC=0.8380 F1=0.8087 sens=0.9824 spec=0.2830 | thr=0.163 | lr=5.00e-04 | no improve (auprc=0.8380, best=0.8612, stale=3/12) | elapsed=00:04 eta=00:02
04:11:42 | INFO    | Epoch  20/100 |   0.2s | train_loss=0.3397 | val AUROC=0.7511 AUPRC=0.8377 F1=0.8010 sens=0.9353 spec=0.3585 | thr=0.177 | lr=5.00e-04 | no improve (auprc=0.8377, best=0.8612, stale=4/12) | elapsed=00:04 eta=00:02
04:11:42 | INFO    | Epoch  21/100 |   0.2s | train_loss=0.3371 | val AUROC=0.7517 AUPRC=0.8312 F1=0.8019 sens=0.9765 spec=0.2642 | thr=0.142 | lr=5.00e-04 | no improve (auprc=0.8312, best=0.8612, stale=5/12) | elapsed=00:05 eta=00:02
04:11:43 | INFO    | Epoch  22/100 |   0.2s | train_loss=0.3344 | val AUROC=0.7398 AUPRC=0.8305 F1=0.8039 sens=0.9647 spec=0.3019 | thr=0.190 | lr=5.00e-04 | no improve (auprc=0.8305, best=0.8612, stale=6/12) | elapsed=00:05 eta=00:01
04:11:43 | INFO    | Epoch  23/100 |   0.2s | train_loss=0.3182 | val AUROC=0.7330 AUPRC=0.8238 F1=0.7961 sens=0.9529 spec=0.2925 | thr=0.192 | lr=2.50e-04 | no improve (auprc=0.8238, best=0.8612, stale=7/12) | elapsed=00:05 eta=00:01
04:11:43 | INFO    | Epoch  24/100 |   0.2s | train_loss=0.3001 | val AUROC=0.7442 AUPRC=0.8295 F1=0.7981 sens=0.9647 spec=0.2736 | thr=0.141 | lr=2.50e-04 | no improve (auprc=0.8295, best=0.8612, stale=8/12) | elapsed=00:05 eta=00:01
04:11:43 | INFO    | Epoch  25/100 |   0.2s | train_loss=0.2895 | val AUROC=0.7427 AUPRC=0.8277 F1=0.7902 sens=0.9529 spec=0.2642 | thr=0.125 | lr=2.50e-04 | no improve (auprc=0.8277, best=0.8612, stale=9/12) | elapsed=00:05 eta=00:01
04:11:44 | INFO    | Epoch  26/100 |   0.2s | train_loss=0.2865 | val AUROC=0.7426 AUPRC=0.8259 F1=0.8000 sens=0.9529 spec=0.3113 | thr=0.153 | lr=2.50e-04 | no improve (auprc=0.8259, best=0.8612, stale=10/12) | elapsed=00:06 eta=00:00
04:11:44 | INFO    | Epoch  27/100 |   0.2s | train_loss=0.2758 | val AUROC=0.7383 AUPRC=0.8215 F1=0.8060 sens=0.9412 spec=0.3679 | thr=0.156 | lr=2.50e-04 | no improve (auprc=0.8215, best=0.8612, stale=11/12) | elapsed=00:06 eta=00:00
04:11:44 | INFO    | Epoch  28/100 |   0.2s | train_loss=0.2692 | val AUROC=0.7516 AUPRC=0.8326 F1=0.8000 sens=0.9529 spec=0.3113 | thr=0.107 | lr=2.50e-04 | no improve (auprc=0.8326, best=0.8612, stale=12/12) | elapsed=00:06 eta=00:00
04:11:44 | INFO    | Early stopping at epoch 28 (no improvement for 12 epochs; best was epoch 16, auprc=0.8612)
04:11:44 | INFO    | Training summary: epochs_run=28 | best_epoch=16 | best_auprc=0.8612 | total_time=00:06 | avg_epoch=0.24s
04:11:44 | INFO    | Final eval: running validation and test passes with best checkpoint ...
04:11:44 | INFO    | Final test  | AUROC=0.7690 AUPRC=0.8536 F1=0.7990 sens=0.9706 spec=0.2642 bal_acc=0.6174 thr=0.158
04:11:44 | INFO    | Final val   | AUROC=0.7874 AUPRC=0.8612 F1=0.8058 sens=0.9882 spec=0.2547
04:11:47 | INFO    |   -> h18__full | test AUROC=0.7690 AUPRC=0.8536 F1=0.7990 sens=0.9706 spec=0.2642 thr=0.158 | trained_in=00:06
04:11:47 | INFO    |   progress | done=9/12 | elapsed=01:21 | avg/exp=00:09 | eta=00:27
04:11:47 | INFO    | [10/12] Starting h24__values | elapsed=01:21 | eta=00:27
04:11:47 | INFO    | ------------------------------------------------------------------------------
04:11:47 | INFO    | Experiment: horizon=24h | channel_set=values
04:11:47 | INFO    | Device     : cuda
04:11:47 | INFO    | Input      : (T=24, C=5) | train=(2205, 24, 5) val=(276, 24, 5) test=(276, 24, 5)
04:11:47 | INFO    | Class bal  : train pos=1,359 neg=846 (pos_frac=0.616) | val pos=170 neg=106 | test pos=170 neg=106
04:11:47 | INFO    | Loss       : BCE | pos_weight=0.623 | sampler=off
04:11:47 | INFO    | Optim      : AdamW lr=1.00e-03 wd=1.00e-04 | grad_clip=1.00
04:11:47 | INFO    | Schedule   : ReduceLROnPlateau (monitor=auprc, factor=0.5, patience=6)
04:11:47 | INFO    | Stopping   : early_stop_patience=12 | epochs<=100
04:11:47 | INFO    | Model      : params=514,242 | conv=(64, 128) | kernels=(3, 5) | dilations=(1, 2) | lstm=2x96 | head=96 | dropout=0.30
04:11:47 | INFO    | Train      : batch_size=64 | batches/epoch=35
04:11:47 | INFO    | ------------------------------------------------------------------------------
04:11:47 | INFO    | Epoch   1/100 |   0.3s | train_loss=0.4849 | val AUROC=0.7420 AUPRC=0.8324 F1=0.7887 sens=0.9882 spec=0.1698 | thr=0.200 | lr=1.00e-03 | NEW BEST auprc=0.8324 | elapsed=00:00 eta=00:03
04:11:47 | INFO    | Epoch   2/100 |   0.2s | train_loss=0.4727 | val AUROC=0.7423 AUPRC=0.8331 F1=0.7951 sens=0.9588 spec=0.2736 | thr=0.266 | lr=1.00e-03 | NEW BEST auprc=0.8331 (+0.0007) | elapsed=00:00 eta=00:03
04:11:47 | INFO    | Epoch   3/100 |   0.2s | train_loss=0.4720 | val AUROC=0.7637 AUPRC=0.8487 F1=0.7933 sens=0.9824 spec=0.2075 | thr=0.300 | lr=1.00e-03 | NEW BEST auprc=0.8487 (+0.0155) | elapsed=00:00 eta=00:03
04:11:48 | INFO    | Epoch   4/100 |   0.2s | train_loss=0.4591 | val AUROC=0.7686 AUPRC=0.8492 F1=0.8049 sens=0.9588 spec=0.3208 | thr=0.248 | lr=1.00e-03 | NEW BEST auprc=0.8492 (+0.0005) | elapsed=00:00 eta=00:03
04:11:48 | INFO    | Epoch   5/100 |   0.2s | train_loss=0.4584 | val AUROC=0.7636 AUPRC=0.8405 F1=0.7951 sens=0.9588 spec=0.2736 | thr=0.206 | lr=1.00e-03 | no improve (auprc=0.8405, best=0.8492, stale=1/12) | elapsed=00:01 eta=00:03
04:11:48 | INFO    | Epoch   6/100 |   0.2s | train_loss=0.4500 | val AUROC=0.7702 AUPRC=0.8468 F1=0.7981 sens=0.9647 spec=0.2736 | thr=0.161 | lr=1.00e-03 | no improve (auprc=0.8468, best=0.8492, stale=2/12) | elapsed=00:01 eta=00:02
04:11:48 | INFO    | Epoch   7/100 |   0.2s | train_loss=0.4478 | val AUROC=0.7469 AUPRC=0.8393 F1=0.7971 sens=0.9588 spec=0.2830 | thr=0.332 | lr=1.00e-03 | no improve (auprc=0.8393, best=0.8492, stale=3/12) | elapsed=00:01 eta=00:02
04:11:49 | INFO    | Epoch   8/100 |   0.2s | train_loss=0.4447 | val AUROC=0.7661 AUPRC=0.8494 F1=0.8020 sens=0.9529 spec=0.3208 | thr=0.279 | lr=1.00e-03 | NEW BEST auprc=0.8494 (+0.0002) | elapsed=00:01 eta=00:02
04:11:49 | INFO    | Epoch   9/100 |   0.2s | train_loss=0.4354 | val AUROC=0.7811 AUPRC=0.8543 F1=0.8127 sens=0.9824 spec=0.3019 | thr=0.260 | lr=1.00e-03 | NEW BEST auprc=0.8543 (+0.0049) | elapsed=00:02 eta=00:03
04:11:49 | INFO    | Epoch  10/100 |   0.2s | train_loss=0.4260 | val AUROC=0.7591 AUPRC=0.8421 F1=0.8133 sens=0.9353 spec=0.4151 | thr=0.338 | lr=1.00e-03 | no improve (auprc=0.8421, best=0.8543, stale=1/12) | elapsed=00:02 eta=00:03
04:11:49 | INFO    | Epoch  11/100 |   0.2s | train_loss=0.4221 | val AUROC=0.7802 AUPRC=0.8582 F1=0.8029 sens=0.9941 spec=0.2264 | thr=0.239 | lr=1.00e-03 | NEW BEST auprc=0.8582 (+0.0039) | elapsed=00:02 eta=00:02
04:11:50 | INFO    | Epoch  12/100 |   0.2s | train_loss=0.4148 | val AUROC=0.7685 AUPRC=0.8483 F1=0.8182 sens=0.9529 spec=0.3962 | thr=0.296 | lr=1.00e-03 | no improve (auprc=0.8483, best=0.8582, stale=1/12) | elapsed=00:02 eta=00:03
04:11:50 | INFO    | Epoch  13/100 |   0.2s | train_loss=0.4110 | val AUROC=0.7856 AUPRC=0.8590 F1=0.8142 sens=0.9412 spec=0.4057 | thr=0.199 | lr=1.00e-03 | NEW BEST auprc=0.8590 (+0.0009) | elapsed=00:03 eta=00:02
04:11:50 | INFO    | Epoch  14/100 |   0.2s | train_loss=0.4054 | val AUROC=0.7810 AUPRC=0.8601 F1=0.7979 sens=0.8941 spec=0.4434 | thr=0.363 | lr=1.00e-03 | NEW BEST auprc=0.8601 (+0.0011) | elapsed=00:03 eta=00:03
04:11:50 | INFO    | Epoch  15/100 |   0.2s | train_loss=0.3941 | val AUROC=0.7851 AUPRC=0.8475 F1=0.8020 sens=0.9529 spec=0.3208 | thr=0.180 | lr=1.00e-03 | no improve (auprc=0.8475, best=0.8601, stale=1/12) | elapsed=00:03 eta=00:03
04:11:51 | INFO    | Epoch  16/100 |   0.2s | train_loss=0.3835 | val AUROC=0.7887 AUPRC=0.8528 F1=0.8196 sens=0.9353 spec=0.4434 | thr=0.274 | lr=1.00e-03 | no improve (auprc=0.8528, best=0.8601, stale=2/12) | elapsed=00:03 eta=00:02
04:11:51 | INFO    | Epoch  17/100 |   0.2s | train_loss=0.3721 | val AUROC=0.7709 AUPRC=0.8465 F1=0.8079 sens=0.9647 spec=0.3208 | thr=0.214 | lr=1.00e-03 | no improve (auprc=0.8465, best=0.8601, stale=3/12) | elapsed=00:04 eta=00:02
04:11:51 | INFO    | Epoch  18/100 |   0.2s | train_loss=0.3592 | val AUROC=0.7627 AUPRC=0.8386 F1=0.8039 sens=0.9647 spec=0.3019 | thr=0.132 | lr=1.00e-03 | no improve (auprc=0.8386, best=0.8601, stale=4/12) | elapsed=00:04 eta=00:02
04:11:51 | INFO    | Epoch  19/100 |   0.2s | train_loss=0.3557 | val AUROC=0.7749 AUPRC=0.8479 F1=0.7989 sens=0.8647 spec=0.5189 | thr=0.309 | lr=1.00e-03 | no improve (auprc=0.8479, best=0.8601, stale=5/12) | elapsed=00:04 eta=00:02
04:11:51 | INFO    | Epoch  20/100 |   0.2s | train_loss=0.3443 | val AUROC=0.7293 AUPRC=0.8251 F1=0.8029 sens=0.9706 spec=0.2830 | thr=0.175 | lr=1.00e-03 | no improve (auprc=0.8251, best=0.8601, stale=6/12) | elapsed=00:04 eta=00:01
04:11:52 | INFO    | Epoch  21/100 |   0.2s | train_loss=0.3076 | val AUROC=0.7423 AUPRC=0.8247 F1=0.7932 sens=0.9588 spec=0.2642 | thr=0.139 | lr=5.00e-04 | no improve (auprc=0.8247, best=0.8601, stale=7/12) | elapsed=00:05 eta=00:01
04:11:52 | INFO    | Epoch  22/100 |   0.2s | train_loss=0.2940 | val AUROC=0.7583 AUPRC=0.8286 F1=0.7962 sens=0.9765 spec=0.2358 | thr=0.160 | lr=5.00e-04 | no improve (auprc=0.8286, best=0.8601, stale=8/12) | elapsed=00:05 eta=00:01
04:11:52 | INFO    | Epoch  23/100 |   0.2s | train_loss=0.2617 | val AUROC=0.7233 AUPRC=0.8174 F1=0.7867 sens=0.9765 spec=0.1887 | thr=0.086 | lr=5.00e-04 | no improve (auprc=0.8174, best=0.8601, stale=9/12) | elapsed=00:05 eta=00:01
04:11:52 | INFO    | Epoch  24/100 |   0.2s | train_loss=0.2493 | val AUROC=0.7325 AUPRC=0.8263 F1=0.7805 sens=0.9412 spec=0.2453 | thr=0.110 | lr=5.00e-04 | no improve (auprc=0.8263, best=0.8601, stale=10/12) | elapsed=00:05 eta=00:00
04:11:53 | INFO    | Epoch  25/100 |   0.2s | train_loss=0.2423 | val AUROC=0.7171 AUPRC=0.8148 F1=0.7775 sens=0.9765 spec=0.1415 | thr=0.063 | lr=5.00e-04 | no improve (auprc=0.8148, best=0.8601, stale=11/12) | elapsed=00:05 eta=00:00
04:11:53 | INFO    | Epoch  26/100 |   0.2s | train_loss=0.2315 | val AUROC=0.7256 AUPRC=0.8196 F1=0.7862 sens=0.9412 spec=0.2736 | thr=0.084 | lr=5.00e-04 | no improve (auprc=0.8196, best=0.8601, stale=12/12) | elapsed=00:06 eta=00:00
04:11:53 | INFO    | Early stopping at epoch 26 (no improvement for 12 epochs; best was epoch 14, auprc=0.8601)
04:11:53 | INFO    | Training summary: epochs_run=26 | best_epoch=14 | best_auprc=0.8601 | total_time=00:06 | avg_epoch=0.24s
04:11:53 | INFO    | Final eval: running validation and test passes with best checkpoint ...
04:11:53 | INFO    | Final test  | AUROC=0.7393 AUPRC=0.8329 F1=0.7713 sens=0.8529 spec=0.4245 bal_acc=0.6387 thr=0.363
04:11:53 | INFO    | Final val   | AUROC=0.7810 AUPRC=0.8601 F1=0.7979 sens=0.8941 spec=0.4434
04:11:55 | INFO    |   -> h24__values | test AUROC=0.7393 AUPRC=0.8329 F1=0.7713 sens=0.8529 spec=0.4245 thr=0.363 | trained_in=00:06
04:11:55 | INFO    |   progress | done=10/12 | elapsed=01:29 | avg/exp=00:08 | eta=00:17
04:11:55 | INFO    | [11/12] Starting h24__values_masks | elapsed=01:29 | eta=00:17
04:11:55 | INFO    | ------------------------------------------------------------------------------
04:11:55 | INFO    | Experiment: horizon=24h | channel_set=values_masks
04:11:55 | INFO    | Device     : cuda
04:11:55 | INFO    | Input      : (T=24, C=10) | train=(2205, 24, 10) val=(276, 24, 10) test=(276, 24, 10)
04:11:55 | INFO    | Class bal  : train pos=1,359 neg=846 (pos_frac=0.616) | val pos=170 neg=106 | test pos=170 neg=106
04:11:55 | INFO    | Loss       : BCE | pos_weight=0.623 | sampler=off
04:11:55 | INFO    | Optim      : AdamW lr=1.00e-03 wd=1.00e-04 | grad_clip=1.00
04:11:55 | INFO    | Schedule   : ReduceLROnPlateau (monitor=auprc, factor=0.5, patience=6)
04:11:55 | INFO    | Stopping   : early_stop_patience=12 | epochs<=100
04:11:55 | INFO    | Model      : params=515,522 | conv=(64, 128) | kernels=(3, 5) | dilations=(1, 2) | lstm=2x96 | head=96 | dropout=0.30
04:11:55 | INFO    | Train      : batch_size=64 | batches/epoch=35
04:11:55 | INFO    | ------------------------------------------------------------------------------
04:11:56 | INFO    | Epoch   1/100 |   0.3s | train_loss=0.4872 | val AUROC=0.7394 AUPRC=0.8264 F1=0.7934 sens=0.9941 spec=0.1792 | thr=0.165 | lr=1.00e-03 | NEW BEST auprc=0.8264 | elapsed=00:00 eta=00:03
04:11:56 | INFO    | Epoch   2/100 |   0.4s | train_loss=0.4695 | val AUROC=0.7463 AUPRC=0.8302 F1=0.7934 sens=0.9941 spec=0.1792 | thr=0.232 | lr=1.00e-03 | NEW BEST auprc=0.8302 (+0.0038) | elapsed=00:00 eta=00:04
04:11:56 | INFO    | Epoch   3/100 |   0.2s | train_loss=0.4623 | val AUROC=0.7693 AUPRC=0.8459 F1=0.7981 sens=0.9765 spec=0.2453 | thr=0.187 | lr=1.00e-03 | NEW BEST auprc=0.8459 (+0.0157) | elapsed=00:00 eta=00:03
04:11:57 | INFO    | Epoch   4/100 |   0.2s | train_loss=0.4566 | val AUROC=0.7473 AUPRC=0.8319 F1=0.7952 sens=0.9824 spec=0.2170 | thr=0.325 | lr=1.00e-03 | no improve (auprc=0.8319, best=0.8459, stale=1/12) | elapsed=00:01 eta=00:03
04:11:57 | INFO    | Epoch   5/100 |   0.2s | train_loss=0.4589 | val AUROC=0.7555 AUPRC=0.8386 F1=0.7990 sens=0.9471 spec=0.3208 | thr=0.343 | lr=1.00e-03 | no improve (auprc=0.8386, best=0.8459, stale=2/12) | elapsed=00:01 eta=00:03
04:11:57 | INFO    | Epoch   6/100 |   0.2s | train_loss=0.4493 | val AUROC=0.7730 AUPRC=0.8463 F1=0.7981 sens=0.9765 spec=0.2453 | thr=0.206 | lr=1.00e-03 | NEW BEST auprc=0.8463 (+0.0004) | elapsed=00:01 eta=00:02
04:11:57 | INFO    | Epoch   7/100 |   0.2s | train_loss=0.4441 | val AUROC=0.7791 AUPRC=0.8572 F1=0.8000 sens=0.9882 spec=0.2264 | thr=0.289 | lr=1.00e-03 | NEW BEST auprc=0.8572 (+0.0109) | elapsed=00:01 eta=00:03
04:11:57 | INFO    | Epoch   8/100 |   0.2s | train_loss=0.4428 | val AUROC=0.7807 AUPRC=0.8593 F1=0.8000 sens=0.9765 spec=0.2547 | thr=0.294 | lr=1.00e-03 | NEW BEST auprc=0.8593 (+0.0021) | elapsed=00:02 eta=00:03
04:11:58 | INFO    | Epoch   9/100 |   0.2s | train_loss=0.4371 | val AUROC=0.7948 AUPRC=0.8715 F1=0.7990 sens=0.9824 spec=0.2358 | thr=0.272 | lr=1.00e-03 | NEW BEST auprc=0.8715 (+0.0122) | elapsed=00:02 eta=00:03
04:11:58 | INFO    | Epoch  10/100 |   0.2s | train_loss=0.4322 | val AUROC=0.7716 AUPRC=0.8539 F1=0.8058 sens=0.9765 spec=0.2830 | thr=0.179 | lr=1.00e-03 | no improve (auprc=0.8539, best=0.8715, stale=1/12) | elapsed=00:02 eta=00:03
04:11:58 | INFO    | Epoch  11/100 |   0.2s | train_loss=0.4274 | val AUROC=0.7804 AUPRC=0.8544 F1=0.8058 sens=0.9765 spec=0.2830 | thr=0.265 | lr=1.00e-03 | no improve (auprc=0.8544, best=0.8715, stale=2/12) | elapsed=00:02 eta=00:03
04:11:58 | INFO    | Epoch  12/100 |   0.2s | train_loss=0.4209 | val AUROC=0.7852 AUPRC=0.8603 F1=0.8080 sens=0.9529 spec=0.3491 | thr=0.233 | lr=1.00e-03 | no improve (auprc=0.8603, best=0.8715, stale=3/12) | elapsed=00:03 eta=00:02
04:11:59 | INFO    | Epoch  13/100 |   0.2s | train_loss=0.4233 | val AUROC=0.8043 AUPRC=0.8734 F1=0.8069 sens=0.9588 spec=0.3302 | thr=0.208 | lr=1.00e-03 | NEW BEST auprc=0.8734 (+0.0020) | elapsed=00:03 eta=00:02
04:11:59 | INFO    | Epoch  14/100 |   0.2s | train_loss=0.4105 | val AUROC=0.7821 AUPRC=0.8535 F1=0.8072 sens=0.9235 spec=0.4151 | thr=0.338 | lr=1.00e-03 | no improve (auprc=0.8535, best=0.8734, stale=1/12) | elapsed=00:03 eta=00:03
04:11:59 | INFO    | Epoch  15/100 |   0.2s | train_loss=0.4133 | val AUROC=0.7871 AUPRC=0.8614 F1=0.7979 sens=0.8941 spec=0.4434 | thr=0.282 | lr=1.00e-03 | no improve (auprc=0.8614, best=0.8734, stale=2/12) | elapsed=00:03 eta=00:02
04:11:59 | INFO    | Epoch  16/100 |   0.2s | train_loss=0.4012 | val AUROC=0.7815 AUPRC=0.8604 F1=0.8030 sens=0.9353 spec=0.3679 | thr=0.328 | lr=1.00e-03 | no improve (auprc=0.8604, best=0.8734, stale=3/12) | elapsed=00:03 eta=00:02
04:12:00 | INFO    | Epoch  17/100 |   0.2s | train_loss=0.3984 | val AUROC=0.7700 AUPRC=0.8417 F1=0.8000 sens=0.9059 spec=0.4245 | thr=0.394 | lr=1.00e-03 | no improve (auprc=0.8417, best=0.8734, stale=4/12) | elapsed=00:04 eta=00:02
04:12:00 | INFO    | Epoch  18/100 |   0.2s | train_loss=0.3891 | val AUROC=0.8055 AUPRC=0.8737 F1=0.8150 sens=0.8941 spec=0.5189 | thr=0.291 | lr=1.00e-03 | NEW BEST auprc=0.8737 (+0.0002) | elapsed=00:04 eta=00:02
04:12:00 | INFO    | Epoch  19/100 |   0.2s | train_loss=0.3685 | val AUROC=0.7790 AUPRC=0.8563 F1=0.8142 sens=0.9412 spec=0.4057 | thr=0.198 | lr=1.00e-03 | no improve (auprc=0.8563, best=0.8737, stale=1/12) | elapsed=00:04 eta=00:03
04:12:00 | INFO    | Epoch  20/100 |   0.2s | train_loss=0.3521 | val AUROC=0.7746 AUPRC=0.8548 F1=0.7990 sens=0.9588 spec=0.2925 | thr=0.166 | lr=1.00e-03 | no improve (auprc=0.8548, best=0.8737, stale=2/12) | elapsed=00:04 eta=00:02
04:12:01 | INFO    | Epoch  21/100 |   0.2s | train_loss=0.3465 | val AUROC=0.7856 AUPRC=0.8649 F1=0.8108 sens=0.9706 spec=0.3208 | thr=0.128 | lr=1.00e-03 | no improve (auprc=0.8649, best=0.8737, stale=3/12) | elapsed=00:05 eta=00:02
04:12:01 | INFO    | Epoch  22/100 |   0.2s | train_loss=0.3364 | val AUROC=0.7702 AUPRC=0.8484 F1=0.7970 sens=0.9235 spec=0.3679 | thr=0.291 | lr=1.00e-03 | no improve (auprc=0.8484, best=0.8737, stale=4/12) | elapsed=00:05 eta=00:02
04:12:01 | INFO    | Epoch  23/100 |   0.2s | train_loss=0.3456 | val AUROC=0.7864 AUPRC=0.8529 F1=0.8051 sens=0.9235 spec=0.4057 | thr=0.229 | lr=1.00e-03 | no improve (auprc=0.8529, best=0.8737, stale=5/12) | elapsed=00:05 eta=00:02
04:12:01 | INFO    | Epoch  24/100 |   0.2s | train_loss=0.3169 | val AUROC=0.7738 AUPRC=0.8504 F1=0.8039 sens=0.9765 spec=0.2736 | thr=0.109 | lr=1.00e-03 | no improve (auprc=0.8504, best=0.8737, stale=6/12) | elapsed=00:05 eta=00:01
04:12:02 | INFO    | Epoch  25/100 |   0.2s | train_loss=0.3122 | val AUROC=0.7775 AUPRC=0.8541 F1=0.7909 sens=0.9235 spec=0.3396 | thr=0.134 | lr=5.00e-04 | no improve (auprc=0.8541, best=0.8737, stale=7/12) | elapsed=00:06 eta=00:01
04:12:02 | INFO    | Epoch  26/100 |   0.2s | train_loss=0.2902 | val AUROC=0.7770 AUPRC=0.8487 F1=0.7916 sens=0.9941 spec=0.1698 | thr=0.063 | lr=5.00e-04 | no improve (auprc=0.8487, best=0.8737, stale=8/12) | elapsed=00:06 eta=00:01
04:12:02 | INFO    | Epoch  27/100 |   0.2s | train_loss=0.2591 | val AUROC=0.7851 AUPRC=0.8594 F1=0.7962 sens=0.9765 spec=0.2358 | thr=0.074 | lr=5.00e-04 | no improve (auprc=0.8594, best=0.8737, stale=9/12) | elapsed=00:06 eta=00:01
04:12:02 | INFO    | Epoch  28/100 |   0.2s | train_loss=0.2469 | val AUROC=0.7912 AUPRC=0.8628 F1=0.8043 sens=0.8706 spec=0.5283 | thr=0.349 | lr=5.00e-04 | no improve (auprc=0.8628, best=0.8737, stale=10/12) | elapsed=00:06 eta=00:00
04:12:02 | INFO    | Epoch  29/100 |   0.2s | train_loss=0.2360 | val AUROC=0.8022 AUPRC=0.8685 F1=0.8045 sens=0.8471 spec=0.5849 | thr=0.455 | lr=5.00e-04 | no improve (auprc=0.8685, best=0.8737, stale=11/12) | elapsed=00:07 eta=00:00
04:12:03 | INFO    | Epoch  30/100 |   0.2s | train_loss=0.2365 | val AUROC=0.7918 AUPRC=0.8692 F1=0.8127 sens=0.9059 spec=0.4811 | thr=0.289 | lr=5.00e-04 | no improve (auprc=0.8692, best=0.8737, stale=12/12) | elapsed=00:07 eta=00:00
04:12:03 | INFO    | Early stopping at epoch 30 (no improvement for 12 epochs; best was epoch 18, auprc=0.8737)
04:12:03 | INFO    | Training summary: epochs_run=30 | best_epoch=18 | best_auprc=0.8737 | total_time=00:07 | avg_epoch=0.24s
04:12:03 | INFO    | Final eval: running validation and test passes with best checkpoint ...
04:12:03 | INFO    | Final test  | AUROC=0.7356 AUPRC=0.8380 F1=0.7541 sens=0.8118 spec=0.4528 bal_acc=0.6323 thr=0.291
04:12:03 | INFO    | Final val   | AUROC=0.8055 AUPRC=0.8737 F1=0.8150 sens=0.8941 spec=0.5189
04:12:05 | INFO    |   -> h24__values_masks | test AUROC=0.7356 AUPRC=0.8380 F1=0.7541 sens=0.8118 spec=0.4528 thr=0.291 | trained_in=00:07
04:12:05 | INFO    |   progress | done=11/12 | elapsed=01:39 | avg/exp=00:09 | eta=00:09
04:12:05 | INFO    | [12/12] Starting h24__full | elapsed=01:39 | eta=00:09
04:12:05 | INFO    | ------------------------------------------------------------------------------
04:12:05 | INFO    | Experiment: horizon=24h | channel_set=full
04:12:05 | INFO    | Device     : cuda
04:12:05 | INFO    | Input      : (T=24, C=18) | train=(2205, 24, 18) val=(276, 24, 18) test=(276, 24, 18)
04:12:05 | INFO    | Class bal  : train pos=1,359 neg=846 (pos_frac=0.616) | val pos=170 neg=106 | test pos=170 neg=106
04:12:05 | INFO    | Loss       : BCE | pos_weight=0.623 | sampler=off
04:12:05 | INFO    | Optim      : AdamW lr=1.00e-03 wd=1.00e-04 | grad_clip=1.00
04:12:05 | INFO    | Schedule   : ReduceLROnPlateau (monitor=auprc, factor=0.5, patience=6)
04:12:05 | INFO    | Stopping   : early_stop_patience=12 | epochs<=100
04:12:05 | INFO    | Model      : params=517,570 | conv=(64, 128) | kernels=(3, 5) | dilations=(1, 2) | lstm=2x96 | head=96 | dropout=0.30
04:12:05 | INFO    | Train      : batch_size=64 | batches/epoch=35
04:12:05 | INFO    | ------------------------------------------------------------------------------
04:12:06 | INFO    | Epoch   1/100 |   0.3s | train_loss=0.4881 | val AUROC=0.7481 AUPRC=0.8238 F1=0.8000 sens=0.9294 spec=0.3679 | thr=0.276 | lr=1.00e-03 | NEW BEST auprc=0.8238 | elapsed=00:00 eta=00:03
04:12:06 | INFO    | Epoch   2/100 |   0.2s | train_loss=0.4585 | val AUROC=0.7756 AUPRC=0.8448 F1=0.8073 sens=0.9118 spec=0.4434 | thr=0.442 | lr=1.00e-03 | NEW BEST auprc=0.8448 (+0.0210) | elapsed=00:00 eta=00:03
04:12:06 | INFO    | Epoch   3/100 |   0.2s | train_loss=0.4529 | val AUROC=0.7695 AUPRC=0.8472 F1=0.8068 sens=0.9824 spec=0.2736 | thr=0.199 | lr=1.00e-03 | NEW BEST auprc=0.8472 (+0.0024) | elapsed=00:00 eta=00:03
04:12:06 | INFO    | Epoch   4/100 |   0.2s | train_loss=0.4511 | val AUROC=0.7751 AUPRC=0.8513 F1=0.8069 sens=0.9588 spec=0.3302 | thr=0.172 | lr=1.00e-03 | NEW BEST auprc=0.8513 (+0.0041) | elapsed=00:00 eta=00:03
04:12:07 | INFO    | Epoch   5/100 |   0.2s | train_loss=0.4439 | val AUROC=0.7784 AUPRC=0.8537 F1=0.8048 sens=0.9824 spec=0.2642 | thr=0.236 | lr=1.00e-03 | NEW BEST auprc=0.8537 (+0.0024) | elapsed=00:01 eta=00:03
04:12:07 | INFO    | Epoch   6/100 |   0.2s | train_loss=0.4434 | val AUROC=0.7814 AUPRC=0.8581 F1=0.8060 sens=0.9529 spec=0.3396 | thr=0.223 | lr=1.00e-03 | NEW BEST auprc=0.8581 (+0.0044) | elapsed=00:01 eta=00:03
04:12:07 | INFO    | Epoch   7/100 |   0.2s | train_loss=0.4379 | val AUROC=0.7877 AUPRC=0.8706 F1=0.8087 sens=0.9824 spec=0.2830 | thr=0.141 | lr=1.00e-03 | NEW BEST auprc=0.8706 (+0.0125) | elapsed=00:01 eta=00:03
04:12:07 | INFO    | Epoch   8/100 |   0.2s | train_loss=0.4300 | val AUROC=0.7777 AUPRC=0.8548 F1=0.8077 sens=0.9882 spec=0.2642 | thr=0.246 | lr=1.00e-03 | no improve (auprc=0.8548, best=0.8706, stale=1/12) | elapsed=00:01 eta=00:03
04:12:08 | INFO    | Epoch   9/100 |   0.2s | train_loss=0.4266 | val AUROC=0.7911 AUPRC=0.8612 F1=0.8107 sens=0.9824 spec=0.2925 | thr=0.284 | lr=1.00e-03 | no improve (auprc=0.8612, best=0.8706, stale=2/12) | elapsed=00:02 eta=00:02
04:12:08 | INFO    | Epoch  10/100 |   0.2s | train_loss=0.4282 | val AUROC=0.7874 AUPRC=0.8605 F1=0.8051 sens=0.9353 spec=0.3774 | thr=0.335 | lr=1.00e-03 | no improve (auprc=0.8605, best=0.8706, stale=3/12) | elapsed=00:02 eta=00:02
04:12:08 | INFO    | Epoch  11/100 |   0.2s | train_loss=0.4263 | val AUROC=0.7879 AUPRC=0.8619 F1=0.8116 sens=0.9882 spec=0.2830 | thr=0.130 | lr=1.00e-03 | no improve (auprc=0.8619, best=0.8706, stale=4/12) | elapsed=00:02 eta=00:02
04:12:08 | INFO    | Epoch  12/100 |   0.2s | train_loss=0.4194 | val AUROC=0.7864 AUPRC=0.8484 F1=0.8117 sens=0.9765 spec=0.3113 | thr=0.304 | lr=1.00e-03 | no improve (auprc=0.8484, best=0.8706, stale=5/12) | elapsed=00:02 eta=00:02
04:12:08 | INFO    | Epoch  13/100 |   0.2s | train_loss=0.4031 | val AUROC=0.8001 AUPRC=0.8749 F1=0.8096 sens=0.9882 spec=0.2736 | thr=0.224 | lr=1.00e-03 | NEW BEST auprc=0.8749 (+0.0043) | elapsed=00:03 eta=00:01
04:12:09 | INFO    | Epoch  14/100 |   0.2s | train_loss=0.4048 | val AUROC=0.7883 AUPRC=0.8696 F1=0.8059 sens=0.9647 spec=0.3113 | thr=0.222 | lr=1.00e-03 | no improve (auprc=0.8696, best=0.8749, stale=1/12) | elapsed=00:03 eta=00:03
04:12:09 | INFO    | Epoch  15/100 |   0.2s | train_loss=0.4043 | val AUROC=0.7636 AUPRC=0.8571 F1=0.7970 sens=0.9471 spec=0.3113 | thr=0.281 | lr=1.00e-03 | no improve (auprc=0.8571, best=0.8749, stale=2/12) | elapsed=00:03 eta=00:02
04:12:09 | INFO    | Epoch  16/100 |   0.2s | train_loss=0.3972 | val AUROC=0.7736 AUPRC=0.8584 F1=0.8069 sens=0.9588 spec=0.3302 | thr=0.229 | lr=1.00e-03 | no improve (auprc=0.8584, best=0.8749, stale=3/12) | elapsed=00:03 eta=00:02
04:12:09 | INFO    | Epoch  17/100 |   0.2s | train_loss=0.3876 | val AUROC=0.7699 AUPRC=0.8586 F1=0.8059 sens=0.9647 spec=0.3113 | thr=0.211 | lr=1.00e-03 | no improve (auprc=0.8586, best=0.8749, stale=4/12) | elapsed=00:04 eta=00:02
04:12:10 | INFO    | Epoch  18/100 |   0.2s | train_loss=0.3799 | val AUROC=0.7946 AUPRC=0.8727 F1=0.8089 sens=0.9588 spec=0.3396 | thr=0.291 | lr=1.00e-03 | no improve (auprc=0.8727, best=0.8749, stale=5/12) | elapsed=00:04 eta=00:02
04:12:10 | INFO    | Epoch  19/100 |   0.2s | train_loss=0.3699 | val AUROC=0.7714 AUPRC=0.8453 F1=0.8078 sens=0.9765 spec=0.2925 | thr=0.171 | lr=1.00e-03 | no improve (auprc=0.8453, best=0.8749, stale=6/12) | elapsed=00:04 eta=00:01
04:12:10 | INFO    | Epoch  20/100 |   0.2s | train_loss=0.3558 | val AUROC=0.7900 AUPRC=0.8515 F1=0.8200 sens=0.9647 spec=0.3774 | thr=0.206 | lr=5.00e-04 | no improve (auprc=0.8515, best=0.8749, stale=7/12) | elapsed=00:04 eta=00:01
04:12:10 | INFO    | Epoch  21/100 |   0.2s | train_loss=0.3483 | val AUROC=0.7748 AUPRC=0.8504 F1=0.8083 sens=0.9176 spec=0.4340 | thr=0.304 | lr=5.00e-04 | no improve (auprc=0.8504, best=0.8749, stale=8/12) | elapsed=00:05 eta=00:01
04:12:11 | INFO    | Epoch  22/100 |   0.2s | train_loss=0.3211 | val AUROC=0.7782 AUPRC=0.8528 F1=0.8039 sens=0.9647 spec=0.3019 | thr=0.162 | lr=5.00e-04 | no improve (auprc=0.8528, best=0.8749, stale=9/12) | elapsed=00:05 eta=00:01
04:12:11 | INFO    | Epoch  23/100 |   0.2s | train_loss=0.3059 | val AUROC=0.7643 AUPRC=0.8353 F1=0.8021 sens=0.9059 spec=0.4340 | thr=0.277 | lr=5.00e-04 | no improve (auprc=0.8353, best=0.8749, stale=10/12) | elapsed=00:05 eta=00:00
04:12:11 | INFO    | Epoch  24/100 |   0.2s | train_loss=0.2973 | val AUROC=0.7655 AUPRC=0.8380 F1=0.8083 sens=0.9176 spec=0.4340 | thr=0.272 | lr=5.00e-04 | no improve (auprc=0.8380, best=0.8749, stale=11/12) | elapsed=00:05 eta=00:00
04:12:11 | INFO    | Epoch  25/100 |   0.2s | train_loss=0.3003 | val AUROC=0.7631 AUPRC=0.8387 F1=0.7970 sens=0.9471 spec=0.3113 | thr=0.153 | lr=5.00e-04 | no improve (auprc=0.8387, best=0.8749, stale=12/12) | elapsed=00:05 eta=00:00
04:12:11 | INFO    | Early stopping at epoch 25 (no improvement for 12 epochs; best was epoch 13, auprc=0.8749)
04:12:11 | INFO    | Training summary: epochs_run=25 | best_epoch=13 | best_auprc=0.8749 | total_time=00:05 | avg_epoch=0.24s
04:12:11 | INFO    | Final eval: running validation and test passes with best checkpoint ...
04:12:11 | INFO    | Final test  | AUROC=0.7838 AUPRC=0.8671 F1=0.7912 sens=0.9471 spec=0.2830 bal_acc=0.6150 thr=0.224
04:12:11 | INFO    | Final val   | AUROC=0.8001 AUPRC=0.8749 F1=0.8096 sens=0.9882 spec=0.2736
04:12:14 | INFO    |   -> h24__full | test AUROC=0.7838 AUPRC=0.8671 F1=0.7912 sens=0.9471 spec=0.2830 thr=0.224 | trained_in=00:05
04:12:14 | INFO    |   progress | done=12/12 | elapsed=01:48 | avg/exp=00:09 | eta=00:00
04:12:14 | INFO    | Saved cross-experiment summary with 12 rows
04:12:16 | INFO    | Saved cross-experiment plots to results/cnn_bdlstm/plots
04:12:16 | INFO    | ==============================================================================
04:12:16 | INFO    | Top 5 by test AUPRC:
04:12:16 | INFO    |   h=24 | full         | AUROC=0.784 AUPRC=0.867 F1=0.791 sens=0.947 spec=0.283 | epochs=25 | params=517,570
04:12:16 | INFO    |   h=18 | full         | AUROC=0.769 AUPRC=0.854 F1=0.799 sens=0.971 spec=0.264 | epochs=28 | params=517,570
04:12:16 | INFO    |   h= 6 | full         | AUROC=0.759 AUPRC=0.841 F1=0.766 sens=0.924 spec=0.217 | epochs=19 | params=517,570
04:12:16 | INFO    |   h=24 | values_masks | AUROC=0.736 AUPRC=0.838 F1=0.754 sens=0.812 spec=0.453 | epochs=30 | params=515,522
04:12:16 | INFO    |   h=24 | values       | AUROC=0.739 AUPRC=0.833 F1=0.771 sens=0.853 spec=0.425 | epochs=26 | params=514,242
04:12:16 | INFO    | ==============================================================================
04:12:16 | INFO    | Done. Total wall-clock time: 01:50
